This file contains any messages produced by compilers while
running configure, to aid debugging if configure makes a mistake.

It was created by gocr configure 0.50, which was
generated by GNU Autoconf 2.59.  Invocation command line was

  $ ./configure 

## --------- ##
## Platform. ##
## --------- ##

hostname = codespaces-762c10
uname -m = x86_64
uname -r = 6.8.0-1026-azure
uname -s = Linux
uname -v = #31~22.04.1-Ubuntu SMP Thu Mar 20 04:12:50 UTC 2025

/usr/bin/uname -p = x86_64
/bin/uname -X     = unknown

/bin/arch              = x86_64
/usr/bin/arch -k       = unknown
/usr/convex/getsysinfo = unknown
hostinfo               = unknown
/bin/machine           = unknown
/usr/bin/oslevel       = unknown
/bin/universe          = unknown

PATH: /usr/local/rvm/gems/ruby-3.3.4/bin
PATH: /usr/local/rvm/gems/ruby-3.3.4@global/bin
PATH: /usr/local/rvm/rubies/ruby-3.3.4/bin
PATH: /vscode/bin/linux-x64/17baf841131aa23349f217ca7c570c76ee87b957/bin/remote-cli
PATH: /home/codespace/.local/bin
PATH: /home/codespace/.dotnet
PATH: /home/codespace/nvm/current/bin
PATH: /home/codespace/.php/current/bin
PATH: /home/codespace/.python/current/bin
PATH: /home/codespace/java/current/bin
PATH: /home/codespace/.ruby/current/bin
PATH: /home/codespace/.local/bin
PATH: /usr/local/python/current/bin
PATH: /usr/local/py-utils/bin
PATH: /usr/local/jupyter
PATH: /usr/local/oryx
PATH: /usr/local/go/bin
PATH: /go/bin
PATH: /usr/local/sdkman/bin
PATH: /usr/local/sdkman/candidates/java/current/bin
PATH: /usr/local/sdkman/candidates/gradle/current/bin
PATH: /usr/local/sdkman/candidates/maven/current/bin
PATH: /usr/local/sdkman/candidates/ant/current/bin
PATH: /usr/local/rvm/gems/default/bin
PATH: /usr/local/rvm/gems/default@global/bin
PATH: /usr/local/rvm/rubies/default/bin
PATH: /usr/local/share/rbenv/bin
PATH: /usr/local/php/current/bin
PATH: /opt/conda/bin
PATH: /usr/local/nvs
PATH: /usr/local/share/nvm/versions/node/v20.19.0/bin
PATH: /usr/local/hugo/bin
PATH: /usr/local/sbin
PATH: /usr/local/bin
PATH: /usr/sbin
PATH: /usr/bin
PATH: /sbin
PATH: /bin
PATH: /usr/share/dotnet
PATH: /home/codespace/.dotnet/tools
PATH: /usr/local/rvm/bin


## ----------- ##
## Core tests. ##
## ----------- ##

configure:1352: checking for gcc
configure:1368: found /usr/bin/gcc
configure:1378: result: gcc
configure:1622: checking for C compiler version
configure:1625: gcc --version </dev/null >&5
gcc (Ubuntu 9.4.0-1ubuntu1~20.04.2) 9.4.0
Copyright (C) 2019 Free Software Foundation, Inc.
This is free software; see the source for copying conditions.  There is NO
warranty; not even for MERCHANTABILITY or FITNESS FOR A PARTICULAR PURPOSE.

configure:1628: $? = 0
configure:1630: gcc -v </dev/null >&5
Using built-in specs.
COLLECT_GCC=gcc
COLLECT_LTO_WRAPPER=/usr/lib/gcc/x86_64-linux-gnu/9/lto-wrapper
OFFLOAD_TARGET_NAMES=nvptx-none:hsa
OFFLOAD_TARGET_DEFAULT=1
Target: x86_64-linux-gnu
Configured with: ../src/configure -v --with-pkgversion='Ubuntu 9.4.0-1ubuntu1~20.04.2' --with-bugurl=file:///usr/share/doc/gcc-9/README.Bugs --enable-languages=c,ada,c++,go,brig,d,fortran,objc,obj-c++,gm2 --prefix=/usr --with-gcc-major-version-only --program-suffix=-9 --program-prefix=x86_64-linux-gnu- --enable-shared --enable-linker-build-id --libexecdir=/usr/lib --without-included-gettext --enable-threads=posix --libdir=/usr/lib --enable-nls --enable-clocale=gnu --enable-libstdcxx-debug --enable-libstdcxx-time=yes --with-default-libstdcxx-abi=new --enable-gnu-unique-object --disable-vtable-verify --enable-plugin --enable-default-pie --with-system-zlib --with-target-system-zlib=auto --enable-objc-gc=auto --enable-multiarch --disable-werror --with-arch-32=i686 --with-abi=m64 --with-multilib-list=m32,m64,mx32 --enable-multilib --with-tune=generic --enable-offload-targets=nvptx-none=/build/gcc-9-9QDOt0/gcc-9-9.4.0/debian/tmp-nvptx/usr,hsa --without-cuda-driver --enable-checking=release --build=x86_64-linux-gnu --host=x86_64-linux-gnu --target=x86_64-linux-gnu
Thread model: posix
gcc version 9.4.0 (Ubuntu 9.4.0-1ubuntu1~20.04.2) 
configure:1633: $? = 0
configure:1635: gcc -V </dev/null >&5
gcc: error: unrecognized command line option '-V'
gcc: fatal error: no input files
compilation terminated.
configure:1638: $? = 1
configure:1661: checking for C compiler default output file name
configure:1664: gcc    conftest.c  >&5
configure:1667: $? = 0
configure:1713: result: a.out
configure:1718: checking whether the C compiler works
configure:1724: ./a.out
configure:1727: $? = 0
configure:1744: result: yes
configure:1751: checking whether we are cross compiling
configure:1753: result: no
configure:1756: checking for suffix of executables
configure:1758: gcc -o conftest    conftest.c  >&5
configure:1761: $? = 0
configure:1786: result: 
configure:1792: checking for suffix of object files
configure:1813: gcc -c   conftest.c >&5
configure:1816: $? = 0
configure:1838: result: o
configure:1842: checking whether we are using the GNU C compiler
configure:1866: gcc -c   conftest.c >&5
configure:1872: $? = 0
configure:1876: test -z 
			 || test ! -s conftest.err
configure:1879: $? = 0
configure:1882: test -s conftest.o
configure:1885: $? = 0
configure:1898: result: yes
configure:1904: checking whether gcc accepts -g
configure:1925: gcc -c -g  conftest.c >&5
configure:1931: $? = 0
configure:1935: test -z 
			 || test ! -s conftest.err
configure:1938: $? = 0
configure:1941: test -s conftest.o
configure:1944: $? = 0
configure:1955: result: yes
configure:1972: checking for gcc option to accept ANSI C
configure:2042: gcc  -c -g -O2  conftest.c >&5
configure:2048: $? = 0
configure:2052: test -z 
			 || test ! -s conftest.err
configure:2055: $? = 0
configure:2058: test -s conftest.o
configure:2061: $? = 0
configure:2079: result: none needed
configure:2097: gcc -c -g -O2  conftest.c >&5
conftest.c:2:3: error: unknown type name 'choke'
    2 |   choke me
      |   ^~~~~
conftest.c:2:3: error: expected '=', ',', ';', 'asm' or '__attribute__' at end of input
configure:2103: $? = 1
configure: failed program was:
| #ifndef __cplusplus
|   choke me
| #endif
configure:2274: checking for a BSD-compatible install
configure:2329: result: /usr/bin/install -c
configure:2340: checking whether make sets $(MAKE)
configure:2360: result: yes
configure:2398: checking for library containing pnm_readpnminit
configure:2428: gcc -o conftest -g -O2  -lm  conftest.c  >&5
/usr/bin/ld: /tmp/cccnWtY3.o: in function `main':
/workspaces/osra-build/gocr-0.50pre-patched-2/conftest.c:20: undefined reference to `pnm_readpnminit'
collect2: error: ld returned 1 exit status
configure:2434: $? = 1
configure: failed program was:
| /* confdefs.h.  */
| 
| #define PACKAGE_NAME "gocr"
| #define PACKAGE_TARNAME "gocr"
| #define PACKAGE_VERSION "0.50"
| #define PACKAGE_STRING "gocr 0.50"
| #define PACKAGE_BUGREPORT ""
| /* end confdefs.h.  */
| 
| /* Override any gcc2 internal prototype to avoid an error.  */
| #ifdef __cplusplus
| extern "C"
| #endif
| /* We use char because int might match the return type of a gcc2
|    builtin and then its argument prototype would still apply.  */
| char pnm_readpnminit ();
| int
| main ()
| {
| pnm_readpnminit ();
|   ;
|   return 0;
| }
configure:2483: gcc -o conftest -g -O2  -lm  conftest.c -lnetpbm   >&5
/usr/bin/ld: cannot find -lnetpbm
collect2: error: ld returned 1 exit status
configure:2489: $? = 1
configure: failed program was:
| /* confdefs.h.  */
| 
| #define PACKAGE_NAME "gocr"
| #define PACKAGE_TARNAME "gocr"
| #define PACKAGE_VERSION "0.50"
| #define PACKAGE_STRING "gocr 0.50"
| #define PACKAGE_BUGREPORT ""
| /* end confdefs.h.  */
| 
| /* Override any gcc2 internal prototype to avoid an error.  */
| #ifdef __cplusplus
| extern "C"
| #endif
| /* We use char because int might match the return type of a gcc2
|    builtin and then its argument prototype would still apply.  */
| char pnm_readpnminit ();
| int
| main ()
| {
| pnm_readpnminit ();
|   ;
|   return 0;
| }
configure:2483: gcc -o conftest -g -O2  -lm  conftest.c -lpnm   >&5
/usr/bin/ld: cannot find -lpnm
collect2: error: ld returned 1 exit status
configure:2489: $? = 1
configure: failed program was:
| /* confdefs.h.  */
| 
| #define PACKAGE_NAME "gocr"
| #define PACKAGE_TARNAME "gocr"
| #define PACKAGE_VERSION "0.50"
| #define PACKAGE_STRING "gocr 0.50"
| #define PACKAGE_BUGREPORT ""
| /* end confdefs.h.  */
| 
| /* Override any gcc2 internal prototype to avoid an error.  */
| #ifdef __cplusplus
| extern "C"
| #endif
| /* We use char because int might match the return type of a gcc2
|    builtin and then its argument prototype would still apply.  */
| char pnm_readpnminit ();
| int
| main ()
| {
| pnm_readpnminit ();
|   ;
|   return 0;
| }
configure:2517: result: no
configure:2533: checking how to run the C preprocessor
configure:2568: gcc -E  conftest.c
configure:2574: $? = 0
configure:2606: gcc -E  conftest.c
conftest.c:9:10: fatal error: ac_nonexistent.h: No such file or directory
    9 | #include <ac_nonexistent.h>
      |          ^~~~~~~~~~~~~~~~~~
compilation terminated.
configure:2612: $? = 1
configure: failed program was:
| /* confdefs.h.  */
| 
| #define PACKAGE_NAME "gocr"
| #define PACKAGE_TARNAME "gocr"
| #define PACKAGE_VERSION "0.50"
| #define PACKAGE_STRING "gocr 0.50"
| #define PACKAGE_BUGREPORT ""
| /* end confdefs.h.  */
| #include <ac_nonexistent.h>
configure:2651: result: gcc -E
configure:2675: gcc -E  conftest.c
configure:2681: $? = 0
configure:2713: gcc -E  conftest.c
conftest.c:9:10: fatal error: ac_nonexistent.h: No such file or directory
    9 | #include <ac_nonexistent.h>
      |          ^~~~~~~~~~~~~~~~~~
compilation terminated.
configure:2719: $? = 1
configure: failed program was:
| /* confdefs.h.  */
| 
| #define PACKAGE_NAME "gocr"
| #define PACKAGE_TARNAME "gocr"
| #define PACKAGE_VERSION "0.50"
| #define PACKAGE_STRING "gocr 0.50"
| #define PACKAGE_BUGREPORT ""
| /* end confdefs.h.  */
| #include <ac_nonexistent.h>
configure:2763: checking for egrep
configure:2773: result: grep -E
configure:2778: checking for ANSI C header files
configure:2803: gcc -c -g -O2  conftest.c >&5
configure:2809: $? = 0
configure:2813: test -z 
			 || test ! -s conftest.err
configure:2816: $? = 0
configure:2819: test -s conftest.o
configure:2822: $? = 0
configure:2911: gcc -o conftest -g -O2  -lm  conftest.c  >&5
conftest.c: In function 'main':
conftest.c:26:7: warning: implicit declaration of function 'exit' [-Wimplicit-function-declaration]
   26 |       exit(2);
      |       ^~~~
conftest.c:26:7: warning: incompatible implicit declaration of built-in function 'exit'
conftest.c:10:1: note: include '<stdlib.h>' or provide a declaration of 'exit'
    9 | #include <ctype.h>
  +++ |+#include <stdlib.h>
   10 | #if ((' ' & 0x0FF) == 0x020)
conftest.c:27:3: warning: incompatible implicit declaration of built-in function 'exit'
   27 |   exit (0);
      |   ^~~~
conftest.c:27:3: note: include '<stdlib.h>' or provide a declaration of 'exit'
configure:2914: $? = 0
configure:2916: ./conftest
configure:2919: $? = 0
configure:2934: result: yes
configure:2958: checking for sys/types.h
configure:2974: gcc -c -g -O2  conftest.c >&5
configure:2980: $? = 0
configure:2984: test -z 
			 || test ! -s conftest.err
configure:2987: $? = 0
configure:2990: test -s conftest.o
configure:2993: $? = 0
configure:3004: result: yes
configure:2958: checking for sys/stat.h
configure:2974: gcc -c -g -O2  conftest.c >&5
configure:2980: $? = 0
configure:2984: test -z 
			 || test ! -s conftest.err
configure:2987: $? = 0
configure:2990: test -s conftest.o
configure:2993: $? = 0
configure:3004: result: yes
configure:2958: checking for stdlib.h
configure:2974: gcc -c -g -O2  conftest.c >&5
configure:2980: $? = 0
configure:2984: test -z 
			 || test ! -s conftest.err
configure:2987: $? = 0
configure:2990: test -s conftest.o
configure:2993: $? = 0
configure:3004: result: yes
configure:2958: checking for string.h
configure:2974: gcc -c -g -O2  conftest.c >&5
configure:2980: $? = 0
configure:2984: test -z 
			 || test ! -s conftest.err
configure:2987: $? = 0
configure:2990: test -s conftest.o
configure:2993: $? = 0
configure:3004: result: yes
configure:2958: checking for memory.h
configure:2974: gcc -c -g -O2  conftest.c >&5
configure:2980: $? = 0
configure:2984: test -z 
			 || test ! -s conftest.err
configure:2987: $? = 0
configure:2990: test -s conftest.o
configure:2993: $? = 0
configure:3004: result: yes
configure:2958: checking for strings.h
configure:2974: gcc -c -g -O2  conftest.c >&5
configure:2980: $? = 0
configure:2984: test -z 
			 || test ! -s conftest.err
configure:2987: $? = 0
configure:2990: test -s conftest.o
configure:2993: $? = 0
configure:3004: result: yes
configure:2958: checking for inttypes.h
configure:2974: gcc -c -g -O2  conftest.c >&5
configure:2980: $? = 0
configure:2984: test -z 
			 || test ! -s conftest.err
configure:2987: $? = 0
configure:2990: test -s conftest.o
configure:2993: $? = 0
configure:3004: result: yes
configure:2958: checking for stdint.h
configure:2974: gcc -c -g -O2  conftest.c >&5
configure:2980: $? = 0
configure:2984: test -z 
			 || test ! -s conftest.err
configure:2987: $? = 0
configure:2990: test -s conftest.o
configure:2993: $? = 0
configure:3004: result: yes
configure:2958: checking for unistd.h
configure:2974: gcc -c -g -O2  conftest.c >&5
configure:2980: $? = 0
configure:2984: test -z 
			 || test ! -s conftest.err
configure:2987: $? = 0
configure:2990: test -s conftest.o
configure:2993: $? = 0
configure:3004: result: yes
configure:3023: checking for unistd.h
configure:3028: result: yes
configure:3032: checking wchar.h usability
configure:3044: gcc -c -g -O2  conftest.c >&5
configure:3050: $? = 0
configure:3054: test -z 
			 || test ! -s conftest.err
configure:3057: $? = 0
configure:3060: test -s conftest.o
configure:3063: $? = 0
configure:3073: result: yes
configure:3077: checking wchar.h presence
configure:3087: gcc -E  conftest.c
configure:3093: $? = 0
configure:3113: result: yes
configure:3148: checking for wchar.h
configure:3155: result: yes
configure:3169: checking for an ANSI C-conforming const
configure:3236: gcc -c -g -O2  conftest.c >&5
configure:3242: $? = 0
configure:3246: test -z 
			 || test ! -s conftest.err
configure:3249: $? = 0
configure:3252: test -s conftest.o
configure:3255: $? = 0
configure:3266: result: yes
configure:3277: checking for function prototypes
configure:3280: result: yes
configure:3297: checking whether setvbuf arguments are reversed
configure:3322: gcc -o conftest -g -O2  -lm  conftest.c  >&5
conftest.c:25:10: error: conflicting types for 'setvbuf'
   25 |     int (setvbuf) (FILE *, int, char *, size_t);
      |          ^~~~~~~
In file included from conftest.c:23:
/usr/include/stdio.h:308:12: note: previous declaration of 'setvbuf' was here
  308 | extern int setvbuf (FILE *__restrict __stream, char *__restrict __buf,
      |            ^~~~~~~
configure:3328: $? = 1
configure: failed program was:
| /* confdefs.h.  */
| 
| #define PACKAGE_NAME "gocr"
| #define PACKAGE_TARNAME "gocr"
| #define PACKAGE_VERSION "0.50"
| #define PACKAGE_STRING "gocr 0.50"
| #define PACKAGE_BUGREPORT ""
| #define STDC_HEADERS 1
| #define HAVE_SYS_TYPES_H 1
| #define HAVE_SYS_STAT_H 1
| #define HAVE_STDLIB_H 1
| #define HAVE_STRING_H 1
| #define HAVE_MEMORY_H 1
| #define HAVE_STRINGS_H 1
| #define HAVE_INTTYPES_H 1
| #define HAVE_STDINT_H 1
| #define HAVE_UNISTD_H 1
| #define HAVE_UNISTD_H 1
| #define HAVE_WCHAR_H 1
| #define PROTOTYPES 1
| #define __PROTOTYPES 1
| /* end confdefs.h.  */
| #include <stdio.h>
| #	  if PROTOTYPES
| 	   int (setvbuf) (FILE *, int, char *, size_t);
| #	  endif
| int
| main ()
| {
| char buf; return setvbuf (stdout, _IOLBF, &buf, 1);
|   ;
|   return 0;
| }
configure:3449: result: no
configure:3466: checking for wcschr
configure:3523: gcc -o conftest -g -O2  -lm  conftest.c  >&5
configure:3529: $? = 0
configure:3533: test -z 
			 || test ! -s conftest.err
configure:3536: $? = 0
configure:3539: test -s conftest
configure:3542: $? = 0
configure:3554: result: yes
configure:3466: checking for wcsdup
configure:3523: gcc -o conftest -g -O2  -lm  conftest.c  >&5
configure:3529: $? = 0
configure:3533: test -z 
			 || test ! -s conftest.err
configure:3536: $? = 0
configure:3539: test -s conftest
configure:3542: $? = 0
configure:3554: result: yes
configure:3466: checking for gettimeofday
configure:3523: gcc -o conftest -g -O2  -lm  conftest.c  >&5
configure:3529: $? = 0
configure:3533: test -z 
			 || test ! -s conftest.err
configure:3536: $? = 0
configure:3539: test -s conftest
configure:3542: $? = 0
configure:3554: result: yes
configure:3466: checking for popen
configure:3523: gcc -o conftest -g -O2  -lm  conftest.c  >&5
configure:3529: $? = 0
configure:3533: test -z 
			 || test ! -s conftest.err
configure:3536: $? = 0
configure:3539: test -s conftest
configure:3542: $? = 0
configure:3554: result: yes
configure:3663: creating ./config.status

## ---------------------- ##
## Running config.status. ##
## ---------------------- ##

This file was extended by gocr config.status 0.50, which was
generated by GNU Autoconf 2.59.  Invocation command line was

  CONFIG_FILES    = 
  CONFIG_HEADERS  = 
  CONFIG_LINKS    = 
  CONFIG_COMMANDS = 
  $ ./config.status 

on codespaces-762c10

config.status:639: creating Makefile
config.status:639: creating src/Makefile
config.status:639: creating doc/Makefile
config.status:639: creating man/Makefile
config.status:743: creating include/config.h
config.status:859: include/config.h is unchanged

## ---------------- ##
## Cache variables. ##
## ---------------- ##

ac_cv_c_compiler_gnu=yes
ac_cv_c_const=yes
ac_cv_env_CC_set=
ac_cv_env_CC_value=
ac_cv_env_CFLAGS_set=
ac_cv_env_CFLAGS_value=
ac_cv_env_CPPFLAGS_set=
ac_cv_env_CPPFLAGS_value=
ac_cv_env_CPP_set=
ac_cv_env_CPP_value=
ac_cv_env_LDFLAGS_set=
ac_cv_env_LDFLAGS_value=
ac_cv_env_build_alias_set=
ac_cv_env_build_alias_value=
ac_cv_env_host_alias_set=
ac_cv_env_host_alias_value=
ac_cv_env_target_alias_set=
ac_cv_env_target_alias_value=
ac_cv_exeext=
ac_cv_func_gettimeofday=yes
ac_cv_func_popen=yes
ac_cv_func_setvbuf_reversed=no
ac_cv_func_wcschr=yes
ac_cv_func_wcsdup=yes
ac_cv_header_inttypes_h=yes
ac_cv_header_memory_h=yes
ac_cv_header_stdc=yes
ac_cv_header_stdint_h=yes
ac_cv_header_stdlib_h=yes
ac_cv_header_string_h=yes
ac_cv_header_strings_h=yes
ac_cv_header_sys_stat_h=yes
ac_cv_header_sys_types_h=yes
ac_cv_header_unistd_h=yes
ac_cv_header_wchar_h=yes
ac_cv_objext=o
ac_cv_path_install='/usr/bin/install -c'
ac_cv_prog_CPP='gcc -E'
ac_cv_prog_ac_ct_CC=gcc
ac_cv_prog_cc_g=yes
ac_cv_prog_cc_stdc=
ac_cv_prog_egrep='grep -E'
ac_cv_prog_make_make_set=yes
ac_cv_search_pnm_readpnminit=no

## ----------------- ##
## Output variables. ##
## ----------------- ##

CC='gcc'
CFLAGS='-g -O2'
CPP='gcc -E'
CPPFLAGS=''
DEFS='-DHAVE_CONFIG_H'
ECHO_C=''
ECHO_N='-n'
ECHO_T=''
EGREP='grep -E'
EXEEXT=''
INSTALL_DATA='${INSTALL} -m 644'
INSTALL_PROGRAM='${INSTALL}'
INSTALL_SCRIPT='${INSTALL}'
LDFLAGS='-lm '
LIBOBJS=''
LIBS=''
LTLIBOBJS=''
OBJEXT='o'
PACKAGE_BUGREPORT=''
PACKAGE_NAME='gocr'
PACKAGE_STRING='gocr 0.50'
PACKAGE_TARNAME='gocr'
PACKAGE_VERSION='0.50'
PATH_SEPARATOR=':'
SET_MAKE=''
SHELL='/bin/bash'
ac_ct_CC='gcc'
bindir='${exec_prefix}/bin'
build_alias=''
datadir='${prefix}/share'
exec_prefix='${prefix}'
host_alias=''
includedir='${prefix}/include'
infodir='${prefix}/info'
libdir='${exec_prefix}/lib'
libexecdir='${exec_prefix}/libexec'
localstatedir='${prefix}/var'
mandir='${prefix}/man'
oldincludedir='/usr/include'
prefix='/usr/local'
program_transform_name='s,x,x,'
sbindir='${exec_prefix}/sbin'
sharedstatedir='${prefix}/com'
sysconfdir='${prefix}/etc'
target_alias=''

## ----------- ##
## confdefs.h. ##
## ----------- ##

#define HAVE_GETTIMEOFDAY 1
#define HAVE_INTTYPES_H 1
#define HAVE_MEMORY_H 1
#define HAVE_POPEN 1
#define HAVE_STDINT_H 1
#define HAVE_STDLIB_H 1
#define HAVE_STRINGS_H 1
#define HAVE_STRING_H 1
#define HAVE_SYS_STAT_H 1
#define HAVE_SYS_TYPES_H 1
#define HAVE_UNISTD_H 1
#define HAVE_UNISTD_H 1
#define HAVE_WCHAR_H 1
#define HAVE_WCSCHR 1
#define HAVE_WCSDUP 1
#define PACKAGE_BUGREPORT ""
#define PACKAGE_NAME "gocr"
#define PACKAGE_STRING "gocr 0.50"
#define PACKAGE_TARNAME "gocr"
#define PACKAGE_VERSION "0.50"
#define PROTOTYPES 1
#define STDC_HEADERS 1
#define __PROTOTYPES 1

configure: exit 0
