This file contains any messages produced by compilers while
running configure, to aid debugging if configure makes a mistake.

It was created by osra configure 2.2.1, which was
generated by GNU Autoconf 2.69.  Invocation command line was

  $ ./configure --prefix=/usr/local

## --------- ##
## Platform. ##
## --------- ##

hostname = codespaces-762c10
uname -m = x86_64
uname -r = 6.8.0-1026-azure
uname -s = Linux
uname -v = #31~22.04.1-Ubuntu SMP Thu Mar 20 04:12:50 UTC 2025

/usr/bin/uname -p = x86_64
/bin/uname -X     = unknown

/bin/arch              = x86_64
/usr/bin/arch -k       = unknown
/usr/convex/getsysinfo = unknown
/usr/bin/hostinfo      = unknown
/bin/machine           = unknown
/usr/bin/oslevel       = unknown
/bin/universe          = unknown

PATH: /usr/local/rvm/gems/ruby-3.3.4/bin
PATH: /usr/local/rvm/gems/ruby-3.3.4@global/bin
PATH: /usr/local/rvm/rubies/ruby-3.3.4/bin
PATH: /vscode/bin/linux-x64/17baf841131aa23349f217ca7c570c76ee87b957/bin/remote-cli
PATH: /home/codespace/.local/bin
PATH: /home/codespace/.dotnet
PATH: /home/codespace/nvm/current/bin
PATH: /home/codespace/.php/current/bin
PATH: /home/codespace/.python/current/bin
PATH: /home/codespace/java/current/bin
PATH: /home/codespace/.ruby/current/bin
PATH: /home/codespace/.local/bin
PATH: /usr/local/python/current/bin
PATH: /usr/local/py-utils/bin
PATH: /usr/local/jupyter
PATH: /usr/local/oryx
PATH: /usr/local/go/bin
PATH: /go/bin
PATH: /usr/local/sdkman/bin
PATH: /usr/local/sdkman/candidates/java/current/bin
PATH: /usr/local/sdkman/candidates/gradle/current/bin
PATH: /usr/local/sdkman/candidates/maven/current/bin
PATH: /usr/local/sdkman/candidates/ant/current/bin
PATH: /usr/local/rvm/gems/default/bin
PATH: /usr/local/rvm/gems/default@global/bin
PATH: /usr/local/rvm/rubies/default/bin
PATH: /usr/local/share/rbenv/bin
PATH: /usr/local/php/current/bin
PATH: /opt/conda/bin
PATH: /usr/local/nvs
PATH: /usr/local/share/nvm/versions/node/v20.19.0/bin
PATH: /usr/local/hugo/bin
PATH: /usr/local/sbin
PATH: /usr/local/bin
PATH: /usr/sbin
PATH: /usr/bin
PATH: /sbin
PATH: /bin
PATH: /usr/share/dotnet
PATH: /home/codespace/.dotnet/tools
PATH: /usr/local/rvm/bin


## ----------- ##
## Core tests. ##
## ----------- ##

configure:2210: checking build system type
configure:2224: result: x86_64-unknown-linux-gnu
configure:2265: checking for ld
configure:2283: found /usr/bin/ld
configure:2295: result: /usr/bin/ld
configure:2303: checking if ld (/usr/bin/ld) is GNU ld
configure:2375: checking for g++
configure:2391: found /usr/bin/g++
configure:2402: result: g++
configure:2429: checking for C++ compiler version
configure:2438: g++ --version >&5
g++ (Ubuntu 9.4.0-1ubuntu1~20.04.2) 9.4.0
Copyright (C) 2019 Free Software Foundation, Inc.
This is free software; see the source for copying conditions.  There is NO
warranty; not even for MERCHANTABILITY or FITNESS FOR A PARTICULAR PURPOSE.

configure:2449: $? = 0
configure:2438: g++ -v >&5
Using built-in specs.
COLLECT_GCC=g++
COLLECT_LTO_WRAPPER=/usr/lib/gcc/x86_64-linux-gnu/9/lto-wrapper
OFFLOAD_TARGET_NAMES=nvptx-none:hsa
OFFLOAD_TARGET_DEFAULT=1
Target: x86_64-linux-gnu
Configured with: ../src/configure -v --with-pkgversion='Ubuntu 9.4.0-1ubuntu1~20.04.2' --with-bugurl=file:///usr/share/doc/gcc-9/README.Bugs --enable-languages=c,ada,c++,go,brig,d,fortran,objc,obj-c++,gm2 --prefix=/usr --with-gcc-major-version-only --program-suffix=-9 --program-prefix=x86_64-linux-gnu- --enable-shared --enable-linker-build-id --libexecdir=/usr/lib --without-included-gettext --enable-threads=posix --libdir=/usr/lib --enable-nls --enable-clocale=gnu --enable-libstdcxx-debug --enable-libstdcxx-time=yes --with-default-libstdcxx-abi=new --enable-gnu-unique-object --disable-vtable-verify --enable-plugin --enable-default-pie --with-system-zlib --with-target-system-zlib=auto --enable-objc-gc=auto --enable-multiarch --disable-werror --with-arch-32=i686 --with-abi=m64 --with-multilib-list=m32,m64,mx32 --enable-multilib --with-tune=generic --enable-offload-targets=nvptx-none=/build/gcc-9-9QDOt0/gcc-9-9.4.0/debian/tmp-nvptx/usr,hsa --without-cuda-driver --enable-checking=release --build=x86_64-linux-gnu --host=x86_64-linux-gnu --target=x86_64-linux-gnu
Thread model: posix
gcc version 9.4.0 (Ubuntu 9.4.0-1ubuntu1~20.04.2) 
configure:2449: $? = 0
configure:2438: g++ -V >&5
g++: error: unrecognized command line option '-V'
g++: fatal error: no input files
compilation terminated.
configure:2449: $? = 1
configure:2438: g++ -qversion >&5
g++: error: unrecognized command line option '-qversion'; did you mean '--version'?
g++: fatal error: no input files
compilation terminated.
configure:2449: $? = 1
configure:2469: checking whether the C++ compiler works
configure:2491: g++ -I/usr/local/include/gocr -I/usr/include/openbabel3 -I/usr/local/include/GraphicsMagick  -L/usr/local/lib -L/usr/local/lib  conftest.cpp -lGraphicsMagick++ -lGraphicsMagick -lfreetype -lpng16 -lXext -lSM -lICE -lX11 -lxml2 -llzma -lbz2 -lz -lm -lpthread -lgomp -lpng -locrad -lpotrace >&5
configure:2495: $? = 0
configure:2543: result: yes
configure:2546: checking for C++ compiler default output file name
configure:2548: result: a.out
configure:2554: checking for suffix of executables
configure:2561: g++ -o conftest -I/usr/local/include/gocr -I/usr/include/openbabel3 -I/usr/local/include/GraphicsMagick  -L/usr/local/lib -L/usr/local/lib  conftest.cpp -lGraphicsMagick++ -lGraphicsMagick -lfreetype -lpng16 -lXext -lSM -lICE -lX11 -lxml2 -llzma -lbz2 -lz -lm -lpthread -lgomp -lpng -locrad -lpotrace >&5
configure:2565: $? = 0
configure:2587: result: 
configure:2609: checking whether we are cross compiling
configure:2617: g++ -o conftest -I/usr/local/include/gocr -I/usr/include/openbabel3 -I/usr/local/include/GraphicsMagick  -L/usr/local/lib -L/usr/local/lib  conftest.cpp -lGraphicsMagick++ -lGraphicsMagick -lfreetype -lpng16 -lXext -lSM -lICE -lX11 -lxml2 -llzma -lbz2 -lz -lm -lpthread -lgomp -lpng -locrad -lpotrace >&5
configure:2621: $? = 0
configure:2628: ./conftest
configure:2632: $? = 0
configure:2620: result: no
configure:2625: checking for suffix of object files
configure:2647: g++ -c -I/usr/local/include/gocr -I/usr/include/openbabel3 -I/usr/local/include/GraphicsMagick  conftest.cpp >&5
configure:2651: $? = 0
configure:2672: result: o
configure:2676: checking whether we are using the GNU C++ compiler
configure:2695: g++ -c -I/usr/local/include/gocr -I/usr/include/openbabel3 -I/usr/local/include/GraphicsMagick  conftest.cpp >&5
configure:2695: $? = 0
configure:2704: result: yes
configure:2713: checking whether g++ accepts -g
configure:2733: g++ -c -g  conftest.cpp >&5
configure:2733: $? = 0
configure:2774: result: yes
configure:2806: checking whether g++ supports C++17 features by default
configure:3614: g++ -c -I/usr/local/include/gocr -I/usr/include/openbabel3 -I/usr/local/include/GraphicsMagick  conftest.cpp >&5
conftest.cpp:441:2: error: #error "This is not a C++17 compiler"
  441 | #error "This is not a C++17 compiler"
      |  ^~~~~
configure:3614: $? = 1
configure: failed program was:
| /* confdefs.h */
| #define PACKAGE_NAME "osra"
| #define PACKAGE_TARNAME "osra"
| #define PACKAGE_VERSION "2.2.1"
| #define PACKAGE_STRING "osra 2.2.1"
| #define PACKAGE_BUGREPORT ""
| #define PACKAGE_URL ""
| /* end confdefs.h.  */
| 
| 
| // If the compiler admits that it is not ready for C++11, why torture it?
| // Hopefully, this will speed up the test.
| 
| #ifndef __cplusplus
| 
| #error "This is not a C++ compiler"
| 
| // MSVC always sets __cplusplus to 199711L in older versions; newer versions
| // only set it correctly if /Zc:__cplusplus is specified as well as a
| // /std:c++NN switch:
| //
| // https://devblogs.microsoft.com/cppblog/msvc-now-correctly-reports-__cplusplus/
| //
| // The value __cplusplus ought to have is available in _MSVC_LANG since
| // Visual Studio 2015 Update 3:
| //
| // https://learn.microsoft.com/en-us/cpp/preprocessor/predefined-macros
| //
| // This was also the first MSVC version to support C++14 so we can't use the
| // value of either __cplusplus or _MSVC_LANG to quickly rule out MSVC having
| // C++11 or C++14 support, but we can check _MSVC_LANG for C++17 and later.
| #elif __cplusplus < 201103L && !defined _MSC_VER
| 
| #error "This is not a C++11 compiler"
| 
| #else
| 
| namespace cxx11
| {
| 
|   namespace test_static_assert
|   {
| 
|     template <typename T>
|     struct check
|     {
|       static_assert(sizeof(int) <= sizeof(T), "not big enough");
|     };
| 
|   }
| 
|   namespace test_final_override
|   {
| 
|     struct Base
|     {
|       virtual ~Base() {}
|       virtual void f() {}
|     };
| 
|     struct Derived : public Base
|     {
|       virtual ~Derived() override {}
|       virtual void f() override {}
|     };
| 
|   }
| 
|   namespace test_double_right_angle_brackets
|   {
| 
|     template < typename T >
|     struct check {};
| 
|     typedef check<void> single_type;
|     typedef check<check<void>> double_type;
|     typedef check<check<check<void>>> triple_type;
|     typedef check<check<check<check<void>>>> quadruple_type;
| 
|   }
| 
|   namespace test_decltype
|   {
| 
|     int
|     f()
|     {
|       int a = 1;
|       decltype(a) b = 2;
|       return a + b;
|     }
| 
|   }
| 
|   namespace test_type_deduction
|   {
| 
|     template < typename T1, typename T2 >
|     struct is_same
|     {
|       static const bool value = false;
|     };
| 
|     template < typename T >
|     struct is_same<T, T>
|     {
|       static const bool value = true;
|     };
| 
|     template < typename T1, typename T2 >
|     auto
|     add(T1 a1, T2 a2) -> decltype(a1 + a2)
|     {
|       return a1 + a2;
|     }
| 
|     int
|     test(const int c, volatile int v)
|     {
|       static_assert(is_same<int, decltype(0)>::value == true, "");
|       static_assert(is_same<int, decltype(c)>::value == false, "");
|       static_assert(is_same<int, decltype(v)>::value == false, "");
|       auto ac = c;
|       auto av = v;
|       auto sumi = ac + av + 'x';
|       auto sumf = ac + av + 1.0;
|       static_assert(is_same<int, decltype(ac)>::value == true, "");
|       static_assert(is_same<int, decltype(av)>::value == true, "");
|       static_assert(is_same<int, decltype(sumi)>::value == true, "");
|       static_assert(is_same<int, decltype(sumf)>::value == false, "");
|       static_assert(is_same<int, decltype(add(c, v))>::value == true, "");
|       return (sumf > 0.0) ? sumi : add(c, v);
|     }
| 
|   }
| 
|   namespace test_noexcept
|   {
| 
|     int f() { return 0; }
|     int g() noexcept { return 0; }
| 
|     static_assert(noexcept(f()) == false, "");
|     static_assert(noexcept(g()) == true, "");
| 
|   }
| 
|   namespace test_constexpr
|   {
| 
|     template < typename CharT >
|     unsigned long constexpr
|     strlen_c_r(const CharT *const s, const unsigned long acc) noexcept
|     {
|       return *s ? strlen_c_r(s + 1, acc + 1) : acc;
|     }
| 
|     template < typename CharT >
|     unsigned long constexpr
|     strlen_c(const CharT *const s) noexcept
|     {
|       return strlen_c_r(s, 0UL);
|     }
| 
|     static_assert(strlen_c("") == 0UL, "");
|     static_assert(strlen_c("1") == 1UL, "");
|     static_assert(strlen_c("example") == 7UL, "");
|     static_assert(strlen_c("another\0example") == 7UL, "");
| 
|   }
| 
|   namespace test_rvalue_references
|   {
| 
|     template < int N >
|     struct answer
|     {
|       static constexpr int value = N;
|     };
| 
|     answer<1> f(int&)       { return answer<1>(); }
|     answer<2> f(const int&) { return answer<2>(); }
|     answer<3> f(int&&)      { return answer<3>(); }
| 
|     void
|     test()
|     {
|       int i = 0;
|       const int c = 0;
|       static_assert(decltype(f(i))::value == 1, "");
|       static_assert(decltype(f(c))::value == 2, "");
|       static_assert(decltype(f(0))::value == 3, "");
|     }
| 
|   }
| 
|   namespace test_uniform_initialization
|   {
| 
|     struct test
|     {
|       static const int zero {};
|       static const int one {1};
|     };
| 
|     static_assert(test::zero == 0, "");
|     static_assert(test::one == 1, "");
| 
|   }
| 
|   namespace test_lambdas
|   {
| 
|     void
|     test1()
|     {
|       auto lambda1 = [](){};
|       auto lambda2 = lambda1;
|       lambda1();
|       lambda2();
|     }
| 
|     int
|     test2()
|     {
|       auto a = [](int i, int j){ return i + j; }(1, 2);
|       auto b = []() -> int { return '0'; }();
|       auto c = [=](){ return a + b; }();
|       auto d = [&](){ return c; }();
|       auto e = [a, &b](int x) mutable {
|         const auto identity = [](int y){ return y; };
|         for (auto i = 0; i < a; ++i)
|           a += b--;
|         return x + identity(a + b);
|       }(0);
|       return a + b + c + d + e;
|     }
| 
|     int
|     test3()
|     {
|       const auto nullary = [](){ return 0; };
|       const auto unary = [](int x){ return x; };
|       using nullary_t = decltype(nullary);
|       using unary_t = decltype(unary);
|       const auto higher1st = [](nullary_t f){ return f(); };
|       const auto higher2nd = [unary](nullary_t f1){
|         return [unary, f1](unary_t f2){ return f2(unary(f1())); };
|       };
|       return higher1st(nullary) + higher2nd(nullary)(unary);
|     }
| 
|   }
| 
|   namespace test_variadic_templates
|   {
| 
|     template <int...>
|     struct sum;
| 
|     template <int N0, int... N1toN>
|     struct sum<N0, N1toN...>
|     {
|       static constexpr auto value = N0 + sum<N1toN...>::value;
|     };
| 
|     template <>
|     struct sum<>
|     {
|       static constexpr auto value = 0;
|     };
| 
|     static_assert(sum<>::value == 0, "");
|     static_assert(sum<1>::value == 1, "");
|     static_assert(sum<23>::value == 23, "");
|     static_assert(sum<1, 2>::value == 3, "");
|     static_assert(sum<5, 5, 11>::value == 21, "");
|     static_assert(sum<2, 3, 5, 7, 11, 13>::value == 41, "");
| 
|   }
| 
|   // http://stackoverflow.com/questions/13728184/template-aliases-and-sfinae
|   // Clang 3.1 fails with headers of libstd++ 4.8.3 when using std::function
|   // because of this.
|   namespace test_template_alias_sfinae
|   {
| 
|     struct foo {};
| 
|     template<typename T>
|     using member = typename T::member_type;
| 
|     template<typename T>
|     void func(...) {}
| 
|     template<typename T>
|     void func(member<T>*) {}
| 
|     void test();
| 
|     void test() { func<foo>(0); }
| 
|   }
| 
| }  // namespace cxx11
| 
| #endif  // __cplusplus >= 201103L
| 
| 
| 
| 
| // If the compiler admits that it is not ready for C++14, why torture it?
| // Hopefully, this will speed up the test.
| 
| #ifndef __cplusplus
| 
| #error "This is not a C++ compiler"
| 
| #elif __cplusplus < 201402L && !defined _MSC_VER
| 
| #error "This is not a C++14 compiler"
| 
| #else
| 
| namespace cxx14
| {
| 
|   namespace test_polymorphic_lambdas
|   {
| 
|     int
|     test()
|     {
|       const auto lambda = [](auto&&... args){
|         const auto istiny = [](auto x){
|           return (sizeof(x) == 1UL) ? 1 : 0;
|         };
|         const int aretiny[] = { istiny(args)... };
|         return aretiny[0];
|       };
|       return lambda(1, 1L, 1.0f, '1');
|     }
| 
|   }
| 
|   namespace test_binary_literals
|   {
| 
|     constexpr auto ivii = 0b0000000000101010;
|     static_assert(ivii == 42, "wrong value");
| 
|   }
| 
|   namespace test_generalized_constexpr
|   {
| 
|     template < typename CharT >
|     constexpr unsigned long
|     strlen_c(const CharT *const s) noexcept
|     {
|       auto length = 0UL;
|       for (auto p = s; *p; ++p)
|         ++length;
|       return length;
|     }
| 
|     static_assert(strlen_c("") == 0UL, "");
|     static_assert(strlen_c("x") == 1UL, "");
|     static_assert(strlen_c("test") == 4UL, "");
|     static_assert(strlen_c("another\0test") == 7UL, "");
| 
|   }
| 
|   namespace test_lambda_init_capture
|   {
| 
|     int
|     test()
|     {
|       auto x = 0;
|       const auto lambda1 = [a = x](int b){ return a + b; };
|       const auto lambda2 = [a = lambda1(x)](){ return a; };
|       return lambda2();
|     }
| 
|   }
| 
|   namespace test_digit_separators
|   {
| 
|     constexpr auto ten_million = 100'000'000;
|     static_assert(ten_million == 100000000, "");
| 
|   }
| 
|   namespace test_return_type_deduction
|   {
| 
|     auto f(int& x) { return x; }
|     decltype(auto) g(int& x) { return x; }
| 
|     template < typename T1, typename T2 >
|     struct is_same
|     {
|       static constexpr auto value = false;
|     };
| 
|     template < typename T >
|     struct is_same<T, T>
|     {
|       static constexpr auto value = true;
|     };
| 
|     int
|     test()
|     {
|       auto x = 0;
|       static_assert(is_same<int, decltype(f(x))>::value, "");
|       static_assert(is_same<int&, decltype(g(x))>::value, "");
|       return x;
|     }
| 
|   }
| 
| }  // namespace cxx14
| 
| #endif  // __cplusplus >= 201402L
| 
| 
| 
| 
| // If the compiler admits that it is not ready for C++17, why torture it?
| // Hopefully, this will speed up the test.
| 
| #ifndef __cplusplus
| 
| #error "This is not a C++ compiler"
| 
| #elif (defined _MSVC_LANG ? _MSVC_LANG : __cplusplus) < 201703L
| 
| #error "This is not a C++17 compiler"
| 
| #else
| 
| #include <initializer_list>
| #include <utility>
| #include <type_traits>
| 
| namespace cxx17
| {
| 
|   namespace test_constexpr_lambdas
|   {
| 
|     constexpr int foo = [](){return 42;}();
| 
|   }
| 
|   namespace test::nested_namespace::definitions
|   {
| 
|   }
| 
|   namespace test_fold_expression
|   {
| 
|     template<typename... Args>
|     int multiply(Args... args)
|     {
|       return (args * ... * 1);
|     }
| 
|     template<typename... Args>
|     bool all(Args... args)
|     {
|       return (args && ...);
|     }
| 
|   }
| 
|   namespace test_extended_static_assert
|   {
| 
|     static_assert (true);
| 
|   }
| 
|   namespace test_auto_brace_init_list
|   {
| 
|     auto foo = {5};
|     auto bar {5};
| 
|     static_assert(std::is_same<std::initializer_list<int>, decltype(foo)>::value);
|     static_assert(std::is_same<int, decltype(bar)>::value);
|   }
| 
|   namespace test_typename_in_template_template_parameter
|   {
| 
|     template<template<typename> typename X> struct D;
| 
|   }
| 
|   namespace test_fallthrough_nodiscard_maybe_unused_attributes
|   {
| 
|     int f1()
|     {
|       return 42;
|     }
| 
|     [[nodiscard]] int f2()
|     {
|       [[maybe_unused]] auto unused = f1();
| 
|       switch (f1())
|       {
|       case 17:
|         f1();
|         [[fallthrough]];
|       case 42:
|         f1();
|       }
|       return f1();
|     }
| 
|   }
| 
|   namespace test_extended_aggregate_initialization
|   {
| 
|     struct base1
|     {
|       int b1, b2 = 42;
|     };
| 
|     struct base2
|     {
|       base2() {
|         b3 = 42;
|       }
|       int b3;
|     };
| 
|     struct derived : base1, base2
|     {
|         int d;
|     };
| 
|     derived d1 {{1, 2}, {}, 4};  // full initialization
|     derived d2 {{}, {}, 4};      // value-initialized bases
| 
|   }
| 
|   namespace test_general_range_based_for_loop
|   {
| 
|     struct iter
|     {
|       int i;
| 
|       int& operator* ()
|       {
|         return i;
|       }
| 
|       const int& operator* () const
|       {
|         return i;
|       }
| 
|       iter& operator++()
|       {
|         ++i;
|         return *this;
|       }
|     };
| 
|     struct sentinel
|     {
|       int i;
|     };
| 
|     bool operator== (const iter& i, const sentinel& s)
|     {
|       return i.i == s.i;
|     }
| 
|     bool operator!= (const iter& i, const sentinel& s)
|     {
|       return !(i == s);
|     }
| 
|     struct range
|     {
|       iter begin() const
|       {
|         return {0};
|       }
| 
|       sentinel end() const
|       {
|         return {5};
|       }
|     };
| 
|     void f()
|     {
|       range r {};
| 
|       for (auto i : r)
|       {
|         [[maybe_unused]] auto v = i;
|       }
|     }
| 
|   }
| 
|   namespace test_lambda_capture_asterisk_this_by_value
|   {
| 
|     struct t
|     {
|       int i;
|       int foo()
|       {
|         return [*this]()
|         {
|           return i;
|         }();
|       }
|     };
| 
|   }
| 
|   namespace test_enum_class_construction
|   {
| 
|     enum class byte : unsigned char
|     {};
| 
|     byte foo {42};
| 
|   }
| 
|   namespace test_constexpr_if
|   {
| 
|     template <bool cond>
|     int f ()
|     {
|       if constexpr(cond)
|       {
|         return 13;
|       }
|       else
|       {
|         return 42;
|       }
|     }
| 
|   }
| 
|   namespace test_selection_statement_with_initializer
|   {
| 
|     int f()
|     {
|       return 13;
|     }
| 
|     int f2()
|     {
|       if (auto i = f(); i > 0)
|       {
|         return 3;
|       }
| 
|       switch (auto i = f(); i + 4)
|       {
|       case 17:
|         return 2;
| 
|       default:
|         return 1;
|       }
|     }
| 
|   }
| 
|   namespace test_template_argument_deduction_for_class_templates
|   {
| 
|     template <typename T1, typename T2>
|     struct pair
|     {
|       pair (T1 p1, T2 p2)
|         : m1 {p1},
|           m2 {p2}
|       {}
| 
|       T1 m1;
|       T2 m2;
|     };
| 
|     void f()
|     {
|       [[maybe_unused]] auto p = pair{13, 42u};
|     }
| 
|   }
| 
|   namespace test_non_type_auto_template_parameters
|   {
| 
|     template <auto n>
|     struct B
|     {};
| 
|     B<5> b1;
|     B<'a'> b2;
| 
|   }
| 
|   namespace test_structured_bindings
|   {
| 
|     int arr[2] = { 1, 2 };
|     std::pair<int, int> pr = { 1, 2 };
| 
|     auto f1() -> int(&)[2]
|     {
|       return arr;
|     }
| 
|     auto f2() -> std::pair<int, int>&
|     {
|       return pr;
|     }
| 
|     struct S
|     {
|       int x1 : 2;
|       volatile double y1;
|     };
| 
|     S f3()
|     {
|       return {};
|     }
| 
|     auto [ x1, y1 ] = f1();
|     auto& [ xr1, yr1 ] = f1();
|     auto [ x2, y2 ] = f2();
|     auto& [ xr2, yr2 ] = f2();
|     const auto [ x3, y3 ] = f3();
| 
|   }
| 
|   namespace test_exception_spec_type_system
|   {
| 
|     struct Good {};
|     struct Bad {};
| 
|     void g1() noexcept;
|     void g2();
| 
|     template<typename T>
|     Bad
|     f(T*, T*);
| 
|     template<typename T1, typename T2>
|     Good
|     f(T1*, T2*);
| 
|     static_assert (std::is_same_v<Good, decltype(f(g1, g2))>);
| 
|   }
| 
|   namespace test_inline_variables
|   {
| 
|     template<class T> void f(T)
|     {}
| 
|     template<class T> inline T g(T)
|     {
|       return T{};
|     }
| 
|     template<> inline void f<>(int)
|     {}
| 
|     template<> int g<>(int)
|     {
|       return 5;
|     }
| 
|   }
| 
| }  // namespace cxx17
| 
| #endif  // (defined _MSVC_LANG ? _MSVC_LANG : __cplusplus) < 201703L
| 
| 
| 
configure:3621: result: no
configure:3631: checking whether g++ supports C++17 features with -std=gnu++17
configure:4441: g++ -std=gnu++17 -c -I/usr/local/include/gocr -I/usr/include/openbabel3 -I/usr/local/include/GraphicsMagick  conftest.cpp >&5
configure:4441: $? = 0
configure:4450: result: yes
configure:5330: checking whether the compiler implements namespaces
configure:5353: g++ -std=gnu++17 -c -I/usr/local/include/gocr -I/usr/include/openbabel3 -I/usr/local/include/GraphicsMagick  conftest.cpp >&5
configure:5353: $? = 0
configure:5367: result: yes
configure:5375: checking whether the compiler supports Standard Template Library
configure:5404: g++ -std=gnu++17 -c -I/usr/local/include/gocr -I/usr/include/openbabel3 -I/usr/local/include/GraphicsMagick  conftest.cpp >&5
configure:5404: $? = 0
configure:5418: result: yes
configure:5546: checking for C++ compiler version
configure:5555: g++ -std=gnu++17 --version >&5
g++ (Ubuntu 9.4.0-1ubuntu1~20.04.2) 9.4.0
Copyright (C) 2019 Free Software Foundation, Inc.
This is free software; see the source for copying conditions.  There is NO
warranty; not even for MERCHANTABILITY or FITNESS FOR A PARTICULAR PURPOSE.

configure:5566: $? = 0
configure:5555: g++ -std=gnu++17 -v >&5
Using built-in specs.
COLLECT_GCC=g++
COLLECT_LTO_WRAPPER=/usr/lib/gcc/x86_64-linux-gnu/9/lto-wrapper
OFFLOAD_TARGET_NAMES=nvptx-none:hsa
OFFLOAD_TARGET_DEFAULT=1
Target: x86_64-linux-gnu
Configured with: ../src/configure -v --with-pkgversion='Ubuntu 9.4.0-1ubuntu1~20.04.2' --with-bugurl=file:///usr/share/doc/gcc-9/README.Bugs --enable-languages=c,ada,c++,go,brig,d,fortran,objc,obj-c++,gm2 --prefix=/usr --with-gcc-major-version-only --program-suffix=-9 --program-prefix=x86_64-linux-gnu- --enable-shared --enable-linker-build-id --libexecdir=/usr/lib --without-included-gettext --enable-threads=posix --libdir=/usr/lib --enable-nls --enable-clocale=gnu --enable-libstdcxx-debug --enable-libstdcxx-time=yes --with-default-libstdcxx-abi=new --enable-gnu-unique-object --disable-vtable-verify --enable-plugin --enable-default-pie --with-system-zlib --with-target-system-zlib=auto --enable-objc-gc=auto --enable-multiarch --disable-werror --with-arch-32=i686 --with-abi=m64 --with-multilib-list=m32,m64,mx32 --enable-multilib --with-tune=generic --enable-offload-targets=nvptx-none=/build/gcc-9-9QDOt0/gcc-9-9.4.0/debian/tmp-nvptx/usr,hsa --without-cuda-driver --enable-checking=release --build=x86_64-linux-gnu --host=x86_64-linux-gnu --target=x86_64-linux-gnu
Thread model: posix
gcc version 9.4.0 (Ubuntu 9.4.0-1ubuntu1~20.04.2) 
configure:5566: $? = 0
configure:5555: g++ -std=gnu++17 -V >&5
g++: error: unrecognized command line option '-V'
g++: fatal error: no input files
compilation terminated.
configure:5566: $? = 1
configure:5555: g++ -std=gnu++17 -qversion >&5
g++: error: unrecognized command line option '-qversion'; did you mean '--version'?
g++: fatal error: no input files
compilation terminated.
configure:5566: $? = 1
configure:5570: checking whether we are using the GNU C++ compiler
configure:5598: result: yes
configure:5607: checking whether g++ -std=gnu++17 accepts -g
configure:5668: result: yes
configure:5693: checking for rm
configure:5711: found /usr/bin/rm
configure:5723: result: /usr/bin/rm
configure:5731: checking whether ln -s works
configure:5735: result: yes
configure:5756: checking for a BSD-compatible install
configure:5824: result: /usr/bin/install -c
configure:5837: checking for ar
configure:5855: found /usr/bin/ar
configure:5867: result: /usr/bin/ar
configure:5918: checking for ranlib
configure:5934: found /usr/bin/ranlib
configure:5945: result: ranlib
configure:6147: checking for g++ -std=gnu++17 option to support OpenMP
configure:6162: g++ -std=gnu++17 -o conftest -I/usr/local/include/gocr -I/usr/include/openbabel3 -I/usr/local/include/GraphicsMagick -I/usr/local/include  -L/usr/local/lib -L/usr/local/lib -L/usr/local/lib  conftest.cpp -lGraphicsMagick++ -lGraphicsMagick -lfreetype -lpng16 -lXext -lSM -lICE -lX11 -lxml2 -llzma -lbz2 -lz -lm -lpthread -lgomp -lpng -locrad -lpotrace >&5
conftest.cpp:14:2: error: 'choke' does not name a type
   14 |  choke me
      |  ^~~~~
In file included from conftest.cpp:16:
/usr/lib/gcc/x86_64-linux-gnu/9/include/omp.h:39:3: error: 'omp_lock_t' does not name a type
   39 | } omp_lock_t;
      |   ^~~~~~~~~~
/usr/lib/gcc/x86_64-linux-gnu/9/include/omp.h:125:28: error: variable or field 'omp_init_lock' declared void
  125 | extern void omp_init_lock (omp_lock_t *) __GOMP_NOTHROW;
      |                            ^~~~~~~~~~
/usr/lib/gcc/x86_64-linux-gnu/9/include/omp.h:125:28: error: 'omp_lock_t' was not declared in this scope; did you mean 'omp_lock_hint_t'?
  125 | extern void omp_init_lock (omp_lock_t *) __GOMP_NOTHROW;
      |                            ^~~~~~~~~~
      |                            omp_lock_hint_t
/usr/lib/gcc/x86_64-linux-gnu/9/include/omp.h:125:40: error: expected primary-expression before ')' token
  125 | extern void omp_init_lock (omp_lock_t *) __GOMP_NOTHROW;
      |                                        ^
/usr/lib/gcc/x86_64-linux-gnu/9/include/omp.h:126:38: error: variable or field 'omp_init_lock_with_hint' declared void
  126 | extern void omp_init_lock_with_hint (omp_lock_t *, omp_sync_hint_t)
      |                                      ^~~~~~~~~~
/usr/lib/gcc/x86_64-linux-gnu/9/include/omp.h:126:38: error: 'omp_lock_t' was not declared in this scope; did you mean 'omp_lock_hint_t'?
  126 | extern void omp_init_lock_with_hint (omp_lock_t *, omp_sync_hint_t)
      |                                      ^~~~~~~~~~
      |                                      omp_lock_hint_t
/usr/lib/gcc/x86_64-linux-gnu/9/include/omp.h:126:50: error: expected primary-expression before ',' token
  126 | extern void omp_init_lock_with_hint (omp_lock_t *, omp_sync_hint_t)
      |                                                  ^
/usr/lib/gcc/x86_64-linux-gnu/9/include/omp.h:126:67: error: expected primary-expression before ')' token
  126 | extern void omp_init_lock_with_hint (omp_lock_t *, omp_sync_hint_t)
      |                                                                   ^
/usr/lib/gcc/x86_64-linux-gnu/9/include/omp.h:128:31: error: variable or field 'omp_destroy_lock' declared void
  128 | extern void omp_destroy_lock (omp_lock_t *) __GOMP_NOTHROW;
      |                               ^~~~~~~~~~
/usr/lib/gcc/x86_64-linux-gnu/9/include/omp.h:128:31: error: 'omp_lock_t' was not declared in this scope; did you mean 'omp_lock_hint_t'?
  128 | extern void omp_destroy_lock (omp_lock_t *) __GOMP_NOTHROW;
      |                               ^~~~~~~~~~
      |                               omp_lock_hint_t
/usr/lib/gcc/x86_64-linux-gnu/9/include/omp.h:128:43: error: expected primary-expression before ')' token
  128 | extern void omp_destroy_lock (omp_lock_t *) __GOMP_NOTHROW;
      |                                           ^
/usr/lib/gcc/x86_64-linux-gnu/9/include/omp.h:129:27: error: variable or field 'omp_set_lock' declared void
  129 | extern void omp_set_lock (omp_lock_t *) __GOMP_NOTHROW;
      |                           ^~~~~~~~~~
/usr/lib/gcc/x86_64-linux-gnu/9/include/omp.h:129:27: error: 'omp_lock_t' was not declared in this scope; did you mean 'omp_lock_hint_t'?
  129 | extern void omp_set_lock (omp_lock_t *) __GOMP_NOTHROW;
      |                           ^~~~~~~~~~
      |                           omp_lock_hint_t
/usr/lib/gcc/x86_64-linux-gnu/9/include/omp.h:129:39: error: expected primary-expression before ')' token
  129 | extern void omp_set_lock (omp_lock_t *) __GOMP_NOTHROW;
      |                                       ^
/usr/lib/gcc/x86_64-linux-gnu/9/include/omp.h:130:29: error: variable or field 'omp_unset_lock' declared void
  130 | extern void omp_unset_lock (omp_lock_t *) __GOMP_NOTHROW;
      |                             ^~~~~~~~~~
/usr/lib/gcc/x86_64-linux-gnu/9/include/omp.h:130:29: error: 'omp_lock_t' was not declared in this scope; did you mean 'omp_lock_hint_t'?
  130 | extern void omp_unset_lock (omp_lock_t *) __GOMP_NOTHROW;
      |                             ^~~~~~~~~~
      |                             omp_lock_hint_t
/usr/lib/gcc/x86_64-linux-gnu/9/include/omp.h:130:41: error: expected primary-expression before ')' token
  130 | extern void omp_unset_lock (omp_lock_t *) __GOMP_NOTHROW;
      |                                         ^
/usr/lib/gcc/x86_64-linux-gnu/9/include/omp.h:131:27: error: 'omp_lock_t' was not declared in this scope; did you mean 'omp_lock_hint_t'?
  131 | extern int omp_test_lock (omp_lock_t *) __GOMP_NOTHROW;
      |                           ^~~~~~~~~~
      |                           omp_lock_hint_t
/usr/lib/gcc/x86_64-linux-gnu/9/include/omp.h:131:39: error: expected primary-expression before ')' token
  131 | extern int omp_test_lock (omp_lock_t *) __GOMP_NOTHROW;
      |                                       ^
configure:6162: $? = 1
configure: failed program was:
| /* confdefs.h */
| #define PACKAGE_NAME "osra"
| #define PACKAGE_TARNAME "osra"
| #define PACKAGE_VERSION "2.2.1"
| #define PACKAGE_STRING "osra 2.2.1"
| #define PACKAGE_BUGREPORT ""
| #define PACKAGE_URL ""
| #define HAVE_CXX17 1
| #define HAVE_NAMESPACES /**/
| #define HAVE_STL /**/
| /* end confdefs.h.  */
| 
| #ifndef _OPENMP
|  choke me
| #endif
| #include <omp.h>
| int main () { return omp_get_num_threads (); }
| 
configure:6180: g++ -std=gnu++17 -o conftest -I/usr/local/include/gocr -I/usr/include/openbabel3 -I/usr/local/include/GraphicsMagick -fopenmp -I/usr/local/include  -L/usr/local/lib -L/usr/local/lib -L/usr/local/lib  conftest.cpp -lGraphicsMagick++ -lGraphicsMagick -lfreetype -lpng16 -lXext -lSM -lICE -lX11 -lxml2 -llzma -lbz2 -lz -lm -lpthread -lgomp -lpng -locrad -lpotrace >&5
configure:6180: $? = 0
configure:6194: result: -fopenmp
configure:6264: checking how to run the C++ preprocessor
configure:6291: g++ -std=gnu++17 -E -I/usr/local/include  conftest.cpp
configure:6291: $? = 0
configure:6305: g++ -std=gnu++17 -E -I/usr/local/include  conftest.cpp
conftest.cpp:12:10: fatal error: ac_nonexistent.h: No such file or directory
   12 | #include <ac_nonexistent.h>
      |          ^~~~~~~~~~~~~~~~~~
compilation terminated.
configure:6305: $? = 1
configure: failed program was:
| /* confdefs.h */
| #define PACKAGE_NAME "osra"
| #define PACKAGE_TARNAME "osra"
| #define PACKAGE_VERSION "2.2.1"
| #define PACKAGE_STRING "osra 2.2.1"
| #define PACKAGE_BUGREPORT ""
| #define PACKAGE_URL ""
| #define HAVE_CXX17 1
| #define HAVE_NAMESPACES /**/
| #define HAVE_STL /**/
| /* end confdefs.h.  */
| #include <ac_nonexistent.h>
configure:6330: result: g++ -std=gnu++17 -E
configure:6350: g++ -std=gnu++17 -E -I/usr/local/include  conftest.cpp
configure:6350: $? = 0
configure:6364: g++ -std=gnu++17 -E -I/usr/local/include  conftest.cpp
conftest.cpp:12:10: fatal error: ac_nonexistent.h: No such file or directory
   12 | #include <ac_nonexistent.h>
      |          ^~~~~~~~~~~~~~~~~~
compilation terminated.
configure:6364: $? = 1
configure: failed program was:
| /* confdefs.h */
| #define PACKAGE_NAME "osra"
| #define PACKAGE_TARNAME "osra"
| #define PACKAGE_VERSION "2.2.1"
| #define PACKAGE_STRING "osra 2.2.1"
| #define PACKAGE_BUGREPORT ""
| #define PACKAGE_URL ""
| #define HAVE_CXX17 1
| #define HAVE_NAMESPACES /**/
| #define HAVE_STL /**/
| /* end confdefs.h.  */
| #include <ac_nonexistent.h>
configure:6393: checking for grep that handles long lines and -e
configure:6451: result: /usr/bin/grep
configure:6456: checking for egrep
configure:6518: result: /usr/bin/grep -E
configure:6523: checking for ANSI C header files
configure:6543: g++ -std=gnu++17 -c -I/usr/local/include/gocr -I/usr/include/openbabel3 -I/usr/local/include/GraphicsMagick -I/usr/local/include  conftest.cpp >&5
configure:6543: $? = 0
configure:6616: g++ -std=gnu++17 -o conftest -I/usr/local/include/gocr -I/usr/include/openbabel3 -I/usr/local/include/GraphicsMagick -I/usr/local/include  -L/usr/local/lib -L/usr/local/lib -L/usr/local/lib  conftest.cpp -lGraphicsMagick++ -lGraphicsMagick -lfreetype -lpng16 -lXext -lSM -lICE -lX11 -lxml2 -llzma -lbz2 -lz -lm -lpthread -lgomp -lpng -locrad -lpotrace >&5
configure:6616: $? = 0
configure:6616: ./conftest
configure:6616: $? = 0
configure:6627: result: yes
configure:6640: checking for sys/types.h
configure:6640: g++ -std=gnu++17 -c -I/usr/local/include/gocr -I/usr/include/openbabel3 -I/usr/local/include/GraphicsMagick -I/usr/local/include  conftest.cpp >&5
configure:6640: $? = 0
configure:6640: result: yes
configure:6640: checking for sys/stat.h
configure:6640: g++ -std=gnu++17 -c -I/usr/local/include/gocr -I/usr/include/openbabel3 -I/usr/local/include/GraphicsMagick -I/usr/local/include  conftest.cpp >&5
configure:6640: $? = 0
configure:6640: result: yes
configure:6640: checking for stdlib.h
configure:6640: g++ -std=gnu++17 -c -I/usr/local/include/gocr -I/usr/include/openbabel3 -I/usr/local/include/GraphicsMagick -I/usr/local/include  conftest.cpp >&5
configure:6640: $? = 0
configure:6640: result: yes
configure:6640: checking for string.h
configure:6640: g++ -std=gnu++17 -c -I/usr/local/include/gocr -I/usr/include/openbabel3 -I/usr/local/include/GraphicsMagick -I/usr/local/include  conftest.cpp >&5
configure:6640: $? = 0
configure:6640: result: yes
configure:6640: checking for memory.h
configure:6640: g++ -std=gnu++17 -c -I/usr/local/include/gocr -I/usr/include/openbabel3 -I/usr/local/include/GraphicsMagick -I/usr/local/include  conftest.cpp >&5
configure:6640: $? = 0
configure:6640: result: yes
configure:6640: checking for strings.h
configure:6640: g++ -std=gnu++17 -c -I/usr/local/include/gocr -I/usr/include/openbabel3 -I/usr/local/include/GraphicsMagick -I/usr/local/include  conftest.cpp >&5
configure:6640: $? = 0
configure:6640: result: yes
configure:6640: checking for inttypes.h
configure:6640: g++ -std=gnu++17 -c -I/usr/local/include/gocr -I/usr/include/openbabel3 -I/usr/local/include/GraphicsMagick -I/usr/local/include  conftest.cpp >&5
configure:6640: $? = 0
configure:6640: result: yes
configure:6640: checking for stdint.h
configure:6640: g++ -std=gnu++17 -c -I/usr/local/include/gocr -I/usr/include/openbabel3 -I/usr/local/include/GraphicsMagick -I/usr/local/include  conftest.cpp >&5
configure:6640: $? = 0
configure:6640: result: yes
configure:6640: checking for unistd.h
configure:6640: g++ -std=gnu++17 -c -I/usr/local/include/gocr -I/usr/include/openbabel3 -I/usr/local/include/GraphicsMagick -I/usr/local/include  conftest.cpp >&5
configure:6640: $? = 0
configure:6640: result: yes
configure:6750: checking tclap/CmdLine.h usability
configure:6750: g++ -std=gnu++17 -c -I/usr/local/include/gocr -I/usr/include/openbabel3 -I/usr/local/include/GraphicsMagick -I/usr/local/include  conftest.cpp >&5
configure:6750: $? = 0
configure:6750: result: yes
configure:6750: checking tclap/CmdLine.h presence
configure:6750: g++ -std=gnu++17 -E -I/usr/local/include  conftest.cpp
configure:6750: $? = 0
configure:6750: result: yes
configure:6750: checking for tclap/CmdLine.h
configure:6750: result: yes
configure:6933: checking potracelib.h usability
configure:6933: g++ -std=gnu++17 -c -I/usr/local/include/gocr -I/usr/include/openbabel3 -I/usr/local/include/GraphicsMagick -I/usr/local/include  conftest.cpp >&5
configure:6933: $? = 0
configure:6933: result: yes
configure:6933: checking potracelib.h presence
configure:6933: g++ -std=gnu++17 -E -I/usr/local/include  conftest.cpp
configure:6933: $? = 0
configure:6933: result: yes
configure:6933: checking for potracelib.h
configure:6933: result: yes
configure:7116: checking pgm2asc.h usability
configure:7116: g++ -std=gnu++17 -c -I/usr/local/include/gocr -I/usr/include/openbabel3 -I/usr/local/include/GraphicsMagick -I/usr/local/include  conftest.cpp >&5
configure:7116: $? = 0
configure:7116: result: yes
configure:7116: checking pgm2asc.h presence
configure:7116: g++ -std=gnu++17 -E -I/usr/local/include  conftest.cpp
conftest.cpp:24:10: fatal error: pgm2asc.h: No such file or directory
   24 | #include <pgm2asc.h>
      |          ^~~~~~~~~~~
compilation terminated.
configure:7116: $? = 1
configure: failed program was:
| /* confdefs.h */
| #define PACKAGE_NAME "osra"
| #define PACKAGE_TARNAME "osra"
| #define PACKAGE_VERSION "2.2.1"
| #define PACKAGE_STRING "osra 2.2.1"
| #define PACKAGE_BUGREPORT ""
| #define PACKAGE_URL ""
| #define HAVE_CXX17 1
| #define HAVE_NAMESPACES /**/
| #define HAVE_STL /**/
| #define STDC_HEADERS 1
| #define HAVE_SYS_TYPES_H 1
| #define HAVE_SYS_STAT_H 1
| #define HAVE_STDLIB_H 1
| #define HAVE_STRING_H 1
| #define HAVE_MEMORY_H 1
| #define HAVE_STRINGS_H 1
| #define HAVE_INTTYPES_H 1
| #define HAVE_STDINT_H 1
| #define HAVE_UNISTD_H 1
| #define HAVE_TCLAP_CMDLINE_H 1
| #define HAVE_POTRACELIB_H 1
| /* end confdefs.h.  */
| #include <pgm2asc.h>
configure:7116: result: no
configure:7116: WARNING: pgm2asc.h: accepted by the compiler, rejected by the preprocessor!
configure:7116: WARNING: pgm2asc.h: proceeding with the compiler's result
configure:7116: checking for pgm2asc.h
configure:7116: result: yes
configure:7304: checking ocradlib.h usability
configure:7304: g++ -std=gnu++17 -c -I/usr/local/include/gocr -I/usr/include/openbabel3 -I/usr/local/include/GraphicsMagick -I/usr/local/include  conftest.cpp >&5
configure:7304: $? = 0
configure:7304: result: yes
configure:7304: checking ocradlib.h presence
configure:7304: g++ -std=gnu++17 -E -I/usr/local/include  conftest.cpp
configure:7304: $? = 0
configure:7304: result: yes
configure:7304: checking for ocradlib.h
configure:7304: result: yes
configure:7487: checking poppler/cpp/poppler-document.h usability
configure:7487: g++ -std=gnu++17 -c -I/usr/local/include/gocr -I/usr/include/openbabel3 -I/usr/local/include/GraphicsMagick -I/usr/local/include  conftest.cpp >&5
configure:7487: $? = 0
configure:7487: result: yes
configure:7487: checking poppler/cpp/poppler-document.h presence
configure:7487: g++ -std=gnu++17 -E -I/usr/local/include  conftest.cpp
configure:7487: $? = 0
configure:7487: result: yes
configure:7487: checking for poppler/cpp/poppler-document.h
configure:7487: result: yes
configure:8066: checking openbabel/mol.h usability
configure:8066: g++ -std=gnu++17 -c -I/usr/local/include/gocr -I/usr/include/openbabel3 -I/usr/local/include/GraphicsMagick -I/usr/local/include  conftest.cpp >&5
configure:8066: $? = 0
configure:8066: result: yes
configure:8066: checking openbabel/mol.h presence
configure:8066: g++ -std=gnu++17 -E -I/usr/local/include  conftest.cpp
conftest.cpp:28:10: fatal error: openbabel/mol.h: No such file or directory
   28 | #include <openbabel/mol.h>
      |          ^~~~~~~~~~~~~~~~~
compilation terminated.
configure:8066: $? = 1
configure: failed program was:
| /* confdefs.h */
| #define PACKAGE_NAME "osra"
| #define PACKAGE_TARNAME "osra"
| #define PACKAGE_VERSION "2.2.1"
| #define PACKAGE_STRING "osra 2.2.1"
| #define PACKAGE_BUGREPORT ""
| #define PACKAGE_URL ""
| #define HAVE_CXX17 1
| #define HAVE_NAMESPACES /**/
| #define HAVE_STL /**/
| #define STDC_HEADERS 1
| #define HAVE_SYS_TYPES_H 1
| #define HAVE_SYS_STAT_H 1
| #define HAVE_STDLIB_H 1
| #define HAVE_STRING_H 1
| #define HAVE_MEMORY_H 1
| #define HAVE_STRINGS_H 1
| #define HAVE_INTTYPES_H 1
| #define HAVE_STDINT_H 1
| #define HAVE_UNISTD_H 1
| #define HAVE_TCLAP_CMDLINE_H 1
| #define HAVE_POTRACELIB_H 1
| #define HAVE_PGM2ASC_H 1
| #define HAVE_PGM2ASC_H 1
| #define HAVE_OCRADLIB_H 1
| #define HAVE_POPPLER_CPP_POPPLER_DOCUMENT_H 1
| /* end confdefs.h.  */
| #include <openbabel/mol.h>
configure:8066: result: no
configure:8066: WARNING: openbabel/mol.h: accepted by the compiler, rejected by the preprocessor!
configure:8066: WARNING: openbabel/mol.h: proceeding with the compiler's result
configure:8066: checking for openbabel/mol.h
configure:8066: result: yes
configure:8066: checking openbabel/obconversion.h usability
configure:8066: g++ -std=gnu++17 -c -I/usr/local/include/gocr -I/usr/include/openbabel3 -I/usr/local/include/GraphicsMagick -I/usr/local/include  conftest.cpp >&5
configure:8066: $? = 0
configure:8066: result: yes
configure:8066: checking openbabel/obconversion.h presence
configure:8066: g++ -std=gnu++17 -E -I/usr/local/include  conftest.cpp
conftest.cpp:29:10: fatal error: openbabel/obconversion.h: No such file or directory
   29 | #include <openbabel/obconversion.h>
      |          ^~~~~~~~~~~~~~~~~~~~~~~~~~
compilation terminated.
configure:8066: $? = 1
configure: failed program was:
| /* confdefs.h */
| #define PACKAGE_NAME "osra"
| #define PACKAGE_TARNAME "osra"
| #define PACKAGE_VERSION "2.2.1"
| #define PACKAGE_STRING "osra 2.2.1"
| #define PACKAGE_BUGREPORT ""
| #define PACKAGE_URL ""
| #define HAVE_CXX17 1
| #define HAVE_NAMESPACES /**/
| #define HAVE_STL /**/
| #define STDC_HEADERS 1
| #define HAVE_SYS_TYPES_H 1
| #define HAVE_SYS_STAT_H 1
| #define HAVE_STDLIB_H 1
| #define HAVE_STRING_H 1
| #define HAVE_MEMORY_H 1
| #define HAVE_STRINGS_H 1
| #define HAVE_INTTYPES_H 1
| #define HAVE_STDINT_H 1
| #define HAVE_UNISTD_H 1
| #define HAVE_TCLAP_CMDLINE_H 1
| #define HAVE_POTRACELIB_H 1
| #define HAVE_PGM2ASC_H 1
| #define HAVE_PGM2ASC_H 1
| #define HAVE_OCRADLIB_H 1
| #define HAVE_POPPLER_CPP_POPPLER_DOCUMENT_H 1
| #define HAVE_OPENBABEL_MOL_H 1
| /* end confdefs.h.  */
| #include <openbabel/obconversion.h>
configure:8066: result: no
configure:8066: WARNING: openbabel/obconversion.h: accepted by the compiler, rejected by the preprocessor!
configure:8066: WARNING: openbabel/obconversion.h: proceeding with the compiler's result
configure:8066: checking for openbabel/obconversion.h
configure:8066: result: yes
configure:8066: checking openbabel/builder.h usability
configure:8066: g++ -std=gnu++17 -c -I/usr/local/include/gocr -I/usr/include/openbabel3 -I/usr/local/include/GraphicsMagick -I/usr/local/include  conftest.cpp >&5
configure:8066: $? = 0
configure:8066: result: yes
configure:8066: checking openbabel/builder.h presence
configure:8066: g++ -std=gnu++17 -E -I/usr/local/include  conftest.cpp
conftest.cpp:30:10: fatal error: openbabel/builder.h: No such file or directory
   30 | #include <openbabel/builder.h>
      |          ^~~~~~~~~~~~~~~~~~~~~
compilation terminated.
configure:8066: $? = 1
configure: failed program was:
| /* confdefs.h */
| #define PACKAGE_NAME "osra"
| #define PACKAGE_TARNAME "osra"
| #define PACKAGE_VERSION "2.2.1"
| #define PACKAGE_STRING "osra 2.2.1"
| #define PACKAGE_BUGREPORT ""
| #define PACKAGE_URL ""
| #define HAVE_CXX17 1
| #define HAVE_NAMESPACES /**/
| #define HAVE_STL /**/
| #define STDC_HEADERS 1
| #define HAVE_SYS_TYPES_H 1
| #define HAVE_SYS_STAT_H 1
| #define HAVE_STDLIB_H 1
| #define HAVE_STRING_H 1
| #define HAVE_MEMORY_H 1
| #define HAVE_STRINGS_H 1
| #define HAVE_INTTYPES_H 1
| #define HAVE_STDINT_H 1
| #define HAVE_UNISTD_H 1
| #define HAVE_TCLAP_CMDLINE_H 1
| #define HAVE_POTRACELIB_H 1
| #define HAVE_PGM2ASC_H 1
| #define HAVE_PGM2ASC_H 1
| #define HAVE_OCRADLIB_H 1
| #define HAVE_POPPLER_CPP_POPPLER_DOCUMENT_H 1
| #define HAVE_OPENBABEL_MOL_H 1
| #define HAVE_OPENBABEL_OBCONVERSION_H 1
| /* end confdefs.h.  */
| #include <openbabel/builder.h>
configure:8066: result: no
configure:8066: WARNING: openbabel/builder.h: accepted by the compiler, rejected by the preprocessor!
configure:8066: WARNING: openbabel/builder.h: proceeding with the compiler's result
configure:8066: checking for openbabel/builder.h
configure:8066: result: yes
configure:8066: checking openbabel/alias.h usability
configure:8066: g++ -std=gnu++17 -c -I/usr/local/include/gocr -I/usr/include/openbabel3 -I/usr/local/include/GraphicsMagick -I/usr/local/include  conftest.cpp >&5
configure:8066: $? = 0
configure:8066: result: yes
configure:8066: checking openbabel/alias.h presence
configure:8066: g++ -std=gnu++17 -E -I/usr/local/include  conftest.cpp
conftest.cpp:31:10: fatal error: openbabel/alias.h: No such file or directory
   31 | #include <openbabel/alias.h>
      |          ^~~~~~~~~~~~~~~~~~~
compilation terminated.
configure:8066: $? = 1
configure: failed program was:
| /* confdefs.h */
| #define PACKAGE_NAME "osra"
| #define PACKAGE_TARNAME "osra"
| #define PACKAGE_VERSION "2.2.1"
| #define PACKAGE_STRING "osra 2.2.1"
| #define PACKAGE_BUGREPORT ""
| #define PACKAGE_URL ""
| #define HAVE_CXX17 1
| #define HAVE_NAMESPACES /**/
| #define HAVE_STL /**/
| #define STDC_HEADERS 1
| #define HAVE_SYS_TYPES_H 1
| #define HAVE_SYS_STAT_H 1
| #define HAVE_STDLIB_H 1
| #define HAVE_STRING_H 1
| #define HAVE_MEMORY_H 1
| #define HAVE_STRINGS_H 1
| #define HAVE_INTTYPES_H 1
| #define HAVE_STDINT_H 1
| #define HAVE_UNISTD_H 1
| #define HAVE_TCLAP_CMDLINE_H 1
| #define HAVE_POTRACELIB_H 1
| #define HAVE_PGM2ASC_H 1
| #define HAVE_PGM2ASC_H 1
| #define HAVE_OCRADLIB_H 1
| #define HAVE_POPPLER_CPP_POPPLER_DOCUMENT_H 1
| #define HAVE_OPENBABEL_MOL_H 1
| #define HAVE_OPENBABEL_OBCONVERSION_H 1
| #define HAVE_OPENBABEL_BUILDER_H 1
| /* end confdefs.h.  */
| #include <openbabel/alias.h>
configure:8066: result: no
configure:8066: WARNING: openbabel/alias.h: accepted by the compiler, rejected by the preprocessor!
configure:8066: WARNING: openbabel/alias.h: proceeding with the compiler's result
configure:8066: checking for openbabel/alias.h
configure:8066: result: yes
configure:8066: checking openbabel/stereo/tetrahedral.h usability
configure:8066: g++ -std=gnu++17 -c -I/usr/local/include/gocr -I/usr/include/openbabel3 -I/usr/local/include/GraphicsMagick -I/usr/local/include  conftest.cpp >&5
configure:8066: $? = 0
configure:8066: result: yes
configure:8066: checking openbabel/stereo/tetrahedral.h presence
configure:8066: g++ -std=gnu++17 -E -I/usr/local/include  conftest.cpp
conftest.cpp:32:10: fatal error: openbabel/stereo/tetrahedral.h: No such file or directory
   32 | #include <openbabel/stereo/tetrahedral.h>
      |          ^~~~~~~~~~~~~~~~~~~~~~~~~~~~~~~~
compilation terminated.
configure:8066: $? = 1
configure: failed program was:
| /* confdefs.h */
| #define PACKAGE_NAME "osra"
| #define PACKAGE_TARNAME "osra"
| #define PACKAGE_VERSION "2.2.1"
| #define PACKAGE_STRING "osra 2.2.1"
| #define PACKAGE_BUGREPORT ""
| #define PACKAGE_URL ""
| #define HAVE_CXX17 1
| #define HAVE_NAMESPACES /**/
| #define HAVE_STL /**/
| #define STDC_HEADERS 1
| #define HAVE_SYS_TYPES_H 1
| #define HAVE_SYS_STAT_H 1
| #define HAVE_STDLIB_H 1
| #define HAVE_STRING_H 1
| #define HAVE_MEMORY_H 1
| #define HAVE_STRINGS_H 1
| #define HAVE_INTTYPES_H 1
| #define HAVE_STDINT_H 1
| #define HAVE_UNISTD_H 1
| #define HAVE_TCLAP_CMDLINE_H 1
| #define HAVE_POTRACELIB_H 1
| #define HAVE_PGM2ASC_H 1
| #define HAVE_PGM2ASC_H 1
| #define HAVE_OCRADLIB_H 1
| #define HAVE_POPPLER_CPP_POPPLER_DOCUMENT_H 1
| #define HAVE_OPENBABEL_MOL_H 1
| #define HAVE_OPENBABEL_OBCONVERSION_H 1
| #define HAVE_OPENBABEL_BUILDER_H 1
| #define HAVE_OPENBABEL_ALIAS_H 1
| /* end confdefs.h.  */
| #include <openbabel/stereo/tetrahedral.h>
configure:8066: result: no
configure:8066: WARNING: openbabel/stereo/tetrahedral.h: accepted by the compiler, rejected by the preprocessor!
configure:8066: WARNING: openbabel/stereo/tetrahedral.h: proceeding with the compiler's result
configure:8066: checking for openbabel/stereo/tetrahedral.h
configure:8066: result: yes
configure:8227: checking limits.h usability
configure:8227: g++ -std=gnu++17 -c -I/usr/local/include/gocr -I/usr/include/openbabel3 -I/usr/local/include/GraphicsMagick -I/usr/local/include  conftest.cpp >&5
configure:8227: $? = 0
configure:8227: result: yes
configure:8227: checking limits.h presence
configure:8227: g++ -std=gnu++17 -E -I/usr/local/include  conftest.cpp
configure:8227: $? = 0
configure:8227: result: yes
configure:8227: checking for limits.h
configure:8227: result: yes
configure:8241: g++ -std=gnu++17 -c -I/usr/local/include/gocr -I/usr/include/openbabel3 -I/usr/local/include/GraphicsMagick -I/usr/local/include  conftest.cpp >&5
configure:8241: $? = 0
configure:8263: checking float.h usability
configure:8263: g++ -std=gnu++17 -c -I/usr/local/include/gocr -I/usr/include/openbabel3 -I/usr/local/include/GraphicsMagick -I/usr/local/include  conftest.cpp >&5
configure:8263: $? = 0
configure:8263: result: yes
configure:8263: checking float.h presence
configure:8263: g++ -std=gnu++17 -E -I/usr/local/include  conftest.cpp
configure:8263: $? = 0
configure:8263: result: yes
configure:8263: checking for float.h
configure:8263: result: yes
configure:8277: g++ -std=gnu++17 -c -I/usr/local/include/gocr -I/usr/include/openbabel3 -I/usr/local/include/GraphicsMagick -I/usr/local/include  conftest.cpp >&5
configure:8277: $? = 0
configure:8299: checking libgen.h usability
configure:8299: g++ -std=gnu++17 -c -I/usr/local/include/gocr -I/usr/include/openbabel3 -I/usr/local/include/GraphicsMagick -I/usr/local/include  conftest.cpp >&5
configure:8299: $? = 0
configure:8299: result: yes
configure:8299: checking libgen.h presence
configure:8299: g++ -std=gnu++17 -E -I/usr/local/include  conftest.cpp
configure:8299: $? = 0
configure:8299: result: yes
configure:8299: checking for libgen.h
configure:8299: result: yes
configure:8313: g++ -std=gnu++17 -c -I/usr/local/include/gocr -I/usr/include/openbabel3 -I/usr/local/include/GraphicsMagick -I/usr/local/include  conftest.cpp >&5
conftest.cpp: In function 'int main()':
conftest.cpp:37:20: warning: ISO C++ forbids converting a string constant to 'char*' [-Wwrite-strings]
   37 |  char *a = dirname("");
      |                    ^~
configure:8313: $? = 0
configure:8335: checking math.h usability
configure:8335: g++ -std=gnu++17 -c -I/usr/local/include/gocr -I/usr/include/openbabel3 -I/usr/local/include/GraphicsMagick -I/usr/local/include  conftest.cpp >&5
configure:8335: $? = 0
configure:8335: result: yes
configure:8335: checking math.h presence
configure:8335: g++ -std=gnu++17 -E -I/usr/local/include  conftest.cpp
configure:8335: $? = 0
configure:8335: result: yes
configure:8335: checking for math.h
configure:8335: result: yes
configure:8345: checking for -lm
configure:8382: g++ -std=gnu++17 -o conftest -I/usr/local/include/gocr -I/usr/include/openbabel3 -I/usr/local/include/GraphicsMagick -I/usr/local/include  -L/usr/local/lib -L/usr/local/lib -L/usr/local/lib  conftest.cpp -lm  -lGraphicsMagick++ -lGraphicsMagick -lfreetype -lpng16 -lXext -lSM -lICE -lX11 -lxml2 -llzma -lbz2 -lz -lm -lpthread -lgomp -lpng -locrad -lpotrace >&5
configure:8382: $? = 0
configure:8437: result: yes
configure:8463: LIBS="-lGraphicsMagick++ -lGraphicsMagick -lfreetype -lpng16 -lXext -lSM -lICE -lX11 -lxml2 -llzma -lbz2 -lz -lm -lpthread -lgomp -lpng -locrad -lpotrace" after linking check succeeded
configure:8511: g++ -std=gnu++17 -c -I/usr/local/include/gocr -I/usr/include/openbabel3 -I/usr/local/include/GraphicsMagick -I/usr/local/include  conftest.cpp >&5
configure:8511: $? = 0
configure:8532: checking for -lpotrace
configure:8583: g++ -std=gnu++17 -o conftest -I/usr/local/include/gocr -I/usr/include/openbabel3 -I/usr/local/include/GraphicsMagick -I/usr/local/include  -L/usr/local/lib -L/usr/local/lib -L/usr/local/lib  conftest.cpp -lpotrace  -lGraphicsMagick++ -lGraphicsMagick -lfreetype -lpng16 -lXext -lSM -lICE -lX11 -lxml2 -llzma -lbz2 -lz -lm -lpthread -lgomp -lpng -locrad -lpotrace >&5
configure:8583: $? = 0
configure:8652: result: yes
configure:8678: LIBS="-lpotrace -lGraphicsMagick++ -lGraphicsMagick -lfreetype -lpng16 -lXext -lSM -lICE -lX11 -lxml2 -llzma -lbz2 -lz -lm -lpthread -lgomp -lpng -locrad -lpotrace" after linking check succeeded
configure:8701: checking for -locrad
configure:8751: g++ -std=gnu++17 -o conftest -I/usr/local/include/gocr -I/usr/include/openbabel3 -I/usr/local/include/GraphicsMagick -I/usr/local/include  -L/usr/local/lib -L/usr/local/lib -L/usr/local/lib  conftest.cpp -locrad  -lpotrace -lGraphicsMagick++ -lGraphicsMagick -lfreetype -lpng16 -lXext -lSM -lICE -lX11 -lxml2 -llzma -lbz2 -lz -lm -lpthread -lgomp -lpng -locrad -lpotrace >&5
configure:8751: $? = 0
configure:8819: result: yes
configure:8845: LIBS="-lpotrace -lGraphicsMagick++ -lGraphicsMagick -lfreetype -lpng16 -lXext -lSM -lICE -lX11 -lxml2 -llzma -lbz2 -lz -lm -lpthread -lgomp -lpng -locrad -lpotrace" after linking check succeeded
configure:8863: checking for sem_init in -lpthread
configure:8888: g++ -std=gnu++17 -o conftest -I/usr/local/include/gocr -I/usr/include/openbabel3 -I/usr/local/include/GraphicsMagick -I/usr/local/include  -L/usr/local/lib -L/usr/local/lib -L/usr/local/lib  conftest.cpp -lpthread  -lpotrace -lGraphicsMagick++ -lGraphicsMagick -lfreetype -lpng16 -lXext -lSM -lICE -lX11 -lxml2 -llzma -lbz2 -lz -lm -lpthread -lgomp -lpng -locrad -lpotrace >&5
configure:8888: $? = 0
configure:8897: result: yes
configure:9386: checking for FT_Init_FreeType in -lfreetype
configure:9411: g++ -std=gnu++17 -o conftest -I/usr/local/include/gocr -I/usr/include/openbabel3 -I/usr/local/include/GraphicsMagick -I/usr/local/include  -L/usr/local/lib -L/usr/local/lib -L/usr/local/lib  conftest.cpp -lfreetype  -lpthread -lpotrace -lGraphicsMagick++ -lGraphicsMagick -lfreetype -lpng16 -lXext -lSM -lICE -lX11 -lxml2 -llzma -lbz2 -lz -lm -lpthread -lgomp -lpng -locrad -lpotrace >&5
configure:9411: $? = 0
configure:9420: result: yes
configure:9433: checking for FcInit in -lfontconfig
configure:9458: g++ -std=gnu++17 -o conftest -I/usr/local/include/gocr -I/usr/include/openbabel3 -I/usr/local/include/GraphicsMagick -I/usr/local/include  -L/usr/local/lib -L/usr/local/lib -L/usr/local/lib  conftest.cpp -lfontconfig  -lfreetype -lpthread -lpotrace -lGraphicsMagick++ -lGraphicsMagick -lfreetype -lpng16 -lXext -lSM -lICE -lX11 -lxml2 -llzma -lbz2 -lz -lm -lpthread -lgomp -lpng -locrad -lpotrace >&5
configure:9458: $? = 0
configure:9467: result: yes
configure:9486: checking for libs: poppler poppler-cpp
configure:9538: g++ -std=gnu++17 -o conftest -I/usr/local/include/gocr -I/usr/include/openbabel3 -I/usr/local/include/GraphicsMagick -I/usr/local/include  -L/usr/local/lib -L/usr/local/lib -L/usr/local/lib  conftest.cpp -lpoppler-cpp -lpoppler  -lfontconfig -lfreetype -lpthread -lpotrace -lGraphicsMagick++ -lGraphicsMagick -lfreetype -lpng16 -lXext -lSM -lICE -lX11 -lxml2 -llzma -lbz2 -lz -lm -lpthread -lgomp -lpng -locrad -lpotrace >&5
configure:9538: $? = 0
configure:9608: result: yes
configure:9634: LIBS="-lpoppler-cpp -lpoppler -lfontconfig -lfreetype -lpthread -lpotrace -lGraphicsMagick++ -lGraphicsMagick -lfreetype -lpng16 -lXext -lSM -lICE -lX11 -lxml2 -llzma -lbz2 -lz -lm -lpthread -lgomp -lpng -locrad -lpotrace" after linking check succeeded
configure:10336: checking for -lopenbabel
configure:10466: g++ -std=gnu++17 -o conftest -I/usr/local/include/gocr -I/usr/include/openbabel3 -I/usr/local/include/GraphicsMagick -I/usr/local/include  -L/usr/local/lib -L/usr/local/lib -L/usr/local/lib  conftest.cpp -lopenbabel  -lpoppler-cpp -lpoppler -lfontconfig -lfreetype -lpthread -lpotrace -lGraphicsMagick++ -lGraphicsMagick -lfreetype -lpng16 -lXext -lSM -lICE -lX11 -lxml2 -llzma -lbz2 -lz -lm -lpthread -lgomp -lpng -locrad -lpotrace >&5
configure:10466: $? = 0
configure:10614: result: yes
configure:10640: LIBS="-lopenbabel -lpoppler-cpp -lpoppler -lfontconfig -lfreetype -lpthread -lpotrace -lGraphicsMagick++ -lGraphicsMagick -lfreetype -lpng16 -lXext -lSM -lICE -lX11 -lxml2 -llzma -lbz2 -lz -lm -lpthread -lgomp -lpng -locrad -lpotrace" after linking check succeeded
configure:10666: checking for GraphicsMagick++-config
configure:10684: found /usr/local/bin/GraphicsMagick++-config
configure:10696: result: /usr/local/bin/GraphicsMagick++-config
configure:10733: CPPFLAGS="-I/usr/local/include/GraphicsMagick -I/usr/local/include " LIBS="-lopenbabel -lpoppler-cpp -lpoppler -lfontconfig -lfreetype -lpthread -lpotrace -lGraphicsMagick++ -lGraphicsMagick -lfreetype -lpng16 -lXext -lSM -lICE -lX11 -lxml2 -llzma -lbz2 -lz -lm -lpthread -lgomp -lpng -locrad -lpotrace" after populated with GraphicsMagick++-config
configure:10763: checking Magick++.h usability
configure:10763: g++ -std=gnu++17 -c -I/usr/local/include/gocr -I/usr/include/openbabel3 -I/usr/local/include/GraphicsMagick -I/usr/local/include/GraphicsMagick -I/usr/local/include  conftest.cpp >&5
configure:10763: $? = 0
configure:10763: result: yes
configure:10763: checking Magick++.h presence
configure:10763: g++ -std=gnu++17 -E -I/usr/local/include/GraphicsMagick -I/usr/local/include  conftest.cpp
configure:10763: $? = 0
configure:10763: result: yes
configure:10763: checking for Magick++.h
configure:10763: result: yes
configure:10925: checking for libs: GraphicsMagick++ GraphicsMagick
configure:10988: g++ -std=gnu++17 -o conftest -I/usr/local/include/gocr -I/usr/include/openbabel3 -I/usr/local/include/GraphicsMagick -I/usr/local/include/GraphicsMagick -I/usr/local/include  -L/usr/local/lib -L/usr/local/lib -L/usr/local/lib  conftest.cpp -lGraphicsMagick -lGraphicsMagick++  -lopenbabel -lpoppler-cpp -lpoppler -lfontconfig -lfreetype -lpthread -lpotrace -lGraphicsMagick++ -lGraphicsMagick -lfreetype -lpng16 -lXext -lSM -lICE -lX11 -lxml2 -llzma -lbz2 -lz -lm -lpthread -lgomp -lpng -locrad -lpotrace >&5
configure:10988: $? = 0
configure:11069: result: yes
configure:11095: LIBS="-lopenbabel -lpoppler-cpp -lpoppler -lfontconfig -lfreetype -lpthread -lpotrace -lGraphicsMagick++ -lGraphicsMagick -lfreetype -lpng16 -lXext -lSM -lICE -lX11 -lxml2 -llzma -lbz2 -lz -lm -lpthread -lgomp -lpng -locrad -lpotrace" after linking check succeeded
configure:11111: checking for library containing pnm_readpnminit
configure:11142: g++ -std=gnu++17 -o conftest -I/usr/local/include/gocr -I/usr/include/openbabel3 -I/usr/local/include/GraphicsMagick -I/usr/local/include/GraphicsMagick -I/usr/local/include  -L/usr/local/lib -L/usr/local/lib -L/usr/local/lib  conftest.cpp -lopenbabel -lpoppler-cpp -lpoppler -lfontconfig -lfreetype -lpthread -lpotrace -lGraphicsMagick++ -lGraphicsMagick -lfreetype -lpng16 -lXext -lSM -lICE -lX11 -lxml2 -llzma -lbz2 -lz -lm -lpthread -lgomp -lpng -locrad -lpotrace >&5
/usr/bin/ld: /tmp/cctCMQx7.o: in function `main':
conftest.cpp:(.text+0x9): undefined reference to `pnm_readpnminit'
collect2: error: ld returned 1 exit status
configure:11142: $? = 1
configure: failed program was:
| /* confdefs.h */
| #define PACKAGE_NAME "osra"
| #define PACKAGE_TARNAME "osra"
| #define PACKAGE_VERSION "2.2.1"
| #define PACKAGE_STRING "osra 2.2.1"
| #define PACKAGE_BUGREPORT ""
| #define PACKAGE_URL ""
| #define HAVE_CXX17 1
| #define HAVE_NAMESPACES /**/
| #define HAVE_STL /**/
| #define STDC_HEADERS 1
| #define HAVE_SYS_TYPES_H 1
| #define HAVE_SYS_STAT_H 1
| #define HAVE_STDLIB_H 1
| #define HAVE_STRING_H 1
| #define HAVE_MEMORY_H 1
| #define HAVE_STRINGS_H 1
| #define HAVE_INTTYPES_H 1
| #define HAVE_STDINT_H 1
| #define HAVE_UNISTD_H 1
| #define HAVE_TCLAP_CMDLINE_H 1
| #define HAVE_POTRACELIB_H 1
| #define HAVE_PGM2ASC_H 1
| #define HAVE_PGM2ASC_H 1
| #define HAVE_OCRADLIB_H 1
| #define HAVE_POPPLER_CPP_POPPLER_DOCUMENT_H 1
| #define HAVE_OPENBABEL_MOL_H 1
| #define HAVE_OPENBABEL_OBCONVERSION_H 1
| #define HAVE_OPENBABEL_BUILDER_H 1
| #define HAVE_OPENBABEL_ALIAS_H 1
| #define HAVE_OPENBABEL_STEREO_TETRAHEDRAL_H 1
| #define HAVE_LIBM 1
| #define HAVE_LIBPOTRACE 1
| #define HAVE_LIBOCRAD 1
| #define HAVE_LIBPTHREAD 1
| #define HAVE_LIBFREETYPE 1
| #define HAVE_LIBFONTCONFIG 1
| #define HAVE_LIBPOPPLER_POPPLER_CPP 1
| #define HAVE_LIBOPENBABEL 1
| #define HAVE_MAGICK___H 1
| #define HAVE_LIBGRAPHICSMAGICK___GRAPHICSMAGICK 1
| /* end confdefs.h.  */
| 
| /* Override any GCC internal prototype to avoid an error.
|    Use char because int might match the return type of a GCC
|    builtin and then its argument prototype would still apply.  */
| #ifdef __cplusplus
| extern "C"
| #endif
| char pnm_readpnminit ();
| int
| main ()
| {
| return pnm_readpnminit ();
|   ;
|   return 0;
| }
configure:11142: g++ -std=gnu++17 -o conftest -I/usr/local/include/gocr -I/usr/include/openbabel3 -I/usr/local/include/GraphicsMagick -I/usr/local/include/GraphicsMagick -I/usr/local/include  -L/usr/local/lib -L/usr/local/lib -L/usr/local/lib  conftest.cpp -lnetpbm  -lopenbabel -lpoppler-cpp -lpoppler -lfontconfig -lfreetype -lpthread -lpotrace -lGraphicsMagick++ -lGraphicsMagick -lfreetype -lpng16 -lXext -lSM -lICE -lX11 -lxml2 -llzma -lbz2 -lz -lm -lpthread -lgomp -lpng -locrad -lpotrace >&5
/usr/bin/ld: cannot find -lnetpbm
collect2: error: ld returned 1 exit status
configure:11142: $? = 1
configure: failed program was:
| /* confdefs.h */
| #define PACKAGE_NAME "osra"
| #define PACKAGE_TARNAME "osra"
| #define PACKAGE_VERSION "2.2.1"
| #define PACKAGE_STRING "osra 2.2.1"
| #define PACKAGE_BUGREPORT ""
| #define PACKAGE_URL ""
| #define HAVE_CXX17 1
| #define HAVE_NAMESPACES /**/
| #define HAVE_STL /**/
| #define STDC_HEADERS 1
| #define HAVE_SYS_TYPES_H 1
| #define HAVE_SYS_STAT_H 1
| #define HAVE_STDLIB_H 1
| #define HAVE_STRING_H 1
| #define HAVE_MEMORY_H 1
| #define HAVE_STRINGS_H 1
| #define HAVE_INTTYPES_H 1
| #define HAVE_STDINT_H 1
| #define HAVE_UNISTD_H 1
| #define HAVE_TCLAP_CMDLINE_H 1
| #define HAVE_POTRACELIB_H 1
| #define HAVE_PGM2ASC_H 1
| #define HAVE_PGM2ASC_H 1
| #define HAVE_OCRADLIB_H 1
| #define HAVE_POPPLER_CPP_POPPLER_DOCUMENT_H 1
| #define HAVE_OPENBABEL_MOL_H 1
| #define HAVE_OPENBABEL_OBCONVERSION_H 1
| #define HAVE_OPENBABEL_BUILDER_H 1
| #define HAVE_OPENBABEL_ALIAS_H 1
| #define HAVE_OPENBABEL_STEREO_TETRAHEDRAL_H 1
| #define HAVE_LIBM 1
| #define HAVE_LIBPOTRACE 1
| #define HAVE_LIBOCRAD 1
| #define HAVE_LIBPTHREAD 1
| #define HAVE_LIBFREETYPE 1
| #define HAVE_LIBFONTCONFIG 1
| #define HAVE_LIBPOPPLER_POPPLER_CPP 1
| #define HAVE_LIBOPENBABEL 1
| #define HAVE_MAGICK___H 1
| #define HAVE_LIBGRAPHICSMAGICK___GRAPHICSMAGICK 1
| /* end confdefs.h.  */
| 
| /* Override any GCC internal prototype to avoid an error.
|    Use char because int might match the return type of a GCC
|    builtin and then its argument prototype would still apply.  */
| #ifdef __cplusplus
| extern "C"
| #endif
| char pnm_readpnminit ();
| int
| main ()
| {
| return pnm_readpnminit ();
|   ;
|   return 0;
| }
configure:11142: g++ -std=gnu++17 -o conftest -I/usr/local/include/gocr -I/usr/include/openbabel3 -I/usr/local/include/GraphicsMagick -I/usr/local/include/GraphicsMagick -I/usr/local/include  -L/usr/local/lib -L/usr/local/lib -L/usr/local/lib  conftest.cpp -lpnm  -lopenbabel -lpoppler-cpp -lpoppler -lfontconfig -lfreetype -lpthread -lpotrace -lGraphicsMagick++ -lGraphicsMagick -lfreetype -lpng16 -lXext -lSM -lICE -lX11 -lxml2 -llzma -lbz2 -lz -lm -lpthread -lgomp -lpng -locrad -lpotrace >&5
/usr/bin/ld: cannot find -lpnm
collect2: error: ld returned 1 exit status
configure:11142: $? = 1
configure: failed program was:
| /* confdefs.h */
| #define PACKAGE_NAME "osra"
| #define PACKAGE_TARNAME "osra"
| #define PACKAGE_VERSION "2.2.1"
| #define PACKAGE_STRING "osra 2.2.1"
| #define PACKAGE_BUGREPORT ""
| #define PACKAGE_URL ""
| #define HAVE_CXX17 1
| #define HAVE_NAMESPACES /**/
| #define HAVE_STL /**/
| #define STDC_HEADERS 1
| #define HAVE_SYS_TYPES_H 1
| #define HAVE_SYS_STAT_H 1
| #define HAVE_STDLIB_H 1
| #define HAVE_STRING_H 1
| #define HAVE_MEMORY_H 1
| #define HAVE_STRINGS_H 1
| #define HAVE_INTTYPES_H 1
| #define HAVE_STDINT_H 1
| #define HAVE_UNISTD_H 1
| #define HAVE_TCLAP_CMDLINE_H 1
| #define HAVE_POTRACELIB_H 1
| #define HAVE_PGM2ASC_H 1
| #define HAVE_PGM2ASC_H 1
| #define HAVE_OCRADLIB_H 1
| #define HAVE_POPPLER_CPP_POPPLER_DOCUMENT_H 1
| #define HAVE_OPENBABEL_MOL_H 1
| #define HAVE_OPENBABEL_OBCONVERSION_H 1
| #define HAVE_OPENBABEL_BUILDER_H 1
| #define HAVE_OPENBABEL_ALIAS_H 1
| #define HAVE_OPENBABEL_STEREO_TETRAHEDRAL_H 1
| #define HAVE_LIBM 1
| #define HAVE_LIBPOTRACE 1
| #define HAVE_LIBOCRAD 1
| #define HAVE_LIBPTHREAD 1
| #define HAVE_LIBFREETYPE 1
| #define HAVE_LIBFONTCONFIG 1
| #define HAVE_LIBPOPPLER_POPPLER_CPP 1
| #define HAVE_LIBOPENBABEL 1
| #define HAVE_MAGICK___H 1
| #define HAVE_LIBGRAPHICSMAGICK___GRAPHICSMAGICK 1
| /* end confdefs.h.  */
| 
| /* Override any GCC internal prototype to avoid an error.
|    Use char because int might match the return type of a GCC
|    builtin and then its argument prototype would still apply.  */
| #ifdef __cplusplus
| extern "C"
| #endif
| char pnm_readpnminit ();
| int
| main ()
| {
| return pnm_readpnminit ();
|   ;
|   return 0;
| }
configure:11159: result: no
configure:11176: checking for -lPgm2asc
configure:11226: g++ -std=gnu++17 -o conftest -I/usr/local/include/gocr -I/usr/include/openbabel3 -I/usr/local/include/GraphicsMagick -I/usr/local/include/GraphicsMagick -I/usr/local/include  -L/usr/local/lib -L/usr/local/lib -L/usr/local/lib  conftest.cpp -lPgm2asc  -lopenbabel -lpoppler-cpp -lpoppler -lfontconfig -lfreetype -lpthread -lpotrace -lGraphicsMagick++ -lGraphicsMagick -lfreetype -lpng16 -lXext -lSM -lICE -lX11 -lxml2 -llzma -lbz2 -lz -lm -lpthread -lgomp -lpng -locrad -lpotrace >&5
configure:11226: $? = 0
configure:11294: result: yes
configure:11320: LIBS="-lPgm2asc -lopenbabel -lpoppler-cpp -lpoppler -lfontconfig -lfreetype -lpthread -lpotrace -lGraphicsMagick++ -lGraphicsMagick -lfreetype -lpng16 -lXext -lSM -lICE -lX11 -lxml2 -llzma -lbz2 -lz -lm -lpthread -lgomp -lpng -locrad -lpotrace" after linking check succeeded
configure:11388: Forcing GOCR detection to succeed
configure:11506: creating ./config.status

## ---------------------- ##
## Running config.status. ##
## ---------------------- ##

This file was extended by osra config.status 2.2.1, which was
generated by GNU Autoconf 2.69.  Invocation command line was

  CONFIG_FILES    = 
  CONFIG_HEADERS  = 
  CONFIG_LINKS    = 
  CONFIG_COMMANDS = 
  $ ./config.status 

on codespaces-762c10

config.status:864: creating Makefile
config.status:864: creating Makefile.inc
config.status:864: creating doc/manual.sgml
config.status:864: creating package/linux/osra.pc
config.status:864: creating package/linux/debian/control
config.status:864: creating package/linux/debian/rules
config.status:864: creating package/linux/suse/osra.spec
config.status:864: creating pom.xml
config.status:864: creating package/linux/osra.sh
config.status:864: creating package/linux/install.sh
config.status:864: creating package/linux/install-user.sh
config.status:864: creating package/osx/osra.sh
config.status:864: creating package/osx/install.sh
config.status:864: creating package/win32/osra.nsi
config.status:864: creating src/config.h
configure:12683: Now you can run "make all install" to compile and install the application.

## ---------------- ##
## Cache variables. ##
## ---------------- ##

ac_cv_build=x86_64-unknown-linux-gnu
ac_cv_cxx_compiler_gnu=yes
ac_cv_cxx_have_stl=yes
ac_cv_cxx_namespaces=yes
ac_cv_env_CCC_set=
ac_cv_env_CCC_value=
ac_cv_env_CPPFLAGS_set=
ac_cv_env_CPPFLAGS_value=
ac_cv_env_CXXCPP_set=
ac_cv_env_CXXCPP_value=
ac_cv_env_CXXFLAGS_set=set
ac_cv_env_CXXFLAGS_value='-I/usr/local/include/gocr -I/usr/include/openbabel3 -I/usr/local/include/GraphicsMagick'
ac_cv_env_CXX_set=
ac_cv_env_CXX_value=
ac_cv_env_LDFLAGS_set=set
ac_cv_env_LDFLAGS_value='-L/usr/local/lib -L/usr/local/lib '
ac_cv_env_LIBS_set=set
ac_cv_env_LIBS_value='-lGraphicsMagick++ -lGraphicsMagick -lfreetype -lpng16 -lXext -lSM -lICE -lX11 -lxml2 -llzma -lbz2 -lz -lm -lpthread -lgomp -lpng -locrad -lpotrace'
ac_cv_env_build_alias_set=
ac_cv_env_build_alias_value=
ac_cv_env_host_alias_set=
ac_cv_env_host_alias_value=
ac_cv_env_target_alias_set=
ac_cv_env_target_alias_value=
ac_cv_header_Magickpp_h=yes
ac_cv_header_float_h=yes
ac_cv_header_inttypes_h=yes
ac_cv_header_libgen_h=yes
ac_cv_header_limits_h=yes
ac_cv_header_math_h=yes
ac_cv_header_memory_h=yes
ac_cv_header_ocradlib_h=yes
ac_cv_header_openbabel_alias_h=yes
ac_cv_header_openbabel_builder_h=yes
ac_cv_header_openbabel_mol_h=yes
ac_cv_header_openbabel_obconversion_h=yes
ac_cv_header_openbabel_stereo_tetrahedral_h=yes
ac_cv_header_pgm2asc_h=yes
ac_cv_header_poppler_cpp_poppler_document_h=yes
ac_cv_header_potracelib_h=yes
ac_cv_header_stdc=yes
ac_cv_header_stdint_h=yes
ac_cv_header_stdlib_h=yes
ac_cv_header_string_h=yes
ac_cv_header_strings_h=yes
ac_cv_header_sys_stat_h=yes
ac_cv_header_sys_types_h=yes
ac_cv_header_tclap_CmdLine_h=yes
ac_cv_header_unistd_h=yes
ac_cv_lib_GraphicsMagickpp_GraphicsMagick=yes
ac_cv_lib_Pgm2asc=yes
ac_cv_lib_fontconfig_FcInit=yes
ac_cv_lib_freetype_FT_Init_FreeType=yes
ac_cv_lib_m=yes
ac_cv_lib_ocrad=yes
ac_cv_lib_openbabel=yes
ac_cv_lib_poppler_poppler_cpp=yes
ac_cv_lib_potrace=yes
ac_cv_lib_pthread_sem_init=yes
ac_cv_objext=o
ac_cv_path_AR=/usr/bin/ar
ac_cv_path_EGREP='/usr/bin/grep -E'
ac_cv_path_GRAPHICS_MAGICK_CONFIG=/usr/local/bin/GraphicsMagick++-config
ac_cv_path_GREP=/usr/bin/grep
ac_cv_path_LD=/usr/bin/ld
ac_cv_path_RM=/usr/bin/rm
ac_cv_path_install='/usr/bin/install -c'
ac_cv_prog_CXXCPP='g++ -std=gnu++17 -E'
ac_cv_prog_ac_ct_CXX=g++
ac_cv_prog_ac_ct_RANLIB=ranlib
ac_cv_prog_cxx_g=yes
ac_cv_prog_cxx_openmp=-fopenmp
ac_cv_search_pnm_readpnminit=no
ax_cv_cxx_compile_cxx17=no
ax_cv_cxx_compile_cxx17__std_gnupp17=yes

## ----------------- ##
## Output variables. ##
## ----------------- ##

AR='/usr/bin/ar'
CPPFLAGS=' -I/usr/local/include/GraphicsMagick -I/usr/local/include '
CXX='g++ -std=gnu++17'
CXXCPP='g++ -std=gnu++17 -E'
CXXFLAGS='-fopenmp -I/usr/local/include/gocr -I/usr/include/openbabel3 -I/usr/local/include/GraphicsMagick'
DEFS='-DHAVE_CONFIG_H'
ECHO_C=''
ECHO_N='-n'
ECHO_T=''
EGREP='/usr/bin/grep -E'
EXEEXT=''
GRAPHICS_MAGICK_CONFIG='/usr/local/bin/GraphicsMagick++-config'
GREP='/usr/bin/grep'
HAVE_CXX17='1'
INSTALL_DATA='${INSTALL} -m 644'
INSTALL_PROGRAM='${INSTALL} -s'
INSTALL_SCRIPT='${INSTALL}'
LD='/usr/bin/ld'
LDFLAGS='-L/usr/local/lib -L/usr/local/lib -L/usr/local/lib '
LDSHAREDFLAGS='-shared -Wl,-soname,$@.$(LIB_MAJOR_VERSION)'
LIBOBJS=''
LIBS='-lPgm2asc -lopenbabel -lpoppler-cpp -lpoppler -lfontconfig -lfreetype -lpthread -lpotrace -lGraphicsMagick++ -lGraphicsMagick -lfreetype -lpng16 -lXext -lSM -lICE -lX11 -lxml2 -llzma -lbz2 -lz -lm -lpthread -lgomp -lpng -locrad -lpotrace'
LIB_MAJOR_VERSION='2'
LIB_MINOR_VERSION='1'
LIB_PATCH_VERSION='20201'
LN_S='ln -s'
LTLIBOBJS=''
NATURALDOCS=''
OBJEXT='o'
OPENMP_CXXFLAGS='-fopenmp'
OSRA_JAVA=''
OSRA_LIB=''
PACKAGE_BUGREPORT=''
PACKAGE_NAME='osra'
PACKAGE_STRING='osra 2.2.1'
PACKAGE_TARNAME='osra'
PACKAGE_URL=''
PACKAGE_VERSION='2.2.1'
PACKAGE_VERSION_WITH_DASHES='2-2-1'
PATH_SEPARATOR=':'
RANLIB='ranlib'
RM='/usr/bin/rm'
SHAREDEXT='.so'
SHELL='/bin/bash'
TESSERACT_LIB=''
XSLTPROC=''
ac_ct_CXX='g++'
bindir='${exec_prefix}/bin'
build='x86_64-unknown-linux-gnu'
build_alias=''
build_cpu='x86_64'
build_os='linux'
build_vendor='unknown'
datadir='${prefix}/share'
datarootdir='${prefix}/share'
docdir='${prefix}/share/doc/osra'
dvidir='${docdir}'
exec_prefix='${prefix}'
host_alias=''
htmldir='${docdir}'
includedir='${prefix}/include'
infodir='${datarootdir}/info'
libdir='${exec_prefix}/lib'
libexecdir='${exec_prefix}/libexec'
localedir='${datarootdir}/locale'
localstatedir='${prefix}/var'
mandir='${datarootdir}/man'
oldincludedir='/usr/include'
osra_lib_gocr='yes'
pdfdir='${docdir}'
prefix='/usr/local'
program_transform_name='s,x,x,'
psdir='${docdir}'
resolved_datadir='/usr/local/share'
runstatedir='${localstatedir}/run'
sbindir='${exec_prefix}/sbin'
sharedstatedir='${prefix}/com'
sysconfdir='${prefix}/etc'
target_alias=''

## ----------- ##
## confdefs.h. ##
## ----------- ##

/* confdefs.h */
#define PACKAGE_NAME "osra"
#define PACKAGE_TARNAME "osra"
#define PACKAGE_VERSION "2.2.1"
#define PACKAGE_STRING "osra 2.2.1"
#define PACKAGE_BUGREPORT ""
#define PACKAGE_URL ""
#define HAVE_CXX17 1
#define HAVE_NAMESPACES /**/
#define HAVE_STL /**/
#define STDC_HEADERS 1
#define HAVE_SYS_TYPES_H 1
#define HAVE_SYS_STAT_H 1
#define HAVE_STDLIB_H 1
#define HAVE_STRING_H 1
#define HAVE_MEMORY_H 1
#define HAVE_STRINGS_H 1
#define HAVE_INTTYPES_H 1
#define HAVE_STDINT_H 1
#define HAVE_UNISTD_H 1
#define HAVE_TCLAP_CMDLINE_H 1
#define HAVE_POTRACELIB_H 1
#define HAVE_PGM2ASC_H 1
#define HAVE_PGM2ASC_H 1
#define HAVE_OCRADLIB_H 1
#define HAVE_POPPLER_CPP_POPPLER_DOCUMENT_H 1
#define HAVE_OPENBABEL_MOL_H 1
#define HAVE_OPENBABEL_OBCONVERSION_H 1
#define HAVE_OPENBABEL_BUILDER_H 1
#define HAVE_OPENBABEL_ALIAS_H 1
#define HAVE_OPENBABEL_STEREO_TETRAHEDRAL_H 1
#define HAVE_LIBM 1
#define HAVE_LIBPOTRACE 1
#define HAVE_LIBOCRAD 1
#define HAVE_LIBPTHREAD 1
#define HAVE_LIBFREETYPE 1
#define HAVE_LIBFONTCONFIG 1
#define HAVE_LIBPOPPLER_POPPLER_CPP 1
#define HAVE_LIBOPENBABEL 1
#define HAVE_MAGICK___H 1
#define HAVE_LIBGRAPHICSMAGICK___GRAPHICSMAGICK 1
#define HAVE_LIBPGM2ASC 1
#define DATA_DIR "/usr/local/share"
#define HAVE_PGM2ASC_H 1

configure: exit 0
