This file contains any messages produced by compilers while
running configure, to aid debugging if configure makes a mistake.

It was created by osra configure 2.2.1, which was
generated by GNU Autoconf 2.69.  Invocation command line was

  $ ../configure --host=x86_64-w64-mingw32.static ac_cv_header_potracelib_h=yes ac_cv_lib_potrace_potrace_version=yes ac_cv_lib_ocrad_ocrad_analyze=yes

## --------- ##
## Platform. ##
## --------- ##

hostname = codespaces-762c10
uname -m = x86_64
uname -r = 6.8.0-1026-azure
uname -s = Linux
uname -v = #31~22.04.1-Ubuntu SMP Thu Mar 20 04:12:50 UTC 2025

/usr/bin/uname -p = x86_64
/bin/uname -X     = unknown

/bin/arch              = x86_64
/usr/bin/arch -k       = unknown
/usr/convex/getsysinfo = unknown
/usr/bin/hostinfo      = unknown
/bin/machine           = unknown
/usr/bin/oslevel       = unknown
/bin/universe          = unknown

PATH: /workspaces/osra-build/osra-2.2.1/mxe/usr/bin
PATH: /usr/local/rvm/gems/ruby-3.3.4/bin
PATH: /usr/local/rvm/gems/ruby-3.3.4@global/bin
PATH: /usr/local/rvm/rubies/ruby-3.3.4/bin
PATH: /vscode/bin/linux-x64/17baf841131aa23349f217ca7c570c76ee87b957/bin/remote-cli
PATH: /home/codespace/.local/bin
PATH: /home/codespace/.dotnet
PATH: /home/codespace/nvm/current/bin
PATH: /home/codespace/.php/current/bin
PATH: /home/codespace/.python/current/bin
PATH: /home/codespace/java/current/bin
PATH: /home/codespace/.ruby/current/bin
PATH: /home/codespace/.local/bin
PATH: /usr/local/python/current/bin
PATH: /usr/local/py-utils/bin
PATH: /usr/local/jupyter
PATH: /usr/local/oryx
PATH: /usr/local/go/bin
PATH: /go/bin
PATH: /usr/local/sdkman/bin
PATH: /usr/local/sdkman/candidates/java/current/bin
PATH: /usr/local/sdkman/candidates/gradle/current/bin
PATH: /usr/local/sdkman/candidates/maven/current/bin
PATH: /usr/local/sdkman/candidates/ant/current/bin
PATH: /usr/local/rvm/gems/default/bin
PATH: /usr/local/rvm/gems/default@global/bin
PATH: /usr/local/rvm/rubies/default/bin
PATH: /usr/local/share/rbenv/bin
PATH: /usr/local/php/current/bin
PATH: /opt/conda/bin
PATH: /usr/local/nvs
PATH: /usr/local/share/nvm/versions/node/v20.19.0/bin
PATH: /usr/local/hugo/bin
PATH: /usr/local/sbin
PATH: /usr/local/bin
PATH: /usr/sbin
PATH: /usr/bin
PATH: /sbin
PATH: /bin
PATH: /usr/share/dotnet
PATH: /home/codespace/.dotnet/tools
PATH: /usr/local/rvm/bin


## ----------- ##
## Core tests. ##
## ----------- ##

configure:2210: checking build system type
configure:2224: result: x86_64-unknown-linux-gnu
configure:2265: checking for ld
configure:2283: found /usr/bin/ld
configure:2295: result: /usr/bin/ld
configure:2303: checking if ld (/usr/bin/ld) is GNU ld
configure:2429: checking for C++ compiler version
configure:2438: x86_64-w64-mingw32.static-g++ --version >&5
x86_64-w64-mingw32.static-g++ (GCC) 11.5.0
Copyright (C) 2021 Free Software Foundation, Inc.
This is free software; see the source for copying conditions.  There is NO
warranty; not even for MERCHANTABILITY or FITNESS FOR A PARTICULAR PURPOSE.

configure:2449: $? = 0
configure:2438: x86_64-w64-mingw32.static-g++ -v >&5
Reading specs from /workspaces/osra-build/osra-2.2.1/mxe/usr/lib/gcc/x86_64-w64-mingw32.static/11.5.0/specs
COLLECT_GCC=x86_64-w64-mingw32.static-g++
COLLECT_LTO_WRAPPER=/workspaces/osra-build/osra-2.2.1/mxe/usr/libexec/gcc/x86_64-w64-mingw32.static/11.5.0/lto-wrapper
Target: x86_64-w64-mingw32.static
Configured with: /workspaces/osra-build/osra-2.2.1/mxe/tmp-gcc-x86_64-w64-mingw32.static/gcc-11.5.0/configure ac_cv_prog_HAVE_DOXYGEN=false --enable-doc=no --enable-gtk-doc=no --enable-gtk-doc-html=no --enable-gtk-doc-pdf=no --docdir=/workspaces/osra-build/osra-2.2.1/mxe/tmp-gcc-x86_64-w64-mingw32.static/gcc-11.5.0.build_.sink --infodir=/workspaces/osra-build/osra-2.2.1/mxe/tmp-gcc-x86_64-w64-mingw32.static/gcc-11.5.0.build_.sink --mandir=/workspaces/osra-build/osra-2.2.1/mxe/tmp-gcc-x86_64-w64-mingw32.static/gcc-11.5.0.build_.sink --with-html-dir=/workspaces/osra-build/osra-2.2.1/mxe/tmp-gcc-x86_64-w64-mingw32.static/gcc-11.5.0.build_.sink --disable-doxygen --target=x86_64-w64-mingw32.static --build=x86_64-pc-linux-gnu --prefix=/workspaces/osra-build/osra-2.2.1/mxe/usr --libdir=/workspaces/osra-build/osra-2.2.1/mxe/usr/lib --with-sysroot=/workspaces/osra-build/osra-2.2.1/mxe/usr/x86_64-w64-mingw32.static --enable-languages=c,c++,objc,fortran --enable-version-specific-runtime-libs --with-gcc --with-gnu-ld --with-gnu-as --disable-nls --disable-shared --disable-multilib --without-x --disable-win32-registry --enable-threads=posix --enable-default-ssp --enable-libgomp --with-gmp=/workspaces/osra-build/osra-2.2.1/mxe/usr/x86_64-pc-linux-gnu --with-isl=/workspaces/osra-build/osra-2.2.1/mxe/usr/x86_64-pc-linux-gnu --with-mpc=/workspaces/osra-build/osra-2.2.1/mxe/usr/x86_64-pc-linux-gnu --with-mpfr=/workspaces/osra-build/osra-2.2.1/mxe/usr/x86_64-pc-linux-gnu --with-as=/workspaces/osra-build/osra-2.2.1/mxe/usr/bin/x86_64-w64-mingw32.static-as --with-ld=/workspaces/osra-build/osra-2.2.1/mxe/usr/bin/x86_64-w64-mingw32.static-ld --with-nm=/workspaces/osra-build/osra-2.2.1/mxe/usr/bin/x86_64-w64-mingw32.static-nm --enable-libstdcxx-time
Thread model: posix
Supported LTO compression algorithms: zlib zstd
gcc version 11.5.0 (GCC) 
configure:2449: $? = 0
configure:2438: x86_64-w64-mingw32.static-g++ -V >&5
x86_64-w64-mingw32.static-g++: error: unrecognized command-line option '-V'
x86_64-w64-mingw32.static-g++: fatal error: no input files
compilation terminated.
configure:2449: $? = 1
configure:2438: x86_64-w64-mingw32.static-g++ -qversion >&5
x86_64-w64-mingw32.static-g++: error: unrecognized command-line option '-qversion'; did you mean '--version'?
x86_64-w64-mingw32.static-g++: fatal error: no input files
compilation terminated.
configure:2449: $? = 1
configure:2469: checking whether the C++ compiler works
configure:2491: x86_64-w64-mingw32.static-g++  -I/workspaces/osra-build/osra-2.2.1/mxe/usr/x86_64-w64-mingw32.static/include -L/workspaces/osra-build/osra-2.2.1/mxe/usr/x86_64-w64-mingw32.static/lib conftest.cpp  >&5
configure:2495: $? = 0
configure:2543: result: yes
configure:2546: checking for C++ compiler default output file name
configure:2548: result: a.exe
configure:2554: checking for suffix of executables
configure:2561: x86_64-w64-mingw32.static-g++ -o conftest.exe  -I/workspaces/osra-build/osra-2.2.1/mxe/usr/x86_64-w64-mingw32.static/include -L/workspaces/osra-build/osra-2.2.1/mxe/usr/x86_64-w64-mingw32.static/lib conftest.cpp  >&5
configure:2565: $? = 0
configure:2587: result: .exe
configure:2609: checking whether we are cross compiling
configure:2617: x86_64-w64-mingw32.static-g++ -o conftest.exe  -I/workspaces/osra-build/osra-2.2.1/mxe/usr/x86_64-w64-mingw32.static/include -L/workspaces/osra-build/osra-2.2.1/mxe/usr/x86_64-w64-mingw32.static/lib conftest.cpp  >&5
configure:2621: $? = 0
configure:2628: ./conftest.exe
../configure: line 2630: ./conftest.exe: cannot execute binary file: Exec format error
configure:2632: $? = 126
configure:2620: result: yes
configure:2625: checking for suffix of object files
configure:2647: x86_64-w64-mingw32.static-g++ -c  -I/workspaces/osra-build/osra-2.2.1/mxe/usr/x86_64-w64-mingw32.static/include conftest.cpp >&5
configure:2651: $? = 0
configure:2672: result: o
configure:2676: checking whether we are using the GNU C++ compiler
configure:2695: x86_64-w64-mingw32.static-g++ -c  -I/workspaces/osra-build/osra-2.2.1/mxe/usr/x86_64-w64-mingw32.static/include conftest.cpp >&5
configure:2695: $? = 0
configure:2704: result: yes
configure:2713: checking whether x86_64-w64-mingw32.static-g++ accepts -g
configure:2733: x86_64-w64-mingw32.static-g++ -c -g -I/workspaces/osra-build/osra-2.2.1/mxe/usr/x86_64-w64-mingw32.static/include conftest.cpp >&5
configure:2733: $? = 0
configure:2774: result: yes
configure:2806: checking whether x86_64-w64-mingw32.static-g++ supports C++17 features by default
configure:3614: x86_64-w64-mingw32.static-g++ -c -g -O2 -I/workspaces/osra-build/osra-2.2.1/mxe/usr/x86_64-w64-mingw32.static/include conftest.cpp >&5
configure:3614: $? = 0
configure:3621: result: yes
configure:5330: checking whether the compiler implements namespaces
configure:5353: x86_64-w64-mingw32.static-g++ -c -g -O2 -I/workspaces/osra-build/osra-2.2.1/mxe/usr/x86_64-w64-mingw32.static/include conftest.cpp >&5
configure:5353: $? = 0
configure:5367: result: yes
configure:5375: checking whether the compiler supports Standard Template Library
configure:5404: x86_64-w64-mingw32.static-g++ -c -g -O2 -I/workspaces/osra-build/osra-2.2.1/mxe/usr/x86_64-w64-mingw32.static/include conftest.cpp >&5
configure:5404: $? = 0
configure:5418: result: yes
configure:5546: checking for C++ compiler version
configure:5555: x86_64-w64-mingw32.static-g++ --version >&5
x86_64-w64-mingw32.static-g++ (GCC) 11.5.0
Copyright (C) 2021 Free Software Foundation, Inc.
This is free software; see the source for copying conditions.  There is NO
warranty; not even for MERCHANTABILITY or FITNESS FOR A PARTICULAR PURPOSE.

configure:5566: $? = 0
configure:5555: x86_64-w64-mingw32.static-g++ -v >&5
Reading specs from /workspaces/osra-build/osra-2.2.1/mxe/usr/lib/gcc/x86_64-w64-mingw32.static/11.5.0/specs
COLLECT_GCC=x86_64-w64-mingw32.static-g++
COLLECT_LTO_WRAPPER=/workspaces/osra-build/osra-2.2.1/mxe/usr/libexec/gcc/x86_64-w64-mingw32.static/11.5.0/lto-wrapper
Target: x86_64-w64-mingw32.static
Configured with: /workspaces/osra-build/osra-2.2.1/mxe/tmp-gcc-x86_64-w64-mingw32.static/gcc-11.5.0/configure ac_cv_prog_HAVE_DOXYGEN=false --enable-doc=no --enable-gtk-doc=no --enable-gtk-doc-html=no --enable-gtk-doc-pdf=no --docdir=/workspaces/osra-build/osra-2.2.1/mxe/tmp-gcc-x86_64-w64-mingw32.static/gcc-11.5.0.build_.sink --infodir=/workspaces/osra-build/osra-2.2.1/mxe/tmp-gcc-x86_64-w64-mingw32.static/gcc-11.5.0.build_.sink --mandir=/workspaces/osra-build/osra-2.2.1/mxe/tmp-gcc-x86_64-w64-mingw32.static/gcc-11.5.0.build_.sink --with-html-dir=/workspaces/osra-build/osra-2.2.1/mxe/tmp-gcc-x86_64-w64-mingw32.static/gcc-11.5.0.build_.sink --disable-doxygen --target=x86_64-w64-mingw32.static --build=x86_64-pc-linux-gnu --prefix=/workspaces/osra-build/osra-2.2.1/mxe/usr --libdir=/workspaces/osra-build/osra-2.2.1/mxe/usr/lib --with-sysroot=/workspaces/osra-build/osra-2.2.1/mxe/usr/x86_64-w64-mingw32.static --enable-languages=c,c++,objc,fortran --enable-version-specific-runtime-libs --with-gcc --with-gnu-ld --with-gnu-as --disable-nls --disable-shared --disable-multilib --without-x --disable-win32-registry --enable-threads=posix --enable-default-ssp --enable-libgomp --with-gmp=/workspaces/osra-build/osra-2.2.1/mxe/usr/x86_64-pc-linux-gnu --with-isl=/workspaces/osra-build/osra-2.2.1/mxe/usr/x86_64-pc-linux-gnu --with-mpc=/workspaces/osra-build/osra-2.2.1/mxe/usr/x86_64-pc-linux-gnu --with-mpfr=/workspaces/osra-build/osra-2.2.1/mxe/usr/x86_64-pc-linux-gnu --with-as=/workspaces/osra-build/osra-2.2.1/mxe/usr/bin/x86_64-w64-mingw32.static-as --with-ld=/workspaces/osra-build/osra-2.2.1/mxe/usr/bin/x86_64-w64-mingw32.static-ld --with-nm=/workspaces/osra-build/osra-2.2.1/mxe/usr/bin/x86_64-w64-mingw32.static-nm --enable-libstdcxx-time
Thread model: posix
Supported LTO compression algorithms: zlib zstd
gcc version 11.5.0 (GCC) 
configure:5566: $? = 0
configure:5555: x86_64-w64-mingw32.static-g++ -V >&5
x86_64-w64-mingw32.static-g++: error: unrecognized command-line option '-V'
x86_64-w64-mingw32.static-g++: fatal error: no input files
compilation terminated.
configure:5566: $? = 1
configure:5555: x86_64-w64-mingw32.static-g++ -qversion >&5
x86_64-w64-mingw32.static-g++: error: unrecognized command-line option '-qversion'; did you mean '--version'?
x86_64-w64-mingw32.static-g++: fatal error: no input files
compilation terminated.
configure:5566: $? = 1
configure:5570: checking whether we are using the GNU C++ compiler
configure:5598: result: yes
configure:5607: checking whether x86_64-w64-mingw32.static-g++ accepts -g
configure:5668: result: yes
configure:5693: checking for rm
configure:5711: found /usr/bin/rm
configure:5723: result: /usr/bin/rm
configure:5731: checking whether ln -s works
configure:5735: result: yes
configure:5756: checking for a BSD-compatible install
configure:5824: result: /usr/bin/install -c
configure:5837: checking for ar
configure:5855: found /usr/bin/ar
configure:5867: result: /usr/bin/ar
configure:5878: checking for x86_64-w64-mingw32.static-ranlib
configure:5894: found /workspaces/osra-build/osra-2.2.1/mxe/usr/bin/x86_64-w64-mingw32.static-ranlib
configure:5905: result: x86_64-w64-mingw32.static-ranlib
configure:6147: checking for x86_64-w64-mingw32.static-g++ option to support OpenMP
configure:6162: x86_64-w64-mingw32.static-g++ -o conftest.exe -g -O2 -I/usr/local/include -I/workspaces/osra-build/osra-2.2.1/mxe/usr/x86_64-w64-mingw32.static/include -L/usr/local/lib -L/workspaces/osra-build/osra-2.2.1/mxe/usr/x86_64-w64-mingw32.static/lib conftest.cpp  >&5
conftest.cpp:14:2: error: 'choke' does not name a type
   14 |  choke me
      |  ^~~~~
In file included from conftest.cpp:16:
/workspaces/osra-build/osra-2.2.1/mxe/usr/lib/gcc/x86_64-w64-mingw32.static/11.5.0/include/omp.h:45:3: error: 'omp_lock_t' does not name a type
   45 | } omp_lock_t;
      |   ^~~~~~~~~~
/workspaces/osra-build/osra-2.2.1/mxe/usr/lib/gcc/x86_64-w64-mingw32.static/11.5.0/include/omp.h:202:13: error: variable or field 'omp_init_lock' declared void
  202 | extern void omp_init_lock (omp_lock_t *) __GOMP_NOTHROW;
      |             ^~~~~~~~~~~~~
/workspaces/osra-build/osra-2.2.1/mxe/usr/lib/gcc/x86_64-w64-mingw32.static/11.5.0/include/omp.h:202:28: error: 'omp_lock_t' was not declared in this scope
  202 | extern void omp_init_lock (omp_lock_t *) __GOMP_NOTHROW;
      |                            ^~~~~~~~~~
/workspaces/osra-build/osra-2.2.1/mxe/usr/lib/gcc/x86_64-w64-mingw32.static/11.5.0/include/omp.h:202:40: error: expected primary-expression before ')' token
  202 | extern void omp_init_lock (omp_lock_t *) __GOMP_NOTHROW;
      |                                        ^
/workspaces/osra-build/osra-2.2.1/mxe/usr/lib/gcc/x86_64-w64-mingw32.static/11.5.0/include/omp.h:203:13: error: variable or field 'omp_init_lock_with_hint' declared void
  203 | extern void omp_init_lock_with_hint (omp_lock_t *, omp_sync_hint_t)
      |             ^~~~~~~~~~~~~~~~~~~~~~~
/workspaces/osra-build/osra-2.2.1/mxe/usr/lib/gcc/x86_64-w64-mingw32.static/11.5.0/include/omp.h:203:38: error: 'omp_lock_t' was not declared in this scope
  203 | extern void omp_init_lock_with_hint (omp_lock_t *, omp_sync_hint_t)
      |                                      ^~~~~~~~~~
/workspaces/osra-build/osra-2.2.1/mxe/usr/lib/gcc/x86_64-w64-mingw32.static/11.5.0/include/omp.h:203:50: error: expected primary-expression before ',' token
  203 | extern void omp_init_lock_with_hint (omp_lock_t *, omp_sync_hint_t)
      |                                                  ^
/workspaces/osra-build/osra-2.2.1/mxe/usr/lib/gcc/x86_64-w64-mingw32.static/11.5.0/include/omp.h:203:67: error: expected primary-expression before ')' token
  203 | extern void omp_init_lock_with_hint (omp_lock_t *, omp_sync_hint_t)
      |                                                                   ^
/workspaces/osra-build/osra-2.2.1/mxe/usr/lib/gcc/x86_64-w64-mingw32.static/11.5.0/include/omp.h:205:13: error: variable or field 'omp_destroy_lock' declared void
  205 | extern void omp_destroy_lock (omp_lock_t *) __GOMP_NOTHROW;
      |             ^~~~~~~~~~~~~~~~
/workspaces/osra-build/osra-2.2.1/mxe/usr/lib/gcc/x86_64-w64-mingw32.static/11.5.0/include/omp.h:205:31: error: 'omp_lock_t' was not declared in this scope
  205 | extern void omp_destroy_lock (omp_lock_t *) __GOMP_NOTHROW;
      |                               ^~~~~~~~~~
/workspaces/osra-build/osra-2.2.1/mxe/usr/lib/gcc/x86_64-w64-mingw32.static/11.5.0/include/omp.h:205:43: error: expected primary-expression before ')' token
  205 | extern void omp_destroy_lock (omp_lock_t *) __GOMP_NOTHROW;
      |                                           ^
/workspaces/osra-build/osra-2.2.1/mxe/usr/lib/gcc/x86_64-w64-mingw32.static/11.5.0/include/omp.h:206:13: error: variable or field 'omp_set_lock' declared void
  206 | extern void omp_set_lock (omp_lock_t *) __GOMP_NOTHROW;
      |             ^~~~~~~~~~~~
/workspaces/osra-build/osra-2.2.1/mxe/usr/lib/gcc/x86_64-w64-mingw32.static/11.5.0/include/omp.h:206:27: error: 'omp_lock_t' was not declared in this scope
  206 | extern void omp_set_lock (omp_lock_t *) __GOMP_NOTHROW;
      |                           ^~~~~~~~~~
/workspaces/osra-build/osra-2.2.1/mxe/usr/lib/gcc/x86_64-w64-mingw32.static/11.5.0/include/omp.h:206:39: error: expected primary-expression before ')' token
  206 | extern void omp_set_lock (omp_lock_t *) __GOMP_NOTHROW;
      |                                       ^
/workspaces/osra-build/osra-2.2.1/mxe/usr/lib/gcc/x86_64-w64-mingw32.static/11.5.0/include/omp.h:207:13: error: variable or field 'omp_unset_lock' declared void
  207 | extern void omp_unset_lock (omp_lock_t *) __GOMP_NOTHROW;
      |             ^~~~~~~~~~~~~~
/workspaces/osra-build/osra-2.2.1/mxe/usr/lib/gcc/x86_64-w64-mingw32.static/11.5.0/include/omp.h:207:29: error: 'omp_lock_t' was not declared in this scope
  207 | extern void omp_unset_lock (omp_lock_t *) __GOMP_NOTHROW;
      |                             ^~~~~~~~~~
/workspaces/osra-build/osra-2.2.1/mxe/usr/lib/gcc/x86_64-w64-mingw32.static/11.5.0/include/omp.h:207:41: error: expected primary-expression before ')' token
  207 | extern void omp_unset_lock (omp_lock_t *) __GOMP_NOTHROW;
      |                                         ^
/workspaces/osra-build/osra-2.2.1/mxe/usr/lib/gcc/x86_64-w64-mingw32.static/11.5.0/include/omp.h:208:27: error: 'omp_lock_t' was not declared in this scope
  208 | extern int omp_test_lock (omp_lock_t *) __GOMP_NOTHROW;
      |                           ^~~~~~~~~~
/workspaces/osra-build/osra-2.2.1/mxe/usr/lib/gcc/x86_64-w64-mingw32.static/11.5.0/include/omp.h:208:39: error: expected primary-expression before ')' token
  208 | extern int omp_test_lock (omp_lock_t *) __GOMP_NOTHROW;
      |                                       ^
configure:6162: $? = 1
configure: failed program was:
| /* confdefs.h */
| #define PACKAGE_NAME "osra"
| #define PACKAGE_TARNAME "osra"
| #define PACKAGE_VERSION "2.2.1"
| #define PACKAGE_STRING "osra 2.2.1"
| #define PACKAGE_BUGREPORT ""
| #define PACKAGE_URL ""
| #define HAVE_CXX17 1
| #define HAVE_NAMESPACES /**/
| #define HAVE_STL /**/
| /* end confdefs.h.  */
| 
| #ifndef _OPENMP
|  choke me
| #endif
| #include <omp.h>
| int main () { return omp_get_num_threads (); }
| 
configure:6180: x86_64-w64-mingw32.static-g++ -o conftest.exe -g -O2 -fopenmp -I/usr/local/include -I/workspaces/osra-build/osra-2.2.1/mxe/usr/x86_64-w64-mingw32.static/include -L/usr/local/lib -L/workspaces/osra-build/osra-2.2.1/mxe/usr/x86_64-w64-mingw32.static/lib conftest.cpp  >&5
configure:6180: $? = 0
configure:6194: result: -fopenmp
configure:6264: checking how to run the C++ preprocessor
configure:6291: x86_64-w64-mingw32.static-g++ -E -I/usr/local/include -I/workspaces/osra-build/osra-2.2.1/mxe/usr/x86_64-w64-mingw32.static/include conftest.cpp
configure:6291: $? = 0
configure:6305: x86_64-w64-mingw32.static-g++ -E -I/usr/local/include -I/workspaces/osra-build/osra-2.2.1/mxe/usr/x86_64-w64-mingw32.static/include conftest.cpp
conftest.cpp:12:10: fatal error: ac_nonexistent.h: No such file or directory
   12 | #include <ac_nonexistent.h>
      |          ^~~~~~~~~~~~~~~~~~
compilation terminated.
configure:6305: $? = 1
configure: failed program was:
| /* confdefs.h */
| #define PACKAGE_NAME "osra"
| #define PACKAGE_TARNAME "osra"
| #define PACKAGE_VERSION "2.2.1"
| #define PACKAGE_STRING "osra 2.2.1"
| #define PACKAGE_BUGREPORT ""
| #define PACKAGE_URL ""
| #define HAVE_CXX17 1
| #define HAVE_NAMESPACES /**/
| #define HAVE_STL /**/
| /* end confdefs.h.  */
| #include <ac_nonexistent.h>
configure:6330: result: x86_64-w64-mingw32.static-g++ -E
configure:6350: x86_64-w64-mingw32.static-g++ -E -I/usr/local/include -I/workspaces/osra-build/osra-2.2.1/mxe/usr/x86_64-w64-mingw32.static/include conftest.cpp
configure:6350: $? = 0
configure:6364: x86_64-w64-mingw32.static-g++ -E -I/usr/local/include -I/workspaces/osra-build/osra-2.2.1/mxe/usr/x86_64-w64-mingw32.static/include conftest.cpp
conftest.cpp:12:10: fatal error: ac_nonexistent.h: No such file or directory
   12 | #include <ac_nonexistent.h>
      |          ^~~~~~~~~~~~~~~~~~
compilation terminated.
configure:6364: $? = 1
configure: failed program was:
| /* confdefs.h */
| #define PACKAGE_NAME "osra"
| #define PACKAGE_TARNAME "osra"
| #define PACKAGE_VERSION "2.2.1"
| #define PACKAGE_STRING "osra 2.2.1"
| #define PACKAGE_BUGREPORT ""
| #define PACKAGE_URL ""
| #define HAVE_CXX17 1
| #define HAVE_NAMESPACES /**/
| #define HAVE_STL /**/
| /* end confdefs.h.  */
| #include <ac_nonexistent.h>
configure:6393: checking for grep that handles long lines and -e
configure:6451: result: /usr/bin/grep
configure:6456: checking for egrep
configure:6518: result: /usr/bin/grep -E
configure:6523: checking for ANSI C header files
configure:6543: x86_64-w64-mingw32.static-g++ -c -g -O2 -I/usr/local/include -I/workspaces/osra-build/osra-2.2.1/mxe/usr/x86_64-w64-mingw32.static/include conftest.cpp >&5
configure:6543: $? = 0
configure:6627: result: yes
configure:6640: checking for sys/types.h
configure:6640: x86_64-w64-mingw32.static-g++ -c -g -O2 -I/usr/local/include -I/workspaces/osra-build/osra-2.2.1/mxe/usr/x86_64-w64-mingw32.static/include conftest.cpp >&5
configure:6640: $? = 0
configure:6640: result: yes
configure:6640: checking for sys/stat.h
configure:6640: x86_64-w64-mingw32.static-g++ -c -g -O2 -I/usr/local/include -I/workspaces/osra-build/osra-2.2.1/mxe/usr/x86_64-w64-mingw32.static/include conftest.cpp >&5
configure:6640: $? = 0
configure:6640: result: yes
configure:6640: checking for stdlib.h
configure:6640: x86_64-w64-mingw32.static-g++ -c -g -O2 -I/usr/local/include -I/workspaces/osra-build/osra-2.2.1/mxe/usr/x86_64-w64-mingw32.static/include conftest.cpp >&5
configure:6640: $? = 0
configure:6640: result: yes
configure:6640: checking for string.h
configure:6640: x86_64-w64-mingw32.static-g++ -c -g -O2 -I/usr/local/include -I/workspaces/osra-build/osra-2.2.1/mxe/usr/x86_64-w64-mingw32.static/include conftest.cpp >&5
configure:6640: $? = 0
configure:6640: result: yes
configure:6640: checking for memory.h
configure:6640: x86_64-w64-mingw32.static-g++ -c -g -O2 -I/usr/local/include -I/workspaces/osra-build/osra-2.2.1/mxe/usr/x86_64-w64-mingw32.static/include conftest.cpp >&5
configure:6640: $? = 0
configure:6640: result: yes
configure:6640: checking for strings.h
configure:6640: x86_64-w64-mingw32.static-g++ -c -g -O2 -I/usr/local/include -I/workspaces/osra-build/osra-2.2.1/mxe/usr/x86_64-w64-mingw32.static/include conftest.cpp >&5
configure:6640: $? = 0
configure:6640: result: yes
configure:6640: checking for inttypes.h
configure:6640: x86_64-w64-mingw32.static-g++ -c -g -O2 -I/usr/local/include -I/workspaces/osra-build/osra-2.2.1/mxe/usr/x86_64-w64-mingw32.static/include conftest.cpp >&5
configure:6640: $? = 0
configure:6640: result: yes
configure:6640: checking for stdint.h
configure:6640: x86_64-w64-mingw32.static-g++ -c -g -O2 -I/usr/local/include -I/workspaces/osra-build/osra-2.2.1/mxe/usr/x86_64-w64-mingw32.static/include conftest.cpp >&5
configure:6640: $? = 0
configure:6640: result: yes
configure:6640: checking for unistd.h
configure:6640: x86_64-w64-mingw32.static-g++ -c -g -O2 -I/usr/local/include -I/workspaces/osra-build/osra-2.2.1/mxe/usr/x86_64-w64-mingw32.static/include conftest.cpp >&5
configure:6640: $? = 0
configure:6640: result: yes
configure:6750: checking tclap/CmdLine.h usability
configure:6750: x86_64-w64-mingw32.static-g++ -c -g -O2 -I/usr/local/include -I/workspaces/osra-build/osra-2.2.1/mxe/usr/x86_64-w64-mingw32.static/include conftest.cpp >&5
configure:6750: $? = 0
configure:6750: result: yes
configure:6750: checking tclap/CmdLine.h presence
configure:6750: x86_64-w64-mingw32.static-g++ -E -I/usr/local/include -I/workspaces/osra-build/osra-2.2.1/mxe/usr/x86_64-w64-mingw32.static/include conftest.cpp
configure:6750: $? = 0
configure:6750: result: yes
configure:6750: checking for tclap/CmdLine.h
configure:6750: result: yes
configure:6933: checking for potracelib.h
configure:6933: result: yes
configure:7116: checking pgm2asc.h usability
configure:7116: x86_64-w64-mingw32.static-g++ -c -g -O2 -I/usr/local/include -I/workspaces/osra-build/osra-2.2.1/mxe/usr/x86_64-w64-mingw32.static/include conftest.cpp >&5
conftest.cpp:57:10: fatal error: pgm2asc.h: No such file or directory
   57 | #include <pgm2asc.h>
      |          ^~~~~~~~~~~
compilation terminated.
configure:7116: $? = 1
configure: failed program was:
| /* confdefs.h */
| #define PACKAGE_NAME "osra"
| #define PACKAGE_TARNAME "osra"
| #define PACKAGE_VERSION "2.2.1"
| #define PACKAGE_STRING "osra 2.2.1"
| #define PACKAGE_BUGREPORT ""
| #define PACKAGE_URL ""
| #define HAVE_CXX17 1
| #define HAVE_NAMESPACES /**/
| #define HAVE_STL /**/
| #define STDC_HEADERS 1
| #define HAVE_SYS_TYPES_H 1
| #define HAVE_SYS_STAT_H 1
| #define HAVE_STDLIB_H 1
| #define HAVE_STRING_H 1
| #define HAVE_MEMORY_H 1
| #define HAVE_STRINGS_H 1
| #define HAVE_INTTYPES_H 1
| #define HAVE_STDINT_H 1
| #define HAVE_UNISTD_H 1
| #define HAVE_TCLAP_CMDLINE_H 1
| #define HAVE_POTRACELIB_H 1
| /* end confdefs.h.  */
| #include <stdio.h>
| #ifdef HAVE_SYS_TYPES_H
| # include <sys/types.h>
| #endif
| #ifdef HAVE_SYS_STAT_H
| # include <sys/stat.h>
| #endif
| #ifdef STDC_HEADERS
| # include <stdlib.h>
| # include <stddef.h>
| #else
| # ifdef HAVE_STDLIB_H
| #  include <stdlib.h>
| # endif
| #endif
| #ifdef HAVE_STRING_H
| # if !defined STDC_HEADERS && defined HAVE_MEMORY_H
| #  include <memory.h>
| # endif
| # include <string.h>
| #endif
| #ifdef HAVE_STRINGS_H
| # include <strings.h>
| #endif
| #ifdef HAVE_INTTYPES_H
| # include <inttypes.h>
| #endif
| #ifdef HAVE_STDINT_H
| # include <stdint.h>
| #endif
| #ifdef HAVE_UNISTD_H
| # include <unistd.h>
| #endif
| #include <pgm2asc.h>
configure:7116: result: no
configure:7116: checking pgm2asc.h presence
configure:7116: x86_64-w64-mingw32.static-g++ -E -I/usr/local/include -I/workspaces/osra-build/osra-2.2.1/mxe/usr/x86_64-w64-mingw32.static/include conftest.cpp
conftest.cpp:24:10: fatal error: pgm2asc.h: No such file or directory
   24 | #include <pgm2asc.h>
      |          ^~~~~~~~~~~
compilation terminated.
configure:7116: $? = 1
configure: failed program was:
| /* confdefs.h */
| #define PACKAGE_NAME "osra"
| #define PACKAGE_TARNAME "osra"
| #define PACKAGE_VERSION "2.2.1"
| #define PACKAGE_STRING "osra 2.2.1"
| #define PACKAGE_BUGREPORT ""
| #define PACKAGE_URL ""
| #define HAVE_CXX17 1
| #define HAVE_NAMESPACES /**/
| #define HAVE_STL /**/
| #define STDC_HEADERS 1
| #define HAVE_SYS_TYPES_H 1
| #define HAVE_SYS_STAT_H 1
| #define HAVE_STDLIB_H 1
| #define HAVE_STRING_H 1
| #define HAVE_MEMORY_H 1
| #define HAVE_STRINGS_H 1
| #define HAVE_INTTYPES_H 1
| #define HAVE_STDINT_H 1
| #define HAVE_UNISTD_H 1
| #define HAVE_TCLAP_CMDLINE_H 1
| #define HAVE_POTRACELIB_H 1
| /* end confdefs.h.  */
| #include <pgm2asc.h>
configure:7116: result: no
configure:7116: checking for pgm2asc.h
configure:7116: result: no
configure:7222: checking gocr for pgm2asc.h in /usr/include/gocr
configure:7225: CPPFLAGS="-I/usr/include/gocr -I/usr/local/include -I/workspaces/osra-build/osra-2.2.1/mxe/usr/x86_64-w64-mingw32.static/include" for custom location check
configure:7229: checking pgm2asc.h usability
configure:7229: x86_64-w64-mingw32.static-g++ -c -g -O2 -I/usr/include/gocr -I/usr/local/include -I/workspaces/osra-build/osra-2.2.1/mxe/usr/x86_64-w64-mingw32.static/include conftest.cpp >&5
conftest.cpp:57:10: fatal error: pgm2asc.h: No such file or directory
   57 | #include <pgm2asc.h>
      |          ^~~~~~~~~~~
compilation terminated.
configure:7229: $? = 1
configure: failed program was:
| /* confdefs.h */
| #define PACKAGE_NAME "osra"
| #define PACKAGE_TARNAME "osra"
| #define PACKAGE_VERSION "2.2.1"
| #define PACKAGE_STRING "osra 2.2.1"
| #define PACKAGE_BUGREPORT ""
| #define PACKAGE_URL ""
| #define HAVE_CXX17 1
| #define HAVE_NAMESPACES /**/
| #define HAVE_STL /**/
| #define STDC_HEADERS 1
| #define HAVE_SYS_TYPES_H 1
| #define HAVE_SYS_STAT_H 1
| #define HAVE_STDLIB_H 1
| #define HAVE_STRING_H 1
| #define HAVE_MEMORY_H 1
| #define HAVE_STRINGS_H 1
| #define HAVE_INTTYPES_H 1
| #define HAVE_STDINT_H 1
| #define HAVE_UNISTD_H 1
| #define HAVE_TCLAP_CMDLINE_H 1
| #define HAVE_POTRACELIB_H 1
| /* end confdefs.h.  */
| #include <stdio.h>
| #ifdef HAVE_SYS_TYPES_H
| # include <sys/types.h>
| #endif
| #ifdef HAVE_SYS_STAT_H
| # include <sys/stat.h>
| #endif
| #ifdef STDC_HEADERS
| # include <stdlib.h>
| # include <stddef.h>
| #else
| # ifdef HAVE_STDLIB_H
| #  include <stdlib.h>
| # endif
| #endif
| #ifdef HAVE_STRING_H
| # if !defined STDC_HEADERS && defined HAVE_MEMORY_H
| #  include <memory.h>
| # endif
| # include <string.h>
| #endif
| #ifdef HAVE_STRINGS_H
| # include <strings.h>
| #endif
| #ifdef HAVE_INTTYPES_H
| # include <inttypes.h>
| #endif
| #ifdef HAVE_STDINT_H
| # include <stdint.h>
| #endif
| #ifdef HAVE_UNISTD_H
| # include <unistd.h>
| #endif
| #include <pgm2asc.h>
configure:7229: result: no
configure:7229: checking pgm2asc.h presence
configure:7229: x86_64-w64-mingw32.static-g++ -E -I/usr/include/gocr -I/usr/local/include -I/workspaces/osra-build/osra-2.2.1/mxe/usr/x86_64-w64-mingw32.static/include conftest.cpp
conftest.cpp:24:10: fatal error: pgm2asc.h: No such file or directory
   24 | #include <pgm2asc.h>
      |          ^~~~~~~~~~~
compilation terminated.
configure:7229: $? = 1
configure: failed program was:
| /* confdefs.h */
| #define PACKAGE_NAME "osra"
| #define PACKAGE_TARNAME "osra"
| #define PACKAGE_VERSION "2.2.1"
| #define PACKAGE_STRING "osra 2.2.1"
| #define PACKAGE_BUGREPORT ""
| #define PACKAGE_URL ""
| #define HAVE_CXX17 1
| #define HAVE_NAMESPACES /**/
| #define HAVE_STL /**/
| #define STDC_HEADERS 1
| #define HAVE_SYS_TYPES_H 1
| #define HAVE_SYS_STAT_H 1
| #define HAVE_STDLIB_H 1
| #define HAVE_STRING_H 1
| #define HAVE_MEMORY_H 1
| #define HAVE_STRINGS_H 1
| #define HAVE_INTTYPES_H 1
| #define HAVE_STDINT_H 1
| #define HAVE_UNISTD_H 1
| #define HAVE_TCLAP_CMDLINE_H 1
| #define HAVE_POTRACELIB_H 1
| /* end confdefs.h.  */
| #include <pgm2asc.h>
configure:7229: result: no
configure:7229: checking for pgm2asc.h
configure:7229: result: no
configure:7222: checking gocr for pgm2asc.h in /usr/local/include/gocr
configure:7225: CPPFLAGS="-I/usr/local/include/gocr -I/usr/local/include -I/workspaces/osra-build/osra-2.2.1/mxe/usr/x86_64-w64-mingw32.static/include" for custom location check
configure:7229: checking pgm2asc.h usability
configure:7229: x86_64-w64-mingw32.static-g++ -c -g -O2 -I/usr/local/include/gocr -I/usr/local/include -I/workspaces/osra-build/osra-2.2.1/mxe/usr/x86_64-w64-mingw32.static/include conftest.cpp >&5
configure:7229: $? = 0
configure:7229: result: yes
configure:7229: checking pgm2asc.h presence
configure:7229: x86_64-w64-mingw32.static-g++ -E -I/usr/local/include/gocr -I/usr/local/include -I/workspaces/osra-build/osra-2.2.1/mxe/usr/x86_64-w64-mingw32.static/include conftest.cpp
configure:7229: $? = 0
configure:7229: result: yes
configure:7229: checking for pgm2asc.h
configure:7229: result: yes
configure:7304: checking ocradlib.h usability
configure:7304: x86_64-w64-mingw32.static-g++ -c -g -O2 -I/usr/local/include/gocr -I/usr/local/include -I/workspaces/osra-build/osra-2.2.1/mxe/usr/x86_64-w64-mingw32.static/include conftest.cpp >&5
configure:7304: $? = 0
configure:7304: result: yes
configure:7304: checking ocradlib.h presence
configure:7304: x86_64-w64-mingw32.static-g++ -E -I/usr/local/include/gocr -I/usr/local/include -I/workspaces/osra-build/osra-2.2.1/mxe/usr/x86_64-w64-mingw32.static/include conftest.cpp
configure:7304: $? = 0
configure:7304: result: yes
configure:7304: checking for ocradlib.h
configure:7304: result: yes
configure:7487: checking poppler/cpp/poppler-document.h usability
configure:7487: x86_64-w64-mingw32.static-g++ -c -g -O2 -I/usr/local/include/gocr -I/usr/local/include -I/workspaces/osra-build/osra-2.2.1/mxe/usr/x86_64-w64-mingw32.static/include conftest.cpp >&5
configure:7487: $? = 0
configure:7487: result: yes
configure:7487: checking poppler/cpp/poppler-document.h presence
configure:7487: x86_64-w64-mingw32.static-g++ -E -I/usr/local/include/gocr -I/usr/local/include -I/workspaces/osra-build/osra-2.2.1/mxe/usr/x86_64-w64-mingw32.static/include conftest.cpp
configure:7487: $? = 0
configure:7487: result: yes
configure:7487: checking for poppler/cpp/poppler-document.h
configure:7487: result: yes
configure:8066: checking openbabel/mol.h usability
configure:8066: x86_64-w64-mingw32.static-g++ -c -g -O2 -I/usr/local/include/gocr -I/usr/local/include -I/workspaces/osra-build/osra-2.2.1/mxe/usr/x86_64-w64-mingw32.static/include conftest.cpp >&5
conftest.cpp:61:10: fatal error: openbabel/mol.h: No such file or directory
   61 | #include <openbabel/mol.h>
      |          ^~~~~~~~~~~~~~~~~
compilation terminated.
configure:8066: $? = 1
configure: failed program was:
| /* confdefs.h */
| #define PACKAGE_NAME "osra"
| #define PACKAGE_TARNAME "osra"
| #define PACKAGE_VERSION "2.2.1"
| #define PACKAGE_STRING "osra 2.2.1"
| #define PACKAGE_BUGREPORT ""
| #define PACKAGE_URL ""
| #define HAVE_CXX17 1
| #define HAVE_NAMESPACES /**/
| #define HAVE_STL /**/
| #define STDC_HEADERS 1
| #define HAVE_SYS_TYPES_H 1
| #define HAVE_SYS_STAT_H 1
| #define HAVE_STDLIB_H 1
| #define HAVE_STRING_H 1
| #define HAVE_MEMORY_H 1
| #define HAVE_STRINGS_H 1
| #define HAVE_INTTYPES_H 1
| #define HAVE_STDINT_H 1
| #define HAVE_UNISTD_H 1
| #define HAVE_TCLAP_CMDLINE_H 1
| #define HAVE_POTRACELIB_H 1
| #define HAVE_PGM2ASC_H 1
| #define HAVE_PGM2ASC_H 1
| #define HAVE_OCRADLIB_H 1
| #define HAVE_POPPLER_CPP_POPPLER_DOCUMENT_H 1
| /* end confdefs.h.  */
| #include <stdio.h>
| #ifdef HAVE_SYS_TYPES_H
| # include <sys/types.h>
| #endif
| #ifdef HAVE_SYS_STAT_H
| # include <sys/stat.h>
| #endif
| #ifdef STDC_HEADERS
| # include <stdlib.h>
| # include <stddef.h>
| #else
| # ifdef HAVE_STDLIB_H
| #  include <stdlib.h>
| # endif
| #endif
| #ifdef HAVE_STRING_H
| # if !defined STDC_HEADERS && defined HAVE_MEMORY_H
| #  include <memory.h>
| # endif
| # include <string.h>
| #endif
| #ifdef HAVE_STRINGS_H
| # include <strings.h>
| #endif
| #ifdef HAVE_INTTYPES_H
| # include <inttypes.h>
| #endif
| #ifdef HAVE_STDINT_H
| # include <stdint.h>
| #endif
| #ifdef HAVE_UNISTD_H
| # include <unistd.h>
| #endif
| #include <openbabel/mol.h>
configure:8066: result: no
configure:8066: checking openbabel/mol.h presence
configure:8066: x86_64-w64-mingw32.static-g++ -E -I/usr/local/include/gocr -I/usr/local/include -I/workspaces/osra-build/osra-2.2.1/mxe/usr/x86_64-w64-mingw32.static/include conftest.cpp
conftest.cpp:28:10: fatal error: openbabel/mol.h: No such file or directory
   28 | #include <openbabel/mol.h>
      |          ^~~~~~~~~~~~~~~~~
compilation terminated.
configure:8066: $? = 1
configure: failed program was:
| /* confdefs.h */
| #define PACKAGE_NAME "osra"
| #define PACKAGE_TARNAME "osra"
| #define PACKAGE_VERSION "2.2.1"
| #define PACKAGE_STRING "osra 2.2.1"
| #define PACKAGE_BUGREPORT ""
| #define PACKAGE_URL ""
| #define HAVE_CXX17 1
| #define HAVE_NAMESPACES /**/
| #define HAVE_STL /**/
| #define STDC_HEADERS 1
| #define HAVE_SYS_TYPES_H 1
| #define HAVE_SYS_STAT_H 1
| #define HAVE_STDLIB_H 1
| #define HAVE_STRING_H 1
| #define HAVE_MEMORY_H 1
| #define HAVE_STRINGS_H 1
| #define HAVE_INTTYPES_H 1
| #define HAVE_STDINT_H 1
| #define HAVE_UNISTD_H 1
| #define HAVE_TCLAP_CMDLINE_H 1
| #define HAVE_POTRACELIB_H 1
| #define HAVE_PGM2ASC_H 1
| #define HAVE_PGM2ASC_H 1
| #define HAVE_OCRADLIB_H 1
| #define HAVE_POPPLER_CPP_POPPLER_DOCUMENT_H 1
| /* end confdefs.h.  */
| #include <openbabel/mol.h>
configure:8066: result: no
configure:8066: checking for openbabel/mol.h
configure:8066: result: no
configure:8066: checking openbabel/obconversion.h usability
configure:8066: x86_64-w64-mingw32.static-g++ -c -g -O2 -I/usr/local/include/gocr -I/usr/local/include -I/workspaces/osra-build/osra-2.2.1/mxe/usr/x86_64-w64-mingw32.static/include conftest.cpp >&5
conftest.cpp:61:10: fatal error: openbabel/obconversion.h: No such file or directory
   61 | #include <openbabel/obconversion.h>
      |          ^~~~~~~~~~~~~~~~~~~~~~~~~~
compilation terminated.
configure:8066: $? = 1
configure: failed program was:
| /* confdefs.h */
| #define PACKAGE_NAME "osra"
| #define PACKAGE_TARNAME "osra"
| #define PACKAGE_VERSION "2.2.1"
| #define PACKAGE_STRING "osra 2.2.1"
| #define PACKAGE_BUGREPORT ""
| #define PACKAGE_URL ""
| #define HAVE_CXX17 1
| #define HAVE_NAMESPACES /**/
| #define HAVE_STL /**/
| #define STDC_HEADERS 1
| #define HAVE_SYS_TYPES_H 1
| #define HAVE_SYS_STAT_H 1
| #define HAVE_STDLIB_H 1
| #define HAVE_STRING_H 1
| #define HAVE_MEMORY_H 1
| #define HAVE_STRINGS_H 1
| #define HAVE_INTTYPES_H 1
| #define HAVE_STDINT_H 1
| #define HAVE_UNISTD_H 1
| #define HAVE_TCLAP_CMDLINE_H 1
| #define HAVE_POTRACELIB_H 1
| #define HAVE_PGM2ASC_H 1
| #define HAVE_PGM2ASC_H 1
| #define HAVE_OCRADLIB_H 1
| #define HAVE_POPPLER_CPP_POPPLER_DOCUMENT_H 1
| /* end confdefs.h.  */
| #include <stdio.h>
| #ifdef HAVE_SYS_TYPES_H
| # include <sys/types.h>
| #endif
| #ifdef HAVE_SYS_STAT_H
| # include <sys/stat.h>
| #endif
| #ifdef STDC_HEADERS
| # include <stdlib.h>
| # include <stddef.h>
| #else
| # ifdef HAVE_STDLIB_H
| #  include <stdlib.h>
| # endif
| #endif
| #ifdef HAVE_STRING_H
| # if !defined STDC_HEADERS && defined HAVE_MEMORY_H
| #  include <memory.h>
| # endif
| # include <string.h>
| #endif
| #ifdef HAVE_STRINGS_H
| # include <strings.h>
| #endif
| #ifdef HAVE_INTTYPES_H
| # include <inttypes.h>
| #endif
| #ifdef HAVE_STDINT_H
| # include <stdint.h>
| #endif
| #ifdef HAVE_UNISTD_H
| # include <unistd.h>
| #endif
| #include <openbabel/obconversion.h>
configure:8066: result: no
configure:8066: checking openbabel/obconversion.h presence
configure:8066: x86_64-w64-mingw32.static-g++ -E -I/usr/local/include/gocr -I/usr/local/include -I/workspaces/osra-build/osra-2.2.1/mxe/usr/x86_64-w64-mingw32.static/include conftest.cpp
conftest.cpp:28:10: fatal error: openbabel/obconversion.h: No such file or directory
   28 | #include <openbabel/obconversion.h>
      |          ^~~~~~~~~~~~~~~~~~~~~~~~~~
compilation terminated.
configure:8066: $? = 1
configure: failed program was:
| /* confdefs.h */
| #define PACKAGE_NAME "osra"
| #define PACKAGE_TARNAME "osra"
| #define PACKAGE_VERSION "2.2.1"
| #define PACKAGE_STRING "osra 2.2.1"
| #define PACKAGE_BUGREPORT ""
| #define PACKAGE_URL ""
| #define HAVE_CXX17 1
| #define HAVE_NAMESPACES /**/
| #define HAVE_STL /**/
| #define STDC_HEADERS 1
| #define HAVE_SYS_TYPES_H 1
| #define HAVE_SYS_STAT_H 1
| #define HAVE_STDLIB_H 1
| #define HAVE_STRING_H 1
| #define HAVE_MEMORY_H 1
| #define HAVE_STRINGS_H 1
| #define HAVE_INTTYPES_H 1
| #define HAVE_STDINT_H 1
| #define HAVE_UNISTD_H 1
| #define HAVE_TCLAP_CMDLINE_H 1
| #define HAVE_POTRACELIB_H 1
| #define HAVE_PGM2ASC_H 1
| #define HAVE_PGM2ASC_H 1
| #define HAVE_OCRADLIB_H 1
| #define HAVE_POPPLER_CPP_POPPLER_DOCUMENT_H 1
| /* end confdefs.h.  */
| #include <openbabel/obconversion.h>
configure:8066: result: no
configure:8066: checking for openbabel/obconversion.h
configure:8066: result: no
configure:8066: checking openbabel/builder.h usability
configure:8066: x86_64-w64-mingw32.static-g++ -c -g -O2 -I/usr/local/include/gocr -I/usr/local/include -I/workspaces/osra-build/osra-2.2.1/mxe/usr/x86_64-w64-mingw32.static/include conftest.cpp >&5
conftest.cpp:61:10: fatal error: openbabel/builder.h: No such file or directory
   61 | #include <openbabel/builder.h>
      |          ^~~~~~~~~~~~~~~~~~~~~
compilation terminated.
configure:8066: $? = 1
configure: failed program was:
| /* confdefs.h */
| #define PACKAGE_NAME "osra"
| #define PACKAGE_TARNAME "osra"
| #define PACKAGE_VERSION "2.2.1"
| #define PACKAGE_STRING "osra 2.2.1"
| #define PACKAGE_BUGREPORT ""
| #define PACKAGE_URL ""
| #define HAVE_CXX17 1
| #define HAVE_NAMESPACES /**/
| #define HAVE_STL /**/
| #define STDC_HEADERS 1
| #define HAVE_SYS_TYPES_H 1
| #define HAVE_SYS_STAT_H 1
| #define HAVE_STDLIB_H 1
| #define HAVE_STRING_H 1
| #define HAVE_MEMORY_H 1
| #define HAVE_STRINGS_H 1
| #define HAVE_INTTYPES_H 1
| #define HAVE_STDINT_H 1
| #define HAVE_UNISTD_H 1
| #define HAVE_TCLAP_CMDLINE_H 1
| #define HAVE_POTRACELIB_H 1
| #define HAVE_PGM2ASC_H 1
| #define HAVE_PGM2ASC_H 1
| #define HAVE_OCRADLIB_H 1
| #define HAVE_POPPLER_CPP_POPPLER_DOCUMENT_H 1
| /* end confdefs.h.  */
| #include <stdio.h>
| #ifdef HAVE_SYS_TYPES_H
| # include <sys/types.h>
| #endif
| #ifdef HAVE_SYS_STAT_H
| # include <sys/stat.h>
| #endif
| #ifdef STDC_HEADERS
| # include <stdlib.h>
| # include <stddef.h>
| #else
| # ifdef HAVE_STDLIB_H
| #  include <stdlib.h>
| # endif
| #endif
| #ifdef HAVE_STRING_H
| # if !defined STDC_HEADERS && defined HAVE_MEMORY_H
| #  include <memory.h>
| # endif
| # include <string.h>
| #endif
| #ifdef HAVE_STRINGS_H
| # include <strings.h>
| #endif
| #ifdef HAVE_INTTYPES_H
| # include <inttypes.h>
| #endif
| #ifdef HAVE_STDINT_H
| # include <stdint.h>
| #endif
| #ifdef HAVE_UNISTD_H
| # include <unistd.h>
| #endif
| #include <openbabel/builder.h>
configure:8066: result: no
configure:8066: checking openbabel/builder.h presence
configure:8066: x86_64-w64-mingw32.static-g++ -E -I/usr/local/include/gocr -I/usr/local/include -I/workspaces/osra-build/osra-2.2.1/mxe/usr/x86_64-w64-mingw32.static/include conftest.cpp
conftest.cpp:28:10: fatal error: openbabel/builder.h: No such file or directory
   28 | #include <openbabel/builder.h>
      |          ^~~~~~~~~~~~~~~~~~~~~
compilation terminated.
configure:8066: $? = 1
configure: failed program was:
| /* confdefs.h */
| #define PACKAGE_NAME "osra"
| #define PACKAGE_TARNAME "osra"
| #define PACKAGE_VERSION "2.2.1"
| #define PACKAGE_STRING "osra 2.2.1"
| #define PACKAGE_BUGREPORT ""
| #define PACKAGE_URL ""
| #define HAVE_CXX17 1
| #define HAVE_NAMESPACES /**/
| #define HAVE_STL /**/
| #define STDC_HEADERS 1
| #define HAVE_SYS_TYPES_H 1
| #define HAVE_SYS_STAT_H 1
| #define HAVE_STDLIB_H 1
| #define HAVE_STRING_H 1
| #define HAVE_MEMORY_H 1
| #define HAVE_STRINGS_H 1
| #define HAVE_INTTYPES_H 1
| #define HAVE_STDINT_H 1
| #define HAVE_UNISTD_H 1
| #define HAVE_TCLAP_CMDLINE_H 1
| #define HAVE_POTRACELIB_H 1
| #define HAVE_PGM2ASC_H 1
| #define HAVE_PGM2ASC_H 1
| #define HAVE_OCRADLIB_H 1
| #define HAVE_POPPLER_CPP_POPPLER_DOCUMENT_H 1
| /* end confdefs.h.  */
| #include <openbabel/builder.h>
configure:8066: result: no
configure:8066: checking for openbabel/builder.h
configure:8066: result: no
configure:8066: checking openbabel/alias.h usability
configure:8066: x86_64-w64-mingw32.static-g++ -c -g -O2 -I/usr/local/include/gocr -I/usr/local/include -I/workspaces/osra-build/osra-2.2.1/mxe/usr/x86_64-w64-mingw32.static/include conftest.cpp >&5
conftest.cpp:61:10: fatal error: openbabel/alias.h: No such file or directory
   61 | #include <openbabel/alias.h>
      |          ^~~~~~~~~~~~~~~~~~~
compilation terminated.
configure:8066: $? = 1
configure: failed program was:
| /* confdefs.h */
| #define PACKAGE_NAME "osra"
| #define PACKAGE_TARNAME "osra"
| #define PACKAGE_VERSION "2.2.1"
| #define PACKAGE_STRING "osra 2.2.1"
| #define PACKAGE_BUGREPORT ""
| #define PACKAGE_URL ""
| #define HAVE_CXX17 1
| #define HAVE_NAMESPACES /**/
| #define HAVE_STL /**/
| #define STDC_HEADERS 1
| #define HAVE_SYS_TYPES_H 1
| #define HAVE_SYS_STAT_H 1
| #define HAVE_STDLIB_H 1
| #define HAVE_STRING_H 1
| #define HAVE_MEMORY_H 1
| #define HAVE_STRINGS_H 1
| #define HAVE_INTTYPES_H 1
| #define HAVE_STDINT_H 1
| #define HAVE_UNISTD_H 1
| #define HAVE_TCLAP_CMDLINE_H 1
| #define HAVE_POTRACELIB_H 1
| #define HAVE_PGM2ASC_H 1
| #define HAVE_PGM2ASC_H 1
| #define HAVE_OCRADLIB_H 1
| #define HAVE_POPPLER_CPP_POPPLER_DOCUMENT_H 1
| /* end confdefs.h.  */
| #include <stdio.h>
| #ifdef HAVE_SYS_TYPES_H
| # include <sys/types.h>
| #endif
| #ifdef HAVE_SYS_STAT_H
| # include <sys/stat.h>
| #endif
| #ifdef STDC_HEADERS
| # include <stdlib.h>
| # include <stddef.h>
| #else
| # ifdef HAVE_STDLIB_H
| #  include <stdlib.h>
| # endif
| #endif
| #ifdef HAVE_STRING_H
| # if !defined STDC_HEADERS && defined HAVE_MEMORY_H
| #  include <memory.h>
| # endif
| # include <string.h>
| #endif
| #ifdef HAVE_STRINGS_H
| # include <strings.h>
| #endif
| #ifdef HAVE_INTTYPES_H
| # include <inttypes.h>
| #endif
| #ifdef HAVE_STDINT_H
| # include <stdint.h>
| #endif
| #ifdef HAVE_UNISTD_H
| # include <unistd.h>
| #endif
| #include <openbabel/alias.h>
configure:8066: result: no
configure:8066: checking openbabel/alias.h presence
configure:8066: x86_64-w64-mingw32.static-g++ -E -I/usr/local/include/gocr -I/usr/local/include -I/workspaces/osra-build/osra-2.2.1/mxe/usr/x86_64-w64-mingw32.static/include conftest.cpp
conftest.cpp:28:10: fatal error: openbabel/alias.h: No such file or directory
   28 | #include <openbabel/alias.h>
      |          ^~~~~~~~~~~~~~~~~~~
compilation terminated.
configure:8066: $? = 1
configure: failed program was:
| /* confdefs.h */
| #define PACKAGE_NAME "osra"
| #define PACKAGE_TARNAME "osra"
| #define PACKAGE_VERSION "2.2.1"
| #define PACKAGE_STRING "osra 2.2.1"
| #define PACKAGE_BUGREPORT ""
| #define PACKAGE_URL ""
| #define HAVE_CXX17 1
| #define HAVE_NAMESPACES /**/
| #define HAVE_STL /**/
| #define STDC_HEADERS 1
| #define HAVE_SYS_TYPES_H 1
| #define HAVE_SYS_STAT_H 1
| #define HAVE_STDLIB_H 1
| #define HAVE_STRING_H 1
| #define HAVE_MEMORY_H 1
| #define HAVE_STRINGS_H 1
| #define HAVE_INTTYPES_H 1
| #define HAVE_STDINT_H 1
| #define HAVE_UNISTD_H 1
| #define HAVE_TCLAP_CMDLINE_H 1
| #define HAVE_POTRACELIB_H 1
| #define HAVE_PGM2ASC_H 1
| #define HAVE_PGM2ASC_H 1
| #define HAVE_OCRADLIB_H 1
| #define HAVE_POPPLER_CPP_POPPLER_DOCUMENT_H 1
| /* end confdefs.h.  */
| #include <openbabel/alias.h>
configure:8066: result: no
configure:8066: checking for openbabel/alias.h
configure:8066: result: no
configure:8066: checking openbabel/stereo/tetrahedral.h usability
configure:8066: x86_64-w64-mingw32.static-g++ -c -g -O2 -I/usr/local/include/gocr -I/usr/local/include -I/workspaces/osra-build/osra-2.2.1/mxe/usr/x86_64-w64-mingw32.static/include conftest.cpp >&5
conftest.cpp:61:10: fatal error: openbabel/stereo/tetrahedral.h: No such file or directory
   61 | #include <openbabel/stereo/tetrahedral.h>
      |          ^~~~~~~~~~~~~~~~~~~~~~~~~~~~~~~~
compilation terminated.
configure:8066: $? = 1
configure: failed program was:
| /* confdefs.h */
| #define PACKAGE_NAME "osra"
| #define PACKAGE_TARNAME "osra"
| #define PACKAGE_VERSION "2.2.1"
| #define PACKAGE_STRING "osra 2.2.1"
| #define PACKAGE_BUGREPORT ""
| #define PACKAGE_URL ""
| #define HAVE_CXX17 1
| #define HAVE_NAMESPACES /**/
| #define HAVE_STL /**/
| #define STDC_HEADERS 1
| #define HAVE_SYS_TYPES_H 1
| #define HAVE_SYS_STAT_H 1
| #define HAVE_STDLIB_H 1
| #define HAVE_STRING_H 1
| #define HAVE_MEMORY_H 1
| #define HAVE_STRINGS_H 1
| #define HAVE_INTTYPES_H 1
| #define HAVE_STDINT_H 1
| #define HAVE_UNISTD_H 1
| #define HAVE_TCLAP_CMDLINE_H 1
| #define HAVE_POTRACELIB_H 1
| #define HAVE_PGM2ASC_H 1
| #define HAVE_PGM2ASC_H 1
| #define HAVE_OCRADLIB_H 1
| #define HAVE_POPPLER_CPP_POPPLER_DOCUMENT_H 1
| /* end confdefs.h.  */
| #include <stdio.h>
| #ifdef HAVE_SYS_TYPES_H
| # include <sys/types.h>
| #endif
| #ifdef HAVE_SYS_STAT_H
| # include <sys/stat.h>
| #endif
| #ifdef STDC_HEADERS
| # include <stdlib.h>
| # include <stddef.h>
| #else
| # ifdef HAVE_STDLIB_H
| #  include <stdlib.h>
| # endif
| #endif
| #ifdef HAVE_STRING_H
| # if !defined STDC_HEADERS && defined HAVE_MEMORY_H
| #  include <memory.h>
| # endif
| # include <string.h>
| #endif
| #ifdef HAVE_STRINGS_H
| # include <strings.h>
| #endif
| #ifdef HAVE_INTTYPES_H
| # include <inttypes.h>
| #endif
| #ifdef HAVE_STDINT_H
| # include <stdint.h>
| #endif
| #ifdef HAVE_UNISTD_H
| # include <unistd.h>
| #endif
| #include <openbabel/stereo/tetrahedral.h>
configure:8066: result: no
configure:8066: checking openbabel/stereo/tetrahedral.h presence
configure:8066: x86_64-w64-mingw32.static-g++ -E -I/usr/local/include/gocr -I/usr/local/include -I/workspaces/osra-build/osra-2.2.1/mxe/usr/x86_64-w64-mingw32.static/include conftest.cpp
conftest.cpp:28:10: fatal error: openbabel/stereo/tetrahedral.h: No such file or directory
   28 | #include <openbabel/stereo/tetrahedral.h>
      |          ^~~~~~~~~~~~~~~~~~~~~~~~~~~~~~~~
compilation terminated.
configure:8066: $? = 1
configure: failed program was:
| /* confdefs.h */
| #define PACKAGE_NAME "osra"
| #define PACKAGE_TARNAME "osra"
| #define PACKAGE_VERSION "2.2.1"
| #define PACKAGE_STRING "osra 2.2.1"
| #define PACKAGE_BUGREPORT ""
| #define PACKAGE_URL ""
| #define HAVE_CXX17 1
| #define HAVE_NAMESPACES /**/
| #define HAVE_STL /**/
| #define STDC_HEADERS 1
| #define HAVE_SYS_TYPES_H 1
| #define HAVE_SYS_STAT_H 1
| #define HAVE_STDLIB_H 1
| #define HAVE_STRING_H 1
| #define HAVE_MEMORY_H 1
| #define HAVE_STRINGS_H 1
| #define HAVE_INTTYPES_H 1
| #define HAVE_STDINT_H 1
| #define HAVE_UNISTD_H 1
| #define HAVE_TCLAP_CMDLINE_H 1
| #define HAVE_POTRACELIB_H 1
| #define HAVE_PGM2ASC_H 1
| #define HAVE_PGM2ASC_H 1
| #define HAVE_OCRADLIB_H 1
| #define HAVE_POPPLER_CPP_POPPLER_DOCUMENT_H 1
| /* end confdefs.h.  */
| #include <openbabel/stereo/tetrahedral.h>
configure:8066: result: no
configure:8066: checking for openbabel/stereo/tetrahedral.h
configure:8066: result: no
configure:8173: checking openbabel for openbabel/mol.h openbabel/obconversion.h openbabel/builder.h openbabel/alias.h openbabel/stereo/tetrahedral.h in /usr/include/openbabel3
configure:8176: CPPFLAGS="-I/usr/include/openbabel3 -I/usr/local/include/gocr -I/usr/local/include -I/workspaces/osra-build/osra-2.2.1/mxe/usr/x86_64-w64-mingw32.static/include" for custom location check
configure:8181: checking openbabel/mol.h usability
configure:8181: x86_64-w64-mingw32.static-g++ -c -g -O2 -I/usr/include/openbabel3 -I/usr/local/include/gocr -I/usr/local/include -I/workspaces/osra-build/osra-2.2.1/mxe/usr/x86_64-w64-mingw32.static/include conftest.cpp >&5
configure:8181: $? = 0
configure:8181: result: yes
configure:8181: checking openbabel/mol.h presence
configure:8181: x86_64-w64-mingw32.static-g++ -E -I/usr/include/openbabel3 -I/usr/local/include/gocr -I/usr/local/include -I/workspaces/osra-build/osra-2.2.1/mxe/usr/x86_64-w64-mingw32.static/include conftest.cpp
configure:8181: $? = 0
configure:8181: result: yes
configure:8181: checking for openbabel/mol.h
configure:8181: result: yes
configure:8181: checking openbabel/obconversion.h usability
configure:8181: x86_64-w64-mingw32.static-g++ -c -g -O2 -I/usr/include/openbabel3 -I/usr/local/include/gocr -I/usr/local/include -I/workspaces/osra-build/osra-2.2.1/mxe/usr/x86_64-w64-mingw32.static/include conftest.cpp >&5
configure:8181: $? = 0
configure:8181: result: yes
configure:8181: checking openbabel/obconversion.h presence
configure:8181: x86_64-w64-mingw32.static-g++ -E -I/usr/include/openbabel3 -I/usr/local/include/gocr -I/usr/local/include -I/workspaces/osra-build/osra-2.2.1/mxe/usr/x86_64-w64-mingw32.static/include conftest.cpp
configure:8181: $? = 0
configure:8181: result: yes
configure:8181: checking for openbabel/obconversion.h
configure:8181: result: yes
configure:8181: checking openbabel/builder.h usability
configure:8181: x86_64-w64-mingw32.static-g++ -c -g -O2 -I/usr/include/openbabel3 -I/usr/local/include/gocr -I/usr/local/include -I/workspaces/osra-build/osra-2.2.1/mxe/usr/x86_64-w64-mingw32.static/include conftest.cpp >&5
configure:8181: $? = 0
configure:8181: result: yes
configure:8181: checking openbabel/builder.h presence
configure:8181: x86_64-w64-mingw32.static-g++ -E -I/usr/include/openbabel3 -I/usr/local/include/gocr -I/usr/local/include -I/workspaces/osra-build/osra-2.2.1/mxe/usr/x86_64-w64-mingw32.static/include conftest.cpp
configure:8181: $? = 0
configure:8181: result: yes
configure:8181: checking for openbabel/builder.h
configure:8181: result: yes
configure:8181: checking openbabel/alias.h usability
configure:8181: x86_64-w64-mingw32.static-g++ -c -g -O2 -I/usr/include/openbabel3 -I/usr/local/include/gocr -I/usr/local/include -I/workspaces/osra-build/osra-2.2.1/mxe/usr/x86_64-w64-mingw32.static/include conftest.cpp >&5
configure:8181: $? = 0
configure:8181: result: yes
configure:8181: checking openbabel/alias.h presence
configure:8181: x86_64-w64-mingw32.static-g++ -E -I/usr/include/openbabel3 -I/usr/local/include/gocr -I/usr/local/include -I/workspaces/osra-build/osra-2.2.1/mxe/usr/x86_64-w64-mingw32.static/include conftest.cpp
configure:8181: $? = 0
configure:8181: result: yes
configure:8181: checking for openbabel/alias.h
configure:8181: result: yes
configure:8181: checking openbabel/stereo/tetrahedral.h usability
configure:8181: x86_64-w64-mingw32.static-g++ -c -g -O2 -I/usr/include/openbabel3 -I/usr/local/include/gocr -I/usr/local/include -I/workspaces/osra-build/osra-2.2.1/mxe/usr/x86_64-w64-mingw32.static/include conftest.cpp >&5
configure:8181: $? = 0
configure:8181: result: yes
configure:8181: checking openbabel/stereo/tetrahedral.h presence
configure:8181: x86_64-w64-mingw32.static-g++ -E -I/usr/include/openbabel3 -I/usr/local/include/gocr -I/usr/local/include -I/workspaces/osra-build/osra-2.2.1/mxe/usr/x86_64-w64-mingw32.static/include conftest.cpp
configure:8181: $? = 0
configure:8181: result: yes
configure:8181: checking for openbabel/stereo/tetrahedral.h
configure:8181: result: yes
configure:8227: checking limits.h usability
configure:8227: x86_64-w64-mingw32.static-g++ -c -g -O2 -I/usr/include/openbabel3 -I/usr/local/include/gocr -I/usr/local/include -I/workspaces/osra-build/osra-2.2.1/mxe/usr/x86_64-w64-mingw32.static/include conftest.cpp >&5
configure:8227: $? = 0
configure:8227: result: yes
configure:8227: checking limits.h presence
configure:8227: x86_64-w64-mingw32.static-g++ -E -I/usr/include/openbabel3 -I/usr/local/include/gocr -I/usr/local/include -I/workspaces/osra-build/osra-2.2.1/mxe/usr/x86_64-w64-mingw32.static/include conftest.cpp
configure:8227: $? = 0
configure:8227: result: yes
configure:8227: checking for limits.h
configure:8227: result: yes
configure:8241: x86_64-w64-mingw32.static-g++ -c -g -O2 -I/usr/include/openbabel3 -I/usr/local/include/gocr -I/usr/local/include -I/workspaces/osra-build/osra-2.2.1/mxe/usr/x86_64-w64-mingw32.static/include conftest.cpp >&5
configure:8241: $? = 0
configure:8263: checking float.h usability
configure:8263: x86_64-w64-mingw32.static-g++ -c -g -O2 -I/usr/include/openbabel3 -I/usr/local/include/gocr -I/usr/local/include -I/workspaces/osra-build/osra-2.2.1/mxe/usr/x86_64-w64-mingw32.static/include conftest.cpp >&5
configure:8263: $? = 0
configure:8263: result: yes
configure:8263: checking float.h presence
configure:8263: x86_64-w64-mingw32.static-g++ -E -I/usr/include/openbabel3 -I/usr/local/include/gocr -I/usr/local/include -I/workspaces/osra-build/osra-2.2.1/mxe/usr/x86_64-w64-mingw32.static/include conftest.cpp
configure:8263: $? = 0
configure:8263: result: yes
configure:8263: checking for float.h
configure:8263: result: yes
configure:8277: x86_64-w64-mingw32.static-g++ -c -g -O2 -I/usr/include/openbabel3 -I/usr/local/include/gocr -I/usr/local/include -I/workspaces/osra-build/osra-2.2.1/mxe/usr/x86_64-w64-mingw32.static/include conftest.cpp >&5
configure:8277: $? = 0
configure:8299: checking libgen.h usability
configure:8299: x86_64-w64-mingw32.static-g++ -c -g -O2 -I/usr/include/openbabel3 -I/usr/local/include/gocr -I/usr/local/include -I/workspaces/osra-build/osra-2.2.1/mxe/usr/x86_64-w64-mingw32.static/include conftest.cpp >&5
configure:8299: $? = 0
configure:8299: result: yes
configure:8299: checking libgen.h presence
configure:8299: x86_64-w64-mingw32.static-g++ -E -I/usr/include/openbabel3 -I/usr/local/include/gocr -I/usr/local/include -I/workspaces/osra-build/osra-2.2.1/mxe/usr/x86_64-w64-mingw32.static/include conftest.cpp
configure:8299: $? = 0
configure:8299: result: yes
configure:8299: checking for libgen.h
configure:8299: result: yes
configure:8313: x86_64-w64-mingw32.static-g++ -c -g -O2 -I/usr/include/openbabel3 -I/usr/local/include/gocr -I/usr/local/include -I/workspaces/osra-build/osra-2.2.1/mxe/usr/x86_64-w64-mingw32.static/include conftest.cpp >&5
conftest.cpp: In function 'int main()':
conftest.cpp:37:20: warning: ISO C++ forbids converting a string constant to 'char*' [-Wwrite-strings]
   37 |  char *a = dirname("");
      |                    ^~
configure:8313: $? = 0
configure:8335: checking math.h usability
configure:8335: x86_64-w64-mingw32.static-g++ -c -g -O2 -I/usr/include/openbabel3 -I/usr/local/include/gocr -I/usr/local/include -I/workspaces/osra-build/osra-2.2.1/mxe/usr/x86_64-w64-mingw32.static/include conftest.cpp >&5
configure:8335: $? = 0
configure:8335: result: yes
configure:8335: checking math.h presence
configure:8335: x86_64-w64-mingw32.static-g++ -E -I/usr/include/openbabel3 -I/usr/local/include/gocr -I/usr/local/include -I/workspaces/osra-build/osra-2.2.1/mxe/usr/x86_64-w64-mingw32.static/include conftest.cpp
configure:8335: $? = 0
configure:8335: result: yes
configure:8335: checking for math.h
configure:8335: result: yes
configure:8345: checking for -lm
configure:8382: x86_64-w64-mingw32.static-g++ -o conftest.exe -g -O2 -I/usr/include/openbabel3 -I/usr/local/include/gocr -I/usr/local/include -I/workspaces/osra-build/osra-2.2.1/mxe/usr/x86_64-w64-mingw32.static/include -L/usr/local/lib -L/workspaces/osra-build/osra-2.2.1/mxe/usr/x86_64-w64-mingw32.static/lib conftest.cpp -lm   >&5
configure:8382: $? = 0
configure:8437: result: yes
configure:8463: LIBS="-lm " after linking check succeeded
configure:8511: x86_64-w64-mingw32.static-g++ -c -g -O2 -I/usr/include/openbabel3 -I/usr/local/include/gocr -I/usr/local/include -I/workspaces/osra-build/osra-2.2.1/mxe/usr/x86_64-w64-mingw32.static/include conftest.cpp >&5
configure:8511: $? = 0
configure:8532: checking for -lpotrace
configure:8583: x86_64-w64-mingw32.static-g++ -o conftest.exe -g -O2 -I/usr/include/openbabel3 -I/usr/local/include/gocr -I/usr/local/include -I/workspaces/osra-build/osra-2.2.1/mxe/usr/x86_64-w64-mingw32.static/include -L/usr/local/lib -L/workspaces/osra-build/osra-2.2.1/mxe/usr/x86_64-w64-mingw32.static/lib conftest.cpp -lpotrace  -lm  >&5
In file included from conftest.cpp:36:
/workspaces/osra-build/osra-2.2.1/mxe/usr/x86_64-w64-mingw32.static/include/potracelib.h:24:13: error: too many decimal points in number
   24 | cp -r tclap-1.2.5/include/tclap/* osra-2.2.1/mxe/usr/x86_64-w64-mingw32.static/include/tclap/
      |             ^~~~~
/workspaces/osra-build/osra-2.2.1/mxe/usr/x86_64-w64-mingw32.static/include/potracelib.h:24:1: error: 'cp' does not name a type
   24 | cp -r tclap-1.2.5/include/tclap/* osra-2.2.1/mxe/usr/x86_64-w64-mingw32.static/include/tclap/
      | ^~
/workspaces/osra-build/osra-2.2.1/mxe/usr/x86_64-w64-mingw32.static/include/potracelib.h:45:22: error: field 'progress' has incomplete type 'potrace_progress_t' {aka 'potrace_progress_s'}
   45 |   potrace_progress_t progress; /* progress callback function */
      |                      ^~~~~~~~
/workspaces/osra-build/osra-2.2.1/mxe/usr/x86_64-w64-mingw32.static/include/potracelib.h:36:16: note: forward declaration of 'potrace_progress_t' {aka 'struct potrace_progress_s'}
   36 | typedef struct potrace_progress_s potrace_progress_t;
      |                ^~~~~~~~~~~~~~~~~~
configure:8583: $? = 1
configure: failed program was:
| /* confdefs.h */
| #define PACKAGE_NAME "osra"
| #define PACKAGE_TARNAME "osra"
| #define PACKAGE_VERSION "2.2.1"
| #define PACKAGE_STRING "osra 2.2.1"
| #define PACKAGE_BUGREPORT ""
| #define PACKAGE_URL ""
| #define HAVE_CXX17 1
| #define HAVE_NAMESPACES /**/
| #define HAVE_STL /**/
| #define STDC_HEADERS 1
| #define HAVE_SYS_TYPES_H 1
| #define HAVE_SYS_STAT_H 1
| #define HAVE_STDLIB_H 1
| #define HAVE_STRING_H 1
| #define HAVE_MEMORY_H 1
| #define HAVE_STRINGS_H 1
| #define HAVE_INTTYPES_H 1
| #define HAVE_STDINT_H 1
| #define HAVE_UNISTD_H 1
| #define HAVE_TCLAP_CMDLINE_H 1
| #define HAVE_POTRACELIB_H 1
| #define HAVE_PGM2ASC_H 1
| #define HAVE_PGM2ASC_H 1
| #define HAVE_OCRADLIB_H 1
| #define HAVE_POPPLER_CPP_POPPLER_DOCUMENT_H 1
| #define HAVE_OPENBABEL_MOL_H 1
| #define HAVE_OPENBABEL_OBCONVERSION_H 1
| #define HAVE_OPENBABEL_BUILDER_H 1
| #define HAVE_OPENBABEL_ALIAS_H 1
| #define HAVE_OPENBABEL_STEREO_TETRAHEDRAL_H 1
| #define HAVE_LIBM 1
| /* end confdefs.h.  */
| 
| 	extern "C" {
| 	#include <potracelib.h>
| 	}
| 
| int
| main ()
| {
| 
| 	potrace_state_t state;
| 	potrace_param_t param;
| 	potrace_bitmap_t bitmap;
| 	potrace_path_t path;
| 	potrace_dpoint_t dpoint;
| 
| 	potrace_trace(&param, &bitmap);
| 	potrace_state_free(&state);
| 	potrace_param_default();
| 
|   ;
|   return 0;
| }
configure:8652: result: no
configure:8689: error: POTRACE API check failed; make sure you have installed libpotrace-dev package or check config.log

## ---------------- ##
## Cache variables. ##
## ---------------- ##

ac_cv_build=x86_64-unknown-linux-gnu
ac_cv_cxx_compiler_gnu=yes
ac_cv_cxx_have_stl=yes
ac_cv_cxx_namespaces=yes
ac_cv_env_CCC_set=
ac_cv_env_CCC_value=
ac_cv_env_CPPFLAGS_set=set
ac_cv_env_CPPFLAGS_value=-I/workspaces/osra-build/osra-2.2.1/mxe/usr/x86_64-w64-mingw32.static/include
ac_cv_env_CXXCPP_set=
ac_cv_env_CXXCPP_value=
ac_cv_env_CXXFLAGS_set=
ac_cv_env_CXXFLAGS_value=
ac_cv_env_CXX_set=set
ac_cv_env_CXX_value=x86_64-w64-mingw32.static-g++
ac_cv_env_LDFLAGS_set=set
ac_cv_env_LDFLAGS_value=-L/workspaces/osra-build/osra-2.2.1/mxe/usr/x86_64-w64-mingw32.static/lib
ac_cv_env_LIBS_set=
ac_cv_env_LIBS_value=
ac_cv_env_build_alias_set=
ac_cv_env_build_alias_value=
ac_cv_env_host_alias_set=set
ac_cv_env_host_alias_value=x86_64-w64-mingw32.static
ac_cv_env_target_alias_set=
ac_cv_env_target_alias_value=
ac_cv_exeext=.exe
ac_cv_header_float_h=yes
ac_cv_header_inttypes_h=yes
ac_cv_header_libgen_h=yes
ac_cv_header_limits_h=yes
ac_cv_header_math_h=yes
ac_cv_header_memory_h=yes
ac_cv_header_ocradlib_h=yes
ac_cv_header_openbabel_alias_h=yes
ac_cv_header_openbabel_builder_h=yes
ac_cv_header_openbabel_mol_h=yes
ac_cv_header_openbabel_obconversion_h=yes
ac_cv_header_openbabel_stereo_tetrahedral_h=yes
ac_cv_header_pgm2asc_h=yes
ac_cv_header_poppler_cpp_poppler_document_h=yes
ac_cv_header_potracelib_h=yes
ac_cv_header_stdc=yes
ac_cv_header_stdint_h=yes
ac_cv_header_stdlib_h=yes
ac_cv_header_string_h=yes
ac_cv_header_strings_h=yes
ac_cv_header_sys_stat_h=yes
ac_cv_header_sys_types_h=yes
ac_cv_header_tclap_CmdLine_h=yes
ac_cv_header_unistd_h=yes
ac_cv_lib_m=yes
ac_cv_lib_ocrad_ocrad_analyze=yes
ac_cv_lib_potrace=no
ac_cv_lib_potrace_potrace_version=yes
ac_cv_objext=o
ac_cv_path_AR=/usr/bin/ar
ac_cv_path_EGREP='/usr/bin/grep -E'
ac_cv_path_GREP=/usr/bin/grep
ac_cv_path_LD=/usr/bin/ld
ac_cv_path_RM=/usr/bin/rm
ac_cv_path_install='/usr/bin/install -c'
ac_cv_prog_CXXCPP='x86_64-w64-mingw32.static-g++ -E'
ac_cv_prog_RANLIB=x86_64-w64-mingw32.static-ranlib
ac_cv_prog_cxx_g=yes
ac_cv_prog_cxx_openmp=-fopenmp
ax_cv_cxx_compile_cxx17=yes

## ----------------- ##
## Output variables. ##
## ----------------- ##

AR='/usr/bin/ar'
CPPFLAGS='-I/usr/include/openbabel3 -I/usr/local/include/gocr -I/usr/local/include -I/workspaces/osra-build/osra-2.2.1/mxe/usr/x86_64-w64-mingw32.static/include'
CXX='x86_64-w64-mingw32.static-g++'
CXXCPP='x86_64-w64-mingw32.static-g++ -E'
CXXFLAGS='-g -O2'
DEFS=''
ECHO_C=''
ECHO_N='-n'
ECHO_T=''
EGREP='/usr/bin/grep -E'
EXEEXT='.exe'
GRAPHICS_MAGICK_CONFIG=''
GREP='/usr/bin/grep'
HAVE_CXX17='1'
INSTALL_DATA='${INSTALL} -m 644'
INSTALL_PROGRAM='${INSTALL} -s'
INSTALL_SCRIPT='${INSTALL}'
LD='/usr/bin/ld'
LDFLAGS='-L/usr/local/lib -L/workspaces/osra-build/osra-2.2.1/mxe/usr/x86_64-w64-mingw32.static/lib'
LDSHAREDFLAGS=''
LIBOBJS=''
LIBS='-lm '
LIB_MAJOR_VERSION='2'
LIB_MINOR_VERSION='1'
LIB_PATCH_VERSION=''
LN_S='ln -s'
LTLIBOBJS=''
NATURALDOCS=''
OBJEXT='o'
OPENMP_CXXFLAGS='-fopenmp'
OSRA_JAVA=''
OSRA_LIB=''
PACKAGE_BUGREPORT=''
PACKAGE_NAME='osra'
PACKAGE_STRING='osra 2.2.1'
PACKAGE_TARNAME='osra'
PACKAGE_URL=''
PACKAGE_VERSION='2.2.1'
PACKAGE_VERSION_WITH_DASHES=''
PATH_SEPARATOR=':'
RANLIB='x86_64-w64-mingw32.static-ranlib'
RM='/usr/bin/rm'
SHAREDEXT=''
SHELL='/bin/bash'
TESSERACT_LIB=''
XSLTPROC=''
ac_ct_CXX=''
bindir='${exec_prefix}/bin'
build='x86_64-unknown-linux-gnu'
build_alias=''
build_cpu='x86_64'
build_os='linux'
build_vendor='unknown'
datadir='${datarootdir}'
datarootdir='${prefix}/share'
docdir='${datarootdir}/doc/${PACKAGE_TARNAME}'
dvidir='${docdir}'
exec_prefix='NONE'
host_alias='x86_64-w64-mingw32.static'
htmldir='${docdir}'
includedir='${prefix}/include'
infodir='${datarootdir}/info'
libdir='${exec_prefix}/lib'
libexecdir='${exec_prefix}/libexec'
localedir='${datarootdir}/locale'
localstatedir='${prefix}/var'
mandir='${datarootdir}/man'
oldincludedir='/usr/include'
osra_lib_gocr='yes'
pdfdir='${docdir}'
prefix='NONE'
program_transform_name='s,x,x,'
psdir='${docdir}'
resolved_datadir=''
runstatedir='${localstatedir}/run'
sbindir='${exec_prefix}/sbin'
sharedstatedir='${prefix}/com'
sysconfdir='${prefix}/etc'
target_alias=''

## ----------- ##
## confdefs.h. ##
## ----------- ##

/* confdefs.h */
#define PACKAGE_NAME "osra"
#define PACKAGE_TARNAME "osra"
#define PACKAGE_VERSION "2.2.1"
#define PACKAGE_STRING "osra 2.2.1"
#define PACKAGE_BUGREPORT ""
#define PACKAGE_URL ""
#define HAVE_CXX17 1
#define HAVE_NAMESPACES /**/
#define HAVE_STL /**/
#define STDC_HEADERS 1
#define HAVE_SYS_TYPES_H 1
#define HAVE_SYS_STAT_H 1
#define HAVE_STDLIB_H 1
#define HAVE_STRING_H 1
#define HAVE_MEMORY_H 1
#define HAVE_STRINGS_H 1
#define HAVE_INTTYPES_H 1
#define HAVE_STDINT_H 1
#define HAVE_UNISTD_H 1
#define HAVE_TCLAP_CMDLINE_H 1
#define HAVE_POTRACELIB_H 1
#define HAVE_PGM2ASC_H 1
#define HAVE_PGM2ASC_H 1
#define HAVE_OCRADLIB_H 1
#define HAVE_POPPLER_CPP_POPPLER_DOCUMENT_H 1
#define HAVE_OPENBABEL_MOL_H 1
#define HAVE_OPENBABEL_OBCONVERSION_H 1
#define HAVE_OPENBABEL_BUILDER_H 1
#define HAVE_OPENBABEL_ALIAS_H 1
#define HAVE_OPENBABEL_STEREO_TETRAHEDRAL_H 1
#define HAVE_LIBM 1

configure: exit 1
